I/Telecom ( 1449): InCallController: onCallRemoved: [28993655, DISCONNECTED, null, *************, 0, childs(0), has_parent(false), [[Capabilities: SUPPORT_HOLD MUTE]], true, ComponentInfo{com.android.phone/com.android.services.telephony.TelephonyConnectionService}, 1 0]
I/Telecom ( 1449): InCallController: Unbinding from InCallService %s
I/Telecom ( 1449): InCallController: Unbinding from InCallService %s
I/Telecom ( 1449): PhoneStateBroadcaster: Broadcasted state change: 0
D/Telecom ( 1449): AsyncRingtonePlayer: Posting stop.
D/Telecom ( 1449): AsyncRingtonePlayer: Message 2 skipped because there is no handler.
I/Telecom ( 1449): ProximitySensorManager: Releasing proximity wake lock
I/Telecom ( 1449): CallsManager: updateLchStatus subInConversation: null
I/Telecom ( 1449): CallsManager: setActiveSubscription = null
I/Telecom ( 1449): CallsManager:  entered manageMSimInCallTones 
W/Telecom ( 1449): ProximitySensorManager: Asking to turn on prox sensor without a call? I don't think so.
W/Telecom ( 1449): ProximitySensorManager: Asking to turn on prox sensor without a call? I don't think so.
I/Telecom ( 1449): InCallAdapterHandler: MSG_SET_SWITCH_SUBSCRIPTION sub: null, lchState: false
W/ResourcesManager(17370): Asset path '/system/framework/com.android.media.remotedisplay.jar' does not exist or contains no resources.
W/ResourcesManager(17370): Asset path '/system/framework/com.android.location.provider.jar' does not exist or contains no resources.
E/ActivityManager(  760): Invalid thumbnail dimensions: 576x576
W/InputMethodManagerService(  760): Window already focused, ignoring focus gain of: com.android.internal.view.IInputMethodClient$Stub$Proxy@24159276 attribute=null, token = android.os.BinderProxy@34925a65
I/Telecom ( 1449): InCallAdapterHandler: MSG_SET_SWITCH_SUBSCRIPTION sub: null, lchState: false
I/ActivityManager(  760): START u0 {flg=0x10000000 cmp=com.anydo/.activity.AnydoNotificationsActivity (has extras)} from uid 10143 on display 0
W/ActivityThread(15453): ClassLoader.loadClass: The class loader returned by Thread.getContextClassLoader() may fail for processes that host multiple applications. You should explicitly specify a context class loader. For example: Thread.setContextClassLoader(getClass().getClassLoader());
I/ValidateNoPeople(  760): skipping global notification
I/ValidateNoPeople(  760): skipping global notification
W/ActivityManager(  760): getTasks: caller 10171 does not hold GET_TASKS; limiting output
I/ValidateNoPeople(  760): skipping global notification
D/TaskPersister(  760): removeObsoleteFile: deleting file=360_task_thumbnail.png
W/ActivityManager(  760): getTasks: caller 10171 does not hold GET_TASKS; limiting output
W/ActivityManager(  760): getTasks: caller 10171 does not hold GET_TASKS; limiting output
W/ActivityManager(  760): getTasks: caller 10171 does not hold GET_TASKS; limiting output
W/ResourcesManager( 1391): Asset path '/system/framework/com.google.android.media.effects.jar' does not exist or contains no resources.
W/ResourcesManager(13881): Asset path '/system/framework/com.google.android.media.effects.jar' does not exist or contains no resources.
I/ActivityManager(  760): Start proc com.twitter.android for broadcast com.twitter.android/.client.SmsReceiver: pid=17592 uid=10135 gids={50135, 9997, 3003, 1028, 1015} abi=armeabi-v7a
W/ActivityManager(  760): getTasks: caller 10122 does not hold GET_TASKS; limiting output
E/NotificationService(  760): Not posting notification with icon==0: Notification(pri=2 contentView=null vibrate=null sound=null defaults=0x0 flags=0x0 color=0x00000000 groupKey=group_key_new_message vis=PRIVATE)
E/NotificationService(  760): WARNING: In a future release this will crash the app: com.jb.gosms
W/ActivityManager(  760): getTasks: caller 10122 does not hold GET_TASKS; limiting output
I/ActivityManager(  760): START u0 {flg=0x10800000 cmp=com.jb.gosms/.smspopup.SmsPopupActivity (has extras)} from uid 10122 on display 0
W/ActivityManager(  760): Unable to start service Intent { act=com.twitter.intent.action.GET_OEM cmp=com.twitter.twitteroemhelper/.OemHelperService } U=0: not found
W/ActivityManager(  760): getTasks: caller 10171 does not hold GET_TASKS; limiting output
I/ActivityManager(  760): Killing 15678:com.cleanmaster.mguard/u0a130 (adj 15): empty #17
W/libprocessgroup(  760): failed to open /acct/uid_10130/pid_15678/cgroup.procs: No such file or directory
W/ActivityManager(  760): getTasks: caller 10171 does not hold GET_TASKS; limiting output
I/ActivityManager(  760): START u0 {act=android.intent.action.CALL dat=tel:xxxxxxxxxxxxx cmp=com.android.server.telecom/.CallActivity} from uid 10122 on display 0
D/Telecom ( 1449): CallActivity: processOutgoingCallIntent videoState = 0
D/Telecom ( 1449): com.android.server.telecom.CallReceiver: isConferenceUri = false
D/Telecom ( 1449): com.android.server.telecom.CallReceiver: isAddparticipant = false
D/Telecom ( 1449): com.android.server.telecom.CallReceiver: isSkipSchemaParsing = false
D/Telecom ( 1449): Call: maybeLoadCannedSmsResponses: doing nothing
I/Telecom ( 1449): Call: setTargetPhoneAccount  ComponentInfo{com.android.phone/com.android.services.telephony.TelephonyConnectionService}, 1 
D/Telecom ( 1449): Call: maybeLoadCannedSmsResponses: doing nothing
I/Telecom ( 1449): InCallController: Attempting to bind to InCall com.android.dialer, is dupe? false 
I/Telecom ( 1449): InCallController: Attempting to bind to InCall com.google.android.gms, is dupe? false 
I/Telecom ( 1449): CallAudioManager: updateAudioStreamAndMode, mIsRinging: false, mIsTonePlaying: false
I/Telecom ( 1449): CallAudioManager: updateAudioStreamAndMode, mIsRinging: false, mIsTonePlaying: false
I/Telecom ( 1449): CallAudioManager: requestAudioFocusAndSetMode, stream: -1 -> 0
D/Telecom ( 1449): CallAudioManager: SetMode Done
I/Telecom ( 1449): CallAudioManager: changing audio state from [AudioState isMuted: false, route: EARPIECE, supportedRouteMask: EARPIECE, SPEAKER] to [AudioState isMuted: false, route: EARPIECE, supportedRouteMask: EARPIECE, SPEAKER]
D/Telecom ( 1449): NewOutgoingCallIntentBroadcaster: processAddParticipant return = false
D/Telecom ( 1449): NewOutgoingCallIntentBroadcaster: No provider extras found in call intent.
W/BroadcastQueue(  760): Permission Denial: receiving Intent { act=android.intent.action.NEW_OUTGOING_CALL flg=0x10000010 (has extras) } to ProcessRecord{1d846796 2875:com.cleanmaster.mguard:service/u0a130} (pid=2875, uid=10130) requires android.permission.PROCESS_OUTGOING_CALLS due to sender com.android.server.telecom (uid 1001)
I/ActivityManager(  760): Start proc com.android.dialer for broadcast com.android.dialer/.interactions.UndemoteOutgoingCallReceiver: pid=17691 uid=10011 gids={50011, 9997, 3003, 1028, 1015} abi=armeabi-v7a
E/ActivityManager(  760): Invalid thumbnail dimensions: 576x576
D/Telecom ( 1449): CallActivity: onCreate: end
D/Telecom ( 1449): InCallServiceConnection: onServiceConnected: ComponentInfo{com.google.android.gms/com.google.android.gms.car.InCallServiceImpl}
I/Telecom ( 1449): InCallController: onConnected to ComponentInfo{com.google.android.gms/com.google.android.gms.car.InCallServiceImpl}
I/Telecom ( 1449): InCallController: Adding 1 calls to InCallService after onConnected: ComponentInfo{com.google.android.gms/com.google.android.gms.car.InCallServiceImpl}
I/Telecom ( 1449): InCallController: addCall after binding: [100405509, CONNECTING, null, *************, 0, childs(0), has_parent(false), [[Capabilities:]], false, ComponentInfo{com.android.phone/com.android.services.telephony.TelephonyConnectionService}, 1 0]
I/Telecom ( 1449): InCallController: Calling onAudioStateChanged, audioState: null -> [AudioState isMuted: false, route: EARPIECE, supportedRouteMask: EARPIECE, SPEAKER]
D/Telecom ( 1449): InCallServiceConnection: onServiceConnected: ComponentInfo{com.android.dialer/com.android.incallui.InCallServiceImpl}
I/Telecom ( 1449): InCallController: onConnected to ComponentInfo{com.android.dialer/com.android.incallui.InCallServiceImpl}
I/Telecom ( 1449): InCallController: Adding 1 calls to InCallService after onConnected: ComponentInfo{com.android.dialer/com.android.incallui.InCallServiceImpl}
I/Telecom ( 1449): InCallController: addCall after binding: [100405509, CONNECTING, null, *************, 0, childs(0), has_parent(false), [[Capabilities:]], false, ComponentInfo{com.android.phone/com.android.services.telephony.TelephonyConnectionService}, 1 0]
I/ActivityManager(  760): START u0 {act=android.intent.action.MAIN flg=0x10840000 cmp=com.android.dialer/com.android.incallui.InCallActivity (has extras)} from uid 10011 on display 0
I/Telecom ( 1449): InCallController: Calling onAudioStateChanged, audioState: null -> [AudioState isMuted: false, route: EARPIECE, supportedRouteMask: EARPIECE, SPEAKER]
I/Telecom ( 1449): Call: CallerInfo received for *************: com.android.internal.telephony.CallerInfo@14b1b881 { name non-null, phoneNumber non-null }
D/Telecom ( 1449): Call: Searching person uri content://com.android.contacts/display_photo/13 for call [100405509, CONNECTING, null, *************, 0, childs(0), has_parent(false), [[Capabilities:]], false, ComponentInfo{com.android.phone/com.android.services.telephony.TelephonyConnectionService}, 1 0]
D/Telecom ( 1449): ContactsAsyncHelper: Begin loading image: content://com.android.contacts/display_photo/13, displaying default image for now.
D/Telecom ( 1449): WorkerHandler: Loading image: 1 token: 1 image URI: content://com.android.contacts/display_photo/13
I/Telecom ( 1449): ProximitySensorManager: Proximity wake lock already released
D/Telecom ( 1449): : Notifying listener: com.android.server.telecom.ContactsAsyncHelper$OnImageLoadCompleteListener@272f41a5 image: content://com.android.contacts/display_photo/13 completed
I/Telecom ( 1449): CallsManager: Creating a new outgoing call with handle: *************
I/Telecom ( 1449): CallsManager: updateLchStatus subInConversation: 1
I/Telecom ( 1449): CreateConnectionProcessor: Trying attempt CallAttemptRecord(ComponentInfo{com.android.phone/com.android.services.telephony.TelephonyConnectionService}, 1,ComponentInfo{com.android.phone/com.android.services.telephony.TelephonyConnectionService}, 1)
I/Telecom ( 1449): CreateConnectionProcessor: Attempting to call from ComponentInfo{com.android.phone/com.android.services.telephony.TelephonyConnectionService}
D/Telecom ( 1449): ConnectionServiceWrapper: createConnection([100405509, CONNECTING, com.android.phone/com.android.services.telephony.TelephonyConnectionService, *************, 0, childs(0), has_parent(false), [[Capabilities:]], false, ComponentInfo{com.android.phone/com.android.services.telephony.TelephonyConnectionService}, 1 0]) via ComponentInfo{com.android.phone/com.android.services.telephony.TelephonyConnectionService}.
D/Telecom ( 1449): ConnectionServiceWrapper: bind()
D/Telecom ( 1449): ConnectionServiceWrapper: Binding to service with intent: Intent { act=android.telecom.ConnectionService cmp=com.android.phone/com.android.services.telephony.TelephonyConnectionService }
I/Telecom ( 1449): ProximitySensorManager: Proximity wake lock already released
I/Telecom ( 1449): ServiceBinderConnection: Service bound ComponentInfo{com.android.phone/com.android.services.telephony.TelephonyConnectionService}
D/Telecom ( 1449): ConnectionServiceWrapper: Telecom -> ConnectionService: addConnectionServiceAdapter com.android.server.telecom.ConnectionServiceWrapper$Adapter@23275714
D/Telecom ( 1449): ConnectionServiceWrapper: ConnectionService -> Telecom: queryRemoteCSs
D/Telecom ( 1449): ConnectionServiceWrapper: queryRemoteConnectionServices finds simCallManager = null
D/Telecom ( 1449): ConnectionServiceWrapper: ConnectionService -> Telecom: handleCreateConnectionComplete ConnectionRequest xxxxxxxxxxxxxxxxxxx Bundle[EMPTY_PARCEL]
I/Telecom ( 1449): CallAudioManager: updateAudioStreamAndMode, mIsRinging: false, mIsTonePlaying: false
I/Telecom ( 1449): CallAudioManager: requestAudioFocusAndSetMode, stream: 0 -> 0
I/Telecom ( 1449): CallsManager: setCallState CONNECTING -> CONNECTING, call: [100405509, CONNECTING, com.android.phone/com.android.services.telephony.TelephonyConnectionService, *************, 0, childs(0), has_parent(false), [[Capabilities: SUPPORT_HOLD MUTE]], false, ComponentInfo{com.android.phone/com.android.services.telephony.TelephonyConnectionService}, 1 0]
I/Telecom ( 1449): CallsManager:  entered manageMSimInCallTones 
I/Telecom ( 1449): CallsManager: setCallState CONNECTING -> DIALING, call: [100405509, CONNECTING, com.android.phone/com.android.services.telephony.TelephonyConnectionService, *************, 0, childs(0), has_parent(false), [[Capabilities: SUPPORT_HOLD MUTE]], false, ComponentInfo{com.android.phone/com.android.services.telephony.TelephonyConnectionService}, 1 0]
D/Telecom ( 1449): Call: maybeLoadCannedSmsResponses: doing nothing
I/Telecom ( 1449): PhoneStateBroadcaster: Broadcasted state change: 2
I/Telecom ( 1449): CallAudioManager: updateAudioStreamAndMode, mIsRinging: false, mIsTonePlaying: false
I/Telecom ( 1449): CallAudioManager: requestAudioFocusAndSetMode, stream: 0 -> 0
D/Telecom ( 1449): AsyncRingtonePlayer: Posting stop.
D/Telecom ( 1449): AsyncRingtonePlayer: Message 2 skipped because there is no handler.
I/Telecom ( 1449): CallsManager:  entered manageMSimInCallTones 
I/Telecom ( 1449): CallsManager: setActiveSubscription = 1
W/ResourcesManager(17370): Asset path '/system/framework/com.android.media.remotedisplay.jar' does not exist or contains no resources.
W/ResourcesManager(17370): Asset path '/system/framework/com.android.location.provider.jar' does not exist or contains no resources.
D/Telecom ( 1449): ConnectionServiceWrapper: ConnectionService -> Telecom: setConferenceableConnections ConnectionService@84 []
D/Telecom ( 1449): ConnectionServiceWrapper: ConnectionService -> Telecom: setDialing ConnectionService@84
I/Telecom ( 1449): CallsManager: setCallState DIALING -> DIALING, call: [100405509, DIALING, com.android.phone/com.android.services.telephony.TelephonyConnectionService, *************, 0, childs(0), has_parent(false), [[Capabilities: SUPPORT_HOLD MUTE]], false, ComponentInfo{com.android.phone/com.android.services.telephony.TelephonyConnectionService}, 1 0]
I/Telecom ( 1449): CallsManager:  entered manageMSimInCallTones 
I/Telecom ( 1449): CallsManager: setActiveSubscription = 1
I/Telecom ( 1449): ProximitySensorManager: Acquiring proximity wake lock
D/WifiService(  760): acquireWifiLockLocked: WifiLock{NlpWifiLock type=2 binder=android.os.BinderProxy@490b6c6}
I/Telecom ( 1449): ProximitySensorManager: Proximity wake lock already acquired
D/WifiService(  760): releaseWifiLockLocked: WifiLock{NlpWifiLock type=2 binder=android.os.BinderProxy@490b6c6}
D/TaskPersister(  760): removeObsoleteFile: deleting file=361_task_thumbnail.png
W/ActivityManager(  760): getTasks: caller 10171 does not hold GET_TASKS; limiting output
W/InputMethodManagerService(  760): Window already focused, ignoring focus gain of: com.android.internal.view.IInputMethodClient$Stub$Proxy@2fd811 attribute=null, token = android.os.BinderProxy@156d2b6d
W/ActivityManager(  760): getTasks: caller 10171 does not hold GET_TASKS; limiting output
W/ActivityManager(  760): Launch timeout has expired, giving up wake lock!
W/ActivityManager(  760): getTasks: caller 10171 does not hold GET_TASKS; limiting output
D/Telecom ( 1449): ConnectionServiceWrapper: ConnectionService -> Telecom: setConferenceableConnections ConnectionService@84 []
D/Telecom ( 1449): ConnectionServiceWrapper: ConnectionService -> Telecom: setActive ConnectionService@84
I/Telecom ( 1449): CallsManager: setCallState DIALING -> ACTIVE, call: [100405509, DIALING, com.android.phone/com.android.services.telephony.TelephonyConnectionService, *************, 0, childs(0), has_parent(false), [[Capabilities: SUPPORT_HOLD MUTE]], false, ComponentInfo{com.android.phone/com.android.services.telephony.TelephonyConnectionService}, 1 0]
D/Telecom ( 1449): Call: maybeLoadCannedSmsResponses: doing nothing
I/Telecom ( 1449): CallAudioManager: updateAudioStreamAndMode, mIsRinging: false, mIsTonePlaying: false
I/Telecom ( 1449): CallAudioManager: requestAudioFocusAndSetMode, stream: 0 -> 0
D/Telecom ( 1449): ConnectionServiceWrapper: ConnectionService -> Telecom: setCallCapabilities ConnectionService@84 12355
D/Telecom ( 1449): AsyncRingtonePlayer: Posting stop.
D/Telecom ( 1449): AsyncRingtonePlayer: Message 2 skipped because there is no handler.
I/Telecom ( 1449): CallsManager:  entered manageMSimInCallTones 
I/Telecom ( 1449): ProximitySensorManager: Proximity wake lock already acquired
I/Telecom ( 1449): ProximitySensorManager: Proximity wake lock already acquired
W/PowerManagerService(  760): The proximity sensor took too long, wake event already triggered!
I/DisplayManagerService(  760): Display device changed: DisplayDeviceInfo{"Built-in Screen": 1080 x 1920, 63.0 fps, supportedRefreshRates [63.0], density 480, 403.411 x 403.041 dpi, appVsyncOff 7500000, presDeadline 11873016, touch INTERNAL, rotation 0, type BUILT_IN, state OFF, FLAG_DEFAULT_DISPLAY, FLAG_ROTATES_WITH_CONTENT, FLAG_SECURE, FLAG_SUPPORTS_PROTECTED_BUFFERS}
V/ActivityManager(  760): Display changed displayId=0
W/ActivityManager(  760): getTasks: caller 10171 does not hold GET_TASKS; limiting output
D/WifiService(  760): acquireWifiLockLocked: WifiLock{NlpWifiLock type=2 binder=android.os.BinderProxy@62c7849}
D/WifiService(  760): releaseWifiLockLocked: WifiLock{NlpWifiLock type=2 binder=android.os.BinderProxy@62c7849}
W/ActivityManager(  760): getTasks: caller 10171 does not hold GET_TASKS; limiting output
I/ActivityManager(  760): Start proc com.android.deskclock for broadcast com.android.deskclock/com.android.alarmclock.DigitalAppWidgetProvider: pid=17746 uid=10049 gids={50049, 9997, 1028, 3003} abi=armeabi-v7a
I/ActivityManager(  760): Killing 15809:com.estrongs.android.pop/u0a129 (adj 15): empty #17
I/libprocessgroup(  760): Killing pid 15835 in uid 10129 as part of process group 15809
I/libprocessgroup(  760): Killing pid 15835 in uid 10129 as part of process group 15809
I/libprocessgroup(  760): Killing pid 15835 in uid 10129 as part of process group 15809
I/libprocessgroup(  760): Killing pid 15835 in uid 10129 as part of process group 15809
E/WifiService(  760): Multicaster binderDied
D/WifiService(  760): Client connection lost with reason: 4
W/libprocessgroup(  760): failed to open /acct/uid_10129/pid_15809/cgroup.procs: No such file or directory
W/ActivityManager(  760): SLOW OOM ADJ: 2855ms for pid 1916 = 2
I/ValidateNoPeople(  760): Validating: 0|com.viber.voip|-1003|message|10132
I/ValidateNoPeople(  760): Executing: validation for: 0|com.viber.voip|-1003|message|10132
D/ZenLog  (  760): disable_effects: 0|com.viber.voip|-1003|message|10132,callState
W/ResourcesManager( 1137): Asset path '/system/framework/com.google.android.maps.jar' does not exist or contains no resources.
I/ValidateNoPeople(  760): final affinity: 0.5
W/ActivityManager(  760): getTasks: caller 10171 does not hold GET_TASKS; limiting output
D/ConnectivityService(  760): updateNetworkScore for NetworkAgentInfo [WIFI () - 140] to 56
D/ConnectivityService(  760): rematching NetworkAgentInfo [WIFI () - 140]
D/ConnectivityService(  760): Network NetworkAgentInfo [WIFI () - 140] was already satisfying request 1. No change.
D/ConnectivityService(  760): notifyType AVAILABLE for NetworkAgentInfo [WIFI () - 140]
W/ActivityManager(  760): getTasks: caller 10171 does not hold GET_TASKS; limiting output
D/WifiService(  760): acquireWifiLockLocked: WifiLock{NlpWifiLock type=2 binder=android.os.BinderProxy@62c7849}
D/WifiService(  760): releaseWifiLockLocked: WifiLock{NlpWifiLock type=2 binder=android.os.BinderProxy@62c7849}
W/ActivityManager(  760): getTasks: caller 10171 does not hold GET_TASKS; limiting output
D/ConnectivityService(  760): updateNetworkScore for NetworkAgentInfo [WIFI () - 140] to 60
D/ConnectivityService(  760): rematching NetworkAgentInfo [WIFI () - 140]
D/ConnectivityService(  760): Network NetworkAgentInfo [WIFI () - 140] was already satisfying request 1. No change.
D/ConnectivityService(  760): notifyType AVAILABLE for NetworkAgentInfo [WIFI () - 140]
W/ActivityManager(  760): getTasks: caller 10171 does not hold GET_TASKS; limiting output
D/WifiService(  760): acquireWifiLockLocked: WifiLock{NlpWifiLock type=2 binder=android.os.BinderProxy@1d00bbdc}
D/WifiService(  760): releaseWifiLockLocked: WifiLock{NlpWifiLock type=2 binder=android.os.BinderProxy@1d00bbdc}
D/ConnectivityService(  760): updateNetworkScore for NetworkAgentInfo [WIFI () - 140] to 56
D/ConnectivityService(  760): rematching NetworkAgentInfo [WIFI () - 140]
D/ConnectivityService(  760): Network NetworkAgentInfo [WIFI () - 140] was already satisfying request 1. No change.
D/ConnectivityService(  760): notifyType AVAILABLE for NetworkAgentInfo [WIFI () - 140]
W/ActivityManager(  760): getTasks: caller 10171 does not hold GET_TASKS; limiting output
D/WifiService(  760): acquireWifiLockLocked: WifiLock{NlpWifiLock type=2 binder=android.os.BinderProxy@1d00bbdc}
D/WifiService(  760): releaseWifiLockLocked: WifiLock{NlpWifiLock type=2 binder=android.os.BinderProxy@1d00bbdc}
D/ConnectivityService(  760): updateNetworkScore for NetworkAgentInfo [WIFI () - 140] to 60
D/ConnectivityService(  760): rematching NetworkAgentInfo [WIFI () - 140]
D/ConnectivityService(  760): Network NetworkAgentInfo [WIFI () - 140] was already satisfying request 1. No change.
D/ConnectivityService(  760): notifyType AVAILABLE for NetworkAgentInfo [WIFI () - 140]
W/ActivityManager(  760): getTasks: caller 10171 does not hold GET_TASKS; limiting output
W/ProcessCpuTracker(  760): Skipping unknown process pid 17793
D/ConnectivityService(  760): updateNetworkScore for NetworkAgentInfo [WIFI () - 140] to 56
D/ConnectivityService(  760): rematching NetworkAgentInfo [WIFI () - 140]
D/ConnectivityService(  760): Network NetworkAgentInfo [WIFI () - 140] was already satisfying request 1. No change.
D/ConnectivityService(  760): notifyType AVAILABLE for NetworkAgentInfo [WIFI () - 140]
D/WifiService(  760): acquireWifiLockLocked: WifiLock{NlpWifiLock type=2 binder=android.os.BinderProxy@1d00bbdc}
D/WifiService(  760): releaseWifiLockLocked: WifiLock{NlpWifiLock type=2 binder=android.os.BinderProxy@1d00bbdc}
W/ActivityManager(  760): getTasks: caller 10171 does not hold GET_TASKS; limiting output
D/ConnectivityService(  760): updateNetworkScore for NetworkAgentInfo [WIFI () - 140] to 60
D/ConnectivityService(  760): rematching NetworkAgentInfo [WIFI () - 140]
D/ConnectivityService(  760): Network NetworkAgentInfo [WIFI () - 140] was already satisfying request 1. No change.
D/ConnectivityService(  760): notifyType AVAILABLE for NetworkAgentInfo [WIFI () - 140]
W/ActivityManager(  760): getTasks: caller 10171 does not hold GET_TASKS; limiting output
W/PowerManagerService(  760): The proximity sensor took too long, wake event already triggered!
I/DisplayPowerController(  760): Blocking screen on until initial contents have been drawn.
I/DisplayManagerService(  760): Display device changed: DisplayDeviceInfo{"Built-in Screen": 1080 x 1920, 63.0 fps, supportedRefreshRates [63.0], density 480, 403.411 x 403.041 dpi, appVsyncOff 7500000, presDeadline 11873016, touch INTERNAL, rotation 0, type BUILT_IN, state ON, FLAG_DEFAULT_DISPLAY, FLAG_ROTATES_WITH_CONTENT, FLAG_SECURE, FLAG_SUPPORTS_PROTECTED_BUFFERS}
V/ActivityManager(  760): Display changed displayId=0
I/DisplayPowerController(  760): Unblocked screen on after 326 ms
I/Telecom ( 1449): ProximitySensorManager: Proximity wake lock already acquired
I/Telecom ( 1449): ProximitySensorManager: Releasing proximity wake lock
I/Telecom ( 1449): Call: Send disconnect to connection service for call: [100405509, ACTIVE, com.android.phone/com.android.services.telephony.TelephonyConnectionService, *************, 0, childs(0), has_parent(false), [[Capabilities: HOLD SUPPORT_HOLD MUTE]], false, ComponentInfo{com.android.phone/com.android.services.telephony.TelephonyConnectionService}, 1 0]
D/Telecom ( 1449): ConnectionServiceWrapper: Telecom -> ConnectionService: disconnect ConnectionService@84
D/Telecom ( 1449): ConnectionServiceWrapper: ConnectionService -> Telecom: setConferenceableConnections ConnectionService@84 []
D/Telecom ( 1449): ConnectionServiceWrapper: ConnectionService -> Telecom: setConferenceableConnections ConnectionService@84 []
D/Telecom ( 1449): ConnectionServiceWrapper: ConnectionService -> Telecom: setDisconnected ConnectionService@84 DisconnectCause [ Code: (LOCAL) Label: () Description: () Reason: (LOCAL) Tone: (27) ]
D/Telecom ( 1449): Adapter: disconnect call ConnectionService@84
D/Telecom ( 1449): : disconnect call DisconnectCause [ Code: (LOCAL) Label: () Description: () Reason: (LOCAL) Tone: (27) ] [100405509, ACTIVE, com.android.phone/com.android.services.telephony.TelephonyConnectionService, *************, 0, childs(0), has_parent(false), [[Capabilities: HOLD SUPPORT_HOLD MUTE]], false, ComponentInfo{com.android.phone/com.android.services.telephony.TelephonyConnectionService}, 1 0]
D/Telecom ( 1449): ConnectionServiceWrapper: ConnectionService -> Telecom: removeCall ConnectionService@84
I/Telecom ( 1449): CallsManager: setCallState ACTIVE -> DISCONNECTED, call: [100405509, ACTIVE, com.android.phone/com.android.services.telephony.TelephonyConnectionService, *************, 0, childs(0), has_parent(false), [[Capabilities: HOLD SUPPORT_HOLD MUTE]], false, ComponentInfo{com.android.phone/com.android.services.telephony.TelephonyConnectionService}, 1 0]
D/Telecom ( 1449): Call: maybeLoadCannedSmsResponses: doing nothing
I/Telecom ( 1449): CallAudioManager: updateAudioStreamAndMode, mIsRinging: false, mIsTonePlaying: false
I/Telecom ( 1449): CallAudioManager: requestAudioFocusAndSetMode, stream: 0 -> 0
D/Telecom ( 1449): InCallToneMonitor: Found a disconnected call with tone to play 2.
I/Telecom ( 1449): CallAudioManager: updateAudioStreamAndMode, mIsRinging: false, mIsTonePlaying: true
I/Telecom ( 1449): CallAudioManager: requestAudioFocusAndSetMode, stream: 0 -> 0
D/Telecom ( 1449): AsyncRingtonePlayer: Posting stop.
D/Telecom ( 1449): AsyncRingtonePlayer: Message 2 skipped because there is no handler.
D/Telecom ( 1449): CallLogManager: logNumber set to: [435bf30cb1faeb11a11ab7f34a3d4c75fa7835f3]
D/Telecom ( 1449): InCallTonePlayer: run(toneId = 2)
D/Telecom ( 1449): CallLogManager: Logging Calllog entry: com.android.internal.telephony.CallerInfo@14b1b881 { name non-null, phoneNumber non-null }, [435bf30cb1faeb11a11ab7f34a3d4c75fa7835f3],1, 2, 1435685335052, 211919
D/Telecom ( 1449): DtmfLocalTonePlayer: stopTone: mToneGenerator == null.
I/Telecom ( 1449): CallAudioManager: updateAudioStreamAndMode, mIsRinging: false, mIsTonePlaying: true
I/Telecom ( 1449): CallAudioManager: requestAudioFocusAndSetMode, stream: 0 -> 0
I/Telecom ( 1449): CallsManager:  entered manageMSimInCallTones 
I/Telecom ( 1449): ConnectionServiceWrapper: Service unbound ComponentInfo{com.android.phone/com.android.services.telephony.TelephonyConnectionService}, from unbind.
I/Telecom ( 1449): InCallController: onCallRemoved: [100405509, DISCONNECTED, null, *************, 0, childs(0), has_parent(false), [[Capabilities: HOLD SUPPORT_HOLD MUTE]], false, ComponentInfo{com.android.phone/com.android.services.telephony.TelephonyConnectionService}, 1 0]
I/Telecom ( 1449): InCallController: Unbinding from InCallService %s
I/Telecom ( 1449): InCallController: Unbinding from InCallService %s
I/Telecom ( 1449): PhoneStateBroadcaster: Broadcasted state change: 0
I/Telecom ( 1449): CallAudioManager: updateAudioStreamAndMode, mIsRinging: false, mIsTonePlaying: true
I/Telecom ( 1449): CallAudioManager: requestAudioFocusAndSetMode, stream: 0 -> 0
D/Telecom ( 1449): AsyncRingtonePlayer: Posting stop.
D/Telecom ( 1449): AsyncRingtonePlayer: Message 2 skipped because there is no handler.
I/Telecom ( 1449): ProximitySensorManager: Proximity wake lock already released
I/Telecom ( 1449): CallsManager: updateLchStatus subInConversation: null
I/Telecom ( 1449): CallsManager: setActiveSubscription = null
I/Telecom ( 1449): CallsManager:  entered manageMSimInCallTones 
I/Telecom ( 1449): CallAudioManager: updateAudioStreamAndMode, mIsRinging: false, mIsTonePlaying: false
D/Telecom ( 1449): CallAudioManager: SetMode Done
W/ResourcesManager(13881): Asset path '/system/framework/com.google.android.media.effects.jar' does not exist or contains no resources.
W/ActivityManager(  760): getTasks: caller 10171 does not hold GET_TASKS; limiting output
D/TaskPersister(  760): removeObsoleteFile: deleting file=361_task.xml
D/TaskPersister(  760): removeObsoleteFile: deleting file=363_task_thumbnail.png
D/TaskPersister(  760): removeObsoleteFile: deleting file=361_task_thumbnail.png
W/ActivityManager(  760): getTasks: caller 10171 does not hold GET_TASKS; limiting output
W/ActivityManager(  760): getTasks: caller 10171 does not hold GET_TASKS; limiting output
I/ActivityManager(  760): Killing 15838:com.urbandroid.sleep/u0a103 (adj 15): empty #17
W/libprocessgroup(  760): failed to open /acct/uid_10103/pid_15838/cgroup.procs: No such file or directory
W/ActivityManager(  760): getTasks: caller 10171 does not hold GET_TASKS; limiting output
W/ActivityManager(  760): getTasks: caller 10171 does not hold GET_TASKS; limiting output
I/ValidateNoPeople(  760): skipping global notification
W/ActivityManager(  760): getTasks: caller 10171 does not hold GET_TASKS; limiting output
D/WifiService(  760): acquireWifiLockLocked: WifiLock{NlpWifiLock type=2 binder=android.os.BinderProxy@3cc72d5d}
D/WifiService(  760): releaseWifiLockLocked: WifiLock{NlpWifiLock type=2 binder=android.os.BinderProxy@3cc72d5d}
W/ActivityManager(  760): getTasks: caller 10171 does not hold GET_TASKS; limiting output
W/ActivityManager(  760): getTasks: caller 10171 does not hold GET_TASKS; limiting output
I/ActivityManager(  760): Start proc com.google.android.apps.plus for service com.google.android.apps.plus/com.google.android.apps.moviemaker.service.PluggedInAnalyzerService: pid=17890 uid=10077 gids={50077, 9997, 3003, 3002, 1028, 1015} abi=armeabi-v7a
W/ResourcesManager(17890): Asset path '/system/framework/com.google.android.maps.jar' does not exist or contains no resources.
D/WifiService(  760): acquireWifiLockLocked: WifiLock{NlpWifiLock type=2 binder=android.os.BinderProxy@245d7456}
D/WifiService(  760): releaseWifiLockLocked: WifiLock{NlpWifiLock type=2 binder=android.os.BinderProxy@245d7456}
W/ActivityManager(  760): getTasks: caller 10171 does not hold GET_TASKS; limiting output
I/ActivityManager(  760): Killing 15857:com.google.android.apps.fitness/u0a105 (adj 15): empty #17
W/libprocessgroup(  760): failed to open /acct/uid_10105/pid_15857/cgroup.procs: No such file or directory
W/ActivityManager(  760): getTasks: caller 10171 does not hold GET_TASKS; limiting output
I/ActivityManager(  760): START u0 {act=android.intent.action.MAIN cat=[android.intent.category.HOME] flg=0x10200000 cmp=com.google.android.googlequicksearchbox/com.google.android.launcher.GEL} from uid 1000 on display 0
W/ActivityManager(  760): getTasks: caller 10132 does not hold GET_TASKS; limiting output
I/ActivityManager(  760): START u0 {act=android.intent.action.MAIN cat=[android.intent.category.LAUNCHER] flg=0x10200000 cmp=com.google.android.gm/.ConversationListActivityGmail bnds=[50,657][284,920] (has extras)} from uid 10033 on display 0
I/ActivityManager(  760): Start proc com.google.android.gm for activity com.google.android.gm/.ConversationListActivityGmail: pid=17945 uid=10054 gids={50054, 9997, 3003, 1028, 1015} abi=armeabi-v7a
W/ActivityManager(  760): Unable to start service Intent { act=com.google.android.gm.email.EXCHANGE_INTENT pkg=com.google.android.gm.exchange } U=0: not found
W/ActivityManager(  760): Unable to start service Intent { act=com.google.android.gm.email.EXCHANGE_INTENT pkg=com.google.android.gm.exchange } U=0: not found
W/ActivityManager(  760): Unable to start service Intent { cmp=com.google.android.gm/com.android.email.service.AttachmentService } U=0: not found
W/ActivityManager(  760): Unable to start service Intent { act=com.google.android.gm.email.EXCHANGE_INTENT pkg=com.google.android.gm.exchange } U=0: not found
W/ActivityManager(  760): getTasks: caller 10171 does not hold GET_TASKS; limiting output
W/ResourcesManager(17945): Asset path '/system/framework/com.android.media.remotedisplay.jar' does not exist or contains no resources.
W/ResourcesManager(17945): Asset path '/system/framework/com.android.location.provider.jar' does not exist or contains no resources.
W/ActivityManager(  760): getTasks: caller 10171 does not hold GET_TASKS; limiting output
D/WifiService(  760): acquireWifiLockLocked: WifiLock{NlpWifiLock type=2 binder=android.os.BinderProxy@33a31147}
I/ActivityManager(  760): START u0 {act=com.android.systemui.recents.SHOW_RECENTS flg=0x10804000 cmp=com.android.systemui/.recents.RecentsActivity (has extras)} from uid 10027 on display 0
W/ActivityManager(  760): getTasks: caller 10171 does not hold GET_TASKS; limiting output
D/WifiService(  760): releaseWifiLockLocked: WifiLock{NlpWifiLock type=2 binder=android.os.BinderProxy@33a31147}
W/ActivityManager(  760): getTasks: caller 10171 does not hold GET_TASKS; limiting output
W/ActivityManager(  760): getTasks: caller 10171 does not hold GET_TASKS; limiting output
W/ActivityManager(  760): getTasks: caller 10171 does not hold GET_TASKS; limiting output
I/ValidateNoPeople(  760): skipping global notification
W/ActivityManager(  760): getTasks: caller 10171 does not hold GET_TASKS; limiting output
W/ActivityManager(  760): getTasks: caller 10171 does not hold GET_TASKS; limiting output
W/ActivityManager(  760): getTasks: caller 10171 does not hold GET_TASKS; limiting output
W/ActivityManager(  760): getTasks: caller 10171 does not hold GET_TASKS; limiting output
W/ActivityManager(  760): getTasks: caller 10171 does not hold GET_TASKS; limiting output
I/ValidateNoPeople(  760): skipping global notification
W/ActivityManager(  760): getTasks: caller 10171 does not hold GET_TASKS; limiting output
W/ActivityManager(  760): getTasks: caller 10171 does not hold GET_TASKS; limiting output
W/ResourcesManager(17945): Asset path '/system/framework/com.android.media.remotedisplay.jar' does not exist or contains no resources.
W/ResourcesManager(17945): Asset path '/system/framework/com.android.location.provider.jar' does not exist or contains no resources.
W/ActivityManager(  760): getTasks: caller 10171 does not hold GET_TASKS; limiting output
D/WifiService(  760): acquireWifiLockLocked: WifiLock{NlpWifiLock type=2 binder=android.os.BinderProxy@7c73643}
D/WifiService(  760): releaseWifiLockLocked: WifiLock{NlpWifiLock type=2 binder=android.os.BinderProxy@7c73643}
W/ActivityManager(  760): getTasks: caller 10171 does not hold GET_TASKS; limiting output
W/ActivityManager(  760): getTasks: caller 10171 does not hold GET_TASKS; limiting output
W/ActivityManager(  760): getTasks: caller 10171 does not hold GET_TASKS; limiting output
I/ActivityManager(  760): START u0 {act=android.intent.action.MAIN cat=[android.intent.category.HOME] flg=0x10200000 cmp=com.google.android.googlequicksearchbox/com.google.android.launcher.GEL} from uid 1000 on display 0
W/ActivityManager(  760): getTasks: caller 10132 does not hold GET_TASKS; limiting output
I/ActivityManager(  760): START u0 {act=android.intent.action.MAIN cat=[android.intent.category.LAUNCHER] flg=0x10200000 cmp=mbanking.NBG/inbg.SplashActivity bnds=[795,312][1029,575] (has extras)} from uid 10033 on display 0
I/ActivityManager(  760): Start proc mbanking.NBG for activity mbanking.NBG/inbg.SplashActivity: pid=18118 uid=10168 gids={50168, 9997, 3003, 1028, 1015} abi=armeabi-v7a
W/ActivityManager(  760): getTasks: caller 10171 does not hold GET_TASKS; limiting output
I/ValidateNoPeople(  760): skipping global notification
W/ActivityManager(  760): getTasks: caller 10171 does not hold GET_TASKS; limiting output
W/ActivityManager(  760): getTasks: caller 10171 does not hold GET_TASKS; limiting output
W/ActivityManager(  760): getTasks: caller 10171 does not hold GET_TASKS; limiting output
W/ActivityManager(  760): getTasks: caller 10171 does not hold GET_TASKS; limiting output
I/ActivityManager(  760): START u0 {cmp=mbanking.NBG/iNBG.RootActivity} from uid 10168 on display 0
I/UsageStatsService(  760): User[0] Flushing usage stats to disk
W/ActivityManager(  760): getTasks: caller 10171 does not hold GET_TASKS; limiting output
I/ActivityManager(  760): START u0 {act=com.android.systemui.recents.SHOW_RECENTS flg=0x10804000 cmp=com.android.systemui/.recents.RecentsActivity (has extras)} from uid 10027 on display 0
I/ActivityManager(  760): Killing 15591:com.facebook.katana/u0a179 (adj 15): empty #17
D/WifiService(  760): Client connection lost with reason: 4
I/ActivityManager(  760): Killing 18118:mbanking.NBG/u0a168 (adj 9): remove task
I/WindowState(  760): WIN DEATH: Window{3e783ae9 u0 mbanking.NBG/iNBG.RootActivity}
W/libprocessgroup(  760): failed to open /acct/uid_10179/pid_15591/cgroup.procs: No such file or directory
W/libprocessgroup(  760): failed to open /acct/uid_10168/pid_18118/cgroup.procs: No such file or directory
D/TaskPersister(  760): removeObsoleteFile: deleting file=365_task.xml
D/TaskPersister(  760): removeObsoleteFile: deleting file=365_task_thumbnail.png
W/ActivityManager(  760): getTasks: caller 10171 does not hold GET_TASKS; limiting output
W/ActivityManager(  760): getTasks: caller 10171 does not hold GET_TASKS; limiting output
W/ActivityManager(  760): getTasks: caller 10171 does not hold GET_TASKS; limiting output
D/WifiService(  760): acquireWifiLockLocked: WifiLock{NlpWifiLock type=2 binder=android.os.BinderProxy@1d8ce21b}
W/ActivityManager(  760): getTasks: caller 10171 does not hold GET_TASKS; limiting output
D/WifiService(  760): releaseWifiLockLocked: WifiLock{NlpWifiLock type=2 binder=android.os.BinderProxy@1d8ce21b}
W/ActivityManager(  760): getTasks: caller 10171 does not hold GET_TASKS; limiting output
I/ActivityManager(  760): START u0 {act=com.viber.voip.action.messages.ui.GALLERY_ACTION cmp=com.viber.voip/.messages.ui.ConversationGalleryActivity (has extras)} from uid 10132 on display 0
W/ActivityManager(  760): getTasks: caller 10132 does not hold GET_TASKS; limiting output
W/ActivityManager(  760): getTasks: caller 10171 does not hold GET_TASKS; limiting output
W/ActivityManager(  760): getTasks: caller 10171 does not hold GET_TASKS; limiting output
W/ActivityManager(  760): getTasks: caller 10171 does not hold GET_TASKS; limiting output
W/PowerManagerService(  760): The proximity sensor took too long, wake event already triggered!
I/ActivityManager(  760): Start proc com.facebook.katana for content provider com.facebook.katana/.provider.AttributionIdProvider: pid=18203 uid=10179 gids={50179, 9997, 1028, 1015, 3003} abi=armeabi-v7a
W/ResourcesManager(18203): Asset path '/system/framework/com.google.android.maps.jar' does not exist or contains no resources.
W/PowerManagerService(  760): The proximity sensor took too long, wake event already triggered!
D/WifiService(  760): New client listening to asynchronous messages
W/ActivityManager(  760): getTasks: caller 10171 does not hold GET_TASKS; limiting output
W/ActivityManager(  760): getTasks: caller 10171 does not hold GET_TASKS; limiting output
W/BroadcastQueue(  760): Permission Denial: broadcasting Intent { act=android.net.conn.INET_CONDITION_ACTION flg=0x4000010 (has extras) } from null (pid=-1, uid=-1) requires com.facebook.permission.prod.FB_APP_COMMUNICATION due to registered receiver BroadcastFilter{32fc8d42 u0 ReceiverList{2078f78d 18203 com.facebook.katana/10179/u0 remote:1254c024}}
W/BroadcastQueue(  760): Permission Denial: broadcasting Intent { act=android.net.conn.CONNECTIVITY_CHANGE flg=0x4000010 (has extras) } from null (pid=-1, uid=-1) requires com.facebook.permission.prod.FB_APP_COMMUNICATION due to registered receiver BroadcastFilter{32fc8d42 u0 ReceiverList{2078f78d 18203 com.facebook.katana/10179/u0 remote:1254c024}}
W/BroadcastQueue(  760): Permission Denial: broadcasting Intent { act=android.net.conn.CONNECTIVITY_CHANGE flg=0x4000010 (has extras) } from null (pid=-1, uid=-1) requires com.facebook.permission.prod.FB_APP_COMMUNICATION due to registered receiver BroadcastFilter{853d4a2 u0 ReceiverList{3ecd406d 18203 com.facebook.katana/10179/u0 remote:125b2084}}
W/ActivityManager(  760): getTasks: caller 10171 does not hold GET_TASKS; limiting output
W/ActivityManager(  760): getTasks: caller 10171 does not hold GET_TASKS; limiting output
W/ActivityManager(  760): getTasks: caller 10171 does not hold GET_TASKS; limiting output
I/ActivityManager(  760): START u0 {act=android.intent.action.MAIN cat=[android.intent.category.HOME] flg=0x10200000 cmp=com.google.android.googlequicksearchbox/com.google.android.launcher.GEL} from uid 1000 on display 0
I/ActivityManager(  760): START u0 {act=com.android.systemui.recents.SHOW_RECENTS flg=0x10804000 cmp=com.android.systemui/.recents.RecentsActivity (has extras)} from uid 10027 on display 0
W/InputMethodManagerService(  760): Starting input on non-focused client com.android.internal.view.IInputMethodClient$Stub$Proxy@1d9a35d3 (uid=10033 pid=2355)
W/ActivityManager(  760): getTasks: caller 10132 does not hold GET_TASKS; limiting output
I/ActivityManager(  760): Killing 15291:com.instagram.android/u0a160 (adj 15): empty #17
I/ActivityManager(  760): Killing 17945:com.google.android.gm/u0a54 (adj 9): remove task
I/WindowState(  760): WIN DEATH: Window{185b4225 u0 com.google.android.gm/com.google.android.gm.ConversationListActivityGmail}
W/libprocessgroup(  760): failed to open /acct/uid_10160/pid_15291/cgroup.procs: No such file or directory
W/libprocessgroup(  760): failed to open /acct/uid_10054/pid_17945/cgroup.procs: No such file or directory
D/TaskPersister(  760): removeObsoleteFile: deleting file=364_task.xml
D/TaskPersister(  760): removeObsoleteFile: deleting file=364_task_thumbnail.png
I/ActivityManager(  760): START u0 {act=android.intent.action.MAIN cat=[android.intent.category.HOME] flg=0x10200000 cmp=com.google.android.googlequicksearchbox/com.google.android.launcher.GEL} from uid 10027 on display 0
W/ActivityManager(  760): getTasks: caller 10171 does not hold GET_TASKS; limiting output
I/ActivityManager(  760): START u0 {act=com.viber.voip.action.MESSAGE_POPUP flg=0x10000000 cmp=com.viber.voip/.messages.ui.popup.PopupMessageActivity} from uid 10132 on display 0
W/ActivityManager(  760): Activity start request from 10132 stopped
I/ActivityManager(  760): START u0 {act=android.intent.action.MAIN cat=[android.intent.category.LAUNCHER] flg=0x10200000 cmp=org.mozilla.firefox/.App bnds=[501,1183][735,1446] (has extras)} from uid 10033 on display 0
I/ActivityManager(  760): Start proc org.mozilla.firefox for activity org.mozilla.firefox/.App: pid=18308 uid=10116 gids={50116, 9997, 3003, 1028, 1015} abi=armeabi-v7a
I/ValidateNoPeople(  760): Validating: 0|com.viber.voip|-1003|message|10132
I/ValidateNoPeople(  760): Executing: validation for: 0|com.viber.voip|-1003|message|10132
I/ValidateNoPeople(  760): final affinity: 0.5
W/ActivityThread(18308): ClassLoader.loadClass: The class loader returned by Thread.getContextClassLoader() may fail for processes that host multiple applications. You should explicitly specify a context class loader. For example: Thread.setContextClassLoader(getClass().getClassLoader());
W/ActivityManager(  760): Permission Denial: Accessing service ComponentInfo{com.google.android.music/com.google.android.music.dial.DialMediaRouteProviderService} from pid=18308, uid=10116 that is not exported from uid 10066
W/ActivityManager(  760): getTasks: caller 10171 does not hold GET_TASKS; limiting output
I/ActivityManager(  760): Start proc org.mozilla.firefox.UpdateService for service org.mozilla.firefox/org.mozilla.gecko.updater.UpdateService: pid=18427 uid=10116 gids={50116, 9997, 3003, 1028, 1015} abi=armeabi-v7a
D/WifiService(  760): New client listening to asynchronous messages
W/ActivityThread(18427): ClassLoader.loadClass: The class loader returned by Thread.getContextClassLoader() may fail for processes that host multiple applications. You should explicitly specify a context class loader. For example: Thread.setContextClassLoader(getClass().getClassLoader());
I/ActivityManager(  760): START u0 {act=com.viber.voip.action.CONVERSATION cmp=com.viber.voip/.messages.ui.ConversationActivity (has extras)} from uid 10132 on display 0
W/ActivityManager(  760): startActivity called from non-Activity context; forcing Intent.FLAG_ACTIVITY_NEW_TASK for: Intent { act=com.viber.voip.action.CONVERSATION cmp=com.viber.voip/.messages.ui.ConversationActivity (has extras) }
W/InputMethodManagerService(  760): Focus gain on non-focused client com.android.internal.view.IInputMethodClient$Stub$Proxy@3dab81d8 (uid=10116 pid=18308)
W/ActivityManager(  760): getTasks: caller 10171 does not hold GET_TASKS; limiting output
D/WifiService(  760): acquireWifiLockLocked: WifiLock{NlpWifiLock type=2 binder=android.os.BinderProxy@1bfcf725}
D/WifiService(  760): releaseWifiLockLocked: WifiLock{NlpWifiLock type=2 binder=android.os.BinderProxy@1bfcf725}
I/ValidateNoPeople(  760): skipping global notification
D/WifiService(  760): acquireWifiLockLocked: WifiLock{NlpWifiLock type=2 binder=android.os.BinderProxy@3698c702}
D/WifiService(  760): releaseWifiLockLocked: WifiLock{NlpWifiLock type=2 binder=android.os.BinderProxy@3698c702}
W/ActivityManager(  760): getTasks: caller 10171 does not hold GET_TASKS; limiting output
I/ValidateNoPeople(  760): skipping global notification
W/ActivityManager(  760): getTasks: caller 10171 does not hold GET_TASKS; limiting output
W/ActivityManager(  760): getTasks: caller 10171 does not hold GET_TASKS; limiting output
I/ValidateNoPeople(  760): skipping global notification
W/ActivityManager(  760): getTasks: caller 10171 does not hold GET_TASKS; limiting output
W/ActivityManager(  760): getTasks: caller 10171 does not hold GET_TASKS; limiting output
I/ValidateNoPeople(  760): skipping global notification
W/ActivityManager(  760): getTasks: caller 10171 does not hold GET_TASKS; limiting output
W/ActivityManager(  760): getTasks: caller 10171 does not hold GET_TASKS; limiting output
I/ValidateNoPeople(  760): skipping global notification
W/ActivityManager(  760): getTasks: caller 10171 does not hold GET_TASKS; limiting output
W/ActivityManager(  760): getTasks: caller 10171 does not hold GET_TASKS; limiting output
W/ActivityManager(  760): getTasks: caller 10171 does not hold GET_TASKS; limiting output
W/ActivityManager(  760): getTasks: caller 10171 does not hold GET_TASKS; limiting output
W/ActivityManager(  760): getTasks: caller 10171 does not hold GET_TASKS; limiting output
D/WifiService(  760): acquireWifiLockLocked: WifiLock{NlpWifiLock type=2 binder=android.os.BinderProxy@1809fcdf}
D/WifiService(  760): releaseWifiLockLocked: WifiLock{NlpWifiLock type=2 binder=android.os.BinderProxy@1809fcdf}
W/ActivityManager(  760): getTasks: caller 10171 does not hold GET_TASKS; limiting output
W/ActivityManager(  760): getTasks: caller 10171 does not hold GET_TASKS; limiting output
W/ActivityManager(  760): getTasks: caller 10171 does not hold GET_TASKS; limiting output
W/ActivityManager(  760): getTasks: caller 10171 does not hold GET_TASKS; limiting output
I/ValidateNoPeople(  760): skipping global notification
W/ActivityManager(  760): getTasks: caller 10171 does not hold GET_TASKS; limiting output
W/ActivityManager(  760): getTasks: caller 10171 does not hold GET_TASKS; limiting output
W/ActivityManager(  760): getTasks: caller 10171 does not hold GET_TASKS; limiting output
W/ActivityManager(  760): getTasks: caller 10171 does not hold GET_TASKS; limiting output
W/ActivityManager(  760): getTasks: caller 10171 does not hold GET_TASKS; limiting output
W/ActivityManager(  760): getTasks: caller 10171 does not hold GET_TASKS; limiting output
I/ActivityManager(  760): START u0 {act=com.android.systemui.recents.SHOW_RECENTS flg=0x10804000 cmp=com.android.systemui/.recents.RecentsActivity (has extras)} from uid 10027 on display 0
W/ActivityManager(  760): getTasks: caller 10132 does not hold GET_TASKS; limiting output
W/ActivityManager(  760): Permission Denial: Accessing service ComponentInfo{com.google.android.music/com.google.android.music.dial.DialMediaRouteProviderService} from pid=18308, uid=10116 that is not exported from uid 10066
D/WifiService(  760): New client listening to asynchronous messages
W/ActivityManager(  760): getTasks: caller 10171 does not hold GET_TASKS; limiting output
W/ActivityManager(  760): getTasks: caller 10171 does not hold GET_TASKS; limiting output
D/WifiService(  760): acquireWifiLockLocked: WifiLock{NlpWifiLock type=2 binder=android.os.BinderProxy@3202874d}
D/WifiService(  760): releaseWifiLockLocked: WifiLock{NlpWifiLock type=2 binder=android.os.BinderProxy@3202874d}
W/ActivityManager(  760): getTasks: caller 10171 does not hold GET_TASKS; limiting output
W/ActivityManager(  760): getTasks: caller 10171 does not hold GET_TASKS; limiting output
W/ActivityManager(  760): getTasks: caller 10171 does not hold GET_TASKS; limiting output
W/ActivityManager(  760): getTasks: caller 10171 does not hold GET_TASKS; limiting output
W/ActivityManager(  760): getTasks: caller 10171 does not hold GET_TASKS; limiting output
W/ActivityManager(  760): getTasks: caller 10171 does not hold GET_TASKS; limiting output
W/ActivityManager(  760): getTasks: caller 10171 does not hold GET_TASKS; limiting output
W/ActivityManager(  760): getTasks: caller 10171 does not hold GET_TASKS; limiting output
W/ActivityManager(  760): getTasks: caller 10171 does not hold GET_TASKS; limiting output
