--------- beginning of crash
E/AndroidRuntime( 4619): FATAL EXCEPTION: main
E/AndroidRuntime( 4619): Process: com.anydo, PID: 4619
E/AndroidRuntime( 4619): java.lang.ArrayIndexOutOfBoundsException: length=0; index=0
E/AndroidRuntime( 4619): 	at android.util.ContainerHelpers.binarySearch(ContainerHelpers.java:28)
E/AndroidRuntime( 4619): 	at android.util.ArrayMap.indexOf(ArrayMap.java:96)
E/AndroidRuntime( 4619): 	at android.util.ArrayMap.indexOfKey(ArrayMap.java:336)
E/AndroidRuntime( 4619): 	at android.util.ArrayMap.remove(ArrayMap.java:574)
E/AndroidRuntime( 4619): 	at android.app.LoadedApk.removeContextRegistrations(LoadedApk.java:661)
E/AndroidRuntime( 4619): 	at android.app.ContextImpl.performFinalCleanup(ContextImpl.java:2356)
E/AndroidRuntime( 4619): 	at android.app.ActivityThread$H.handleMessage(ActivityThread.java:1411)
E/AndroidRuntime( 4619): 	at android.os.Handler.dispatchMessage(Handler.java:102)
E/AndroidRuntime( 4619): 	at android.os.Looper.loop(Looper.java:135)
E/AndroidRuntime( 4619): 	at android.app.ActivityThread.main(ActivityThread.java:5254)
E/AndroidRuntime( 4619): 	at java.lang.reflect.Method.invoke(Native Method)
E/AndroidRuntime( 4619): 	at java.lang.reflect.Method.invoke(Method.java:372)
E/AndroidRuntime( 4619): 	at com.android.internal.os.ZygoteInit$MethodAndArgsCaller.run(ZygoteInit.java:898)
E/AndroidRuntime( 4619): 	at com.android.internal.os.ZygoteInit.main(ZygoteInit.java:693)
E/AndroidRuntime(28107): FATAL EXCEPTION: main
E/AndroidRuntime(28107): Process: com.google.android.talk, PID: 28107
E/AndroidRuntime(28107): java.lang.IllegalStateException: Can not perform this action after onSaveInstanceState
E/AndroidRuntime(28107): 	at al.v(SourceFile:1365)
E/AndroidRuntime(28107): 	at al.a(SourceFile:1383)
E/AndroidRuntime(28107): 	at r.a(SourceFile:636)
E/AndroidRuntime(28107): 	at r.a(SourceFile:615)
E/AndroidRuntime(28107): 	at aqm.onAnimationEnd(SourceFile:41)
E/AndroidRuntime(28107): 	at android.view.animation.Animation$3.run(Animation.java:374)
E/AndroidRuntime(28107): 	at android.os.Handler.handleCallback(Handler.java:739)
E/AndroidRuntime(28107): 	at android.os.Handler.dispatchMessage(Handler.java:95)
E/AndroidRuntime(28107): 	at android.os.Looper.loop(Looper.java:135)
E/AndroidRuntime(28107): 	at android.app.ActivityThread.main(ActivityThread.java:5254)
E/AndroidRuntime(28107): 	at java.lang.reflect.Method.invoke(Native Method)
E/AndroidRuntime(28107): 	at java.lang.reflect.Method.invoke(Method.java:372)
E/AndroidRuntime(28107): 	at com.android.internal.os.ZygoteInit$MethodAndArgsCaller.run(ZygoteInit.java:898)
E/AndroidRuntime(28107): 	at com.android.internal.os.ZygoteInit.main(ZygoteInit.java:693)
--------- beginning of system
W/ActivityManager(  760): getTasks: caller 10171 does not hold GET_TASKS; limiting output
W/ActivityManager(  760): getTasks: caller 10171 does not hold GET_TASKS; limiting output
D/WifiService(  760): acquireWifiLockLocked: WifiLock{NlpWifiLock type=2 binder=android.os.BinderProxy@3c2fdfaf}
D/WifiService(  760): releaseWifiLockLocked: WifiLock{NlpWifiLock type=2 binder=android.os.BinderProxy@3c2fdfaf}
W/ActivityManager(  760): getTasks: caller 10171 does not hold GET_TASKS; limiting output
D/TaskPersister(  760): removeObsoleteFile: deleting file=350_task.xml
D/TaskPersister(  760): removeObsoleteFile: deleting file=350_task_thumbnail.png
I/PowerManagerService(  760): Going to sleep due to screen timeout (uid 1000)...
W/ActivityManager(  760): getTasks: caller 10171 does not hold GET_TASKS; limiting output
I/DisplayManagerService(  760): Display device changed: DisplayDeviceInfo{"Built-in Screen": 1080 x 1920, 63.0 fps, supportedRefreshRates [63.0], density 480, 403.411 x 403.041 dpi, appVsyncOff 7500000, presDeadline 11873016, touch INTERNAL, rotation 0, type BUILT_IN, state OFF, FLAG_DEFAULT_DISPLAY, FLAG_ROTATES_WITH_CONTENT, FLAG_SECURE, FLAG_SUPPORTS_PROTECTED_BUFFERS}
V/ActivityManager(  760): Display changed displayId=0
I/DreamManagerService(  760): Entering dreamland.
I/PowerManagerService(  760): Dozing...
I/DreamController(  760): Starting dream: name=ComponentInfo{com.android.systemui/com.android.systemui.doze.DozeService}, isTest=false, canDoze=true, userId=0
W/ActivityManager(  760): getTasks: caller 10119 does not hold GET_TASKS; limiting output
I/ValidateNoPeople(  760): skipping global notification
W/ActivityManager(  760): getTasks: caller 10132 does not hold GET_TASKS; limiting output
W/PowerManagerService(  760): The proximity sensor took too long, wake event already triggered!
I/PowerManagerService(  760): Waking up from dozing (uid 1000)...
I/DreamManagerService(  760): Gently waking up from dream.
I/DisplayPowerController(  760): Blocking screen on until initial contents have been drawn.
I/DisplayManagerService(  760): Display device changed: DisplayDeviceInfo{"Built-in Screen": 1080 x 1920, 63.0 fps, supportedRefreshRates [63.0], density 480, 403.411 x 403.041 dpi, appVsyncOff 7500000, presDeadline 11873016, touch INTERNAL, rotation 0, type BUILT_IN, state ON, FLAG_DEFAULT_DISPLAY, FLAG_ROTATES_WITH_CONTENT, FLAG_SECURE, FLAG_SUPPORTS_PROTECTED_BUFFERS}
V/ActivityManager(  760): Display changed displayId=0
I/DreamManagerService(  760): Leaving dreamland.
I/DreamController(  760): Stopping dream: name=ComponentInfo{com.android.systemui/com.android.systemui.doze.DozeService}, isTest=false, canDoze=true, userId=0
W/ActivityManager(  760): getTasks: caller 10171 does not hold GET_TASKS; limiting output
W/ActivityManager(  760): getTasks: caller 10171 does not hold GET_TASKS; limiting output
W/ActivityManager(  760): getTasks: caller 10171 does not hold GET_TASKS; limiting output
I/DisplayPowerController(  760): Unblocked screen on after 321 ms
I/ActivityManager(  760): START u0 {act=com.viber.voip.action.CONVERSATION cmp=com.viber.voip/.messages.ui.ConversationActivity (has extras)} from uid 10132 on display 0
W/ActivityManager(  760): startActivity called from non-Activity context; forcing Intent.FLAG_ACTIVITY_NEW_TASK for: Intent { act=com.viber.voip.action.CONVERSATION cmp=com.viber.voip/.messages.ui.ConversationActivity (has extras) }
E/WindowAnimator(  760): Timeout waiting for animation to startup
I/ActivityManager(  760): Start proc com.estrongs.android.pop for broadcast com.estrongs.android.pop/.app.StartServiceReceiver: pid=13470 uid=10129 gids={50129, 9997, 3003, 3002, 3001, 1028, 1015} abi=armeabi
I/ActivityManager(  760): Start proc com.anydo for broadcast com.anydo/.receiver.NotificationsReviverReciever: pid=13494 uid=10143 gids={50143, 9997, 3003, 1028, 1015} abi=armeabi-v7a
I/ActivityManager(  760): Killing 12707:com.cleanmaster.mguard:float/u0a130 (adj 15): empty #17
W/libprocessgroup(  760): failed to open /acct/uid_10130/pid_12707/cgroup.procs: No such file or directory
I/ActivityManager(  760): Killing 12739:com.dailymotion.dailymotion/u0a100 (adj 15): empty #17
W/libprocessgroup(  760): failed to open /acct/uid_10100/pid_12739/cgroup.procs: No such file or directory
I/ActivityManager(  760): Start proc com.urbandroid.sleep for broadcast com.urbandroid.sleep/.appwidget.DroidWidget: pid=13537 uid=10103 gids={50103, 9997, 3002, 3001, 1028, 1015, 3003} abi=armeabi
W/ActivityManager(  760): getTasks: caller 10171 does not hold GET_TASKS; limiting output
I/ActivityManager(  760): Start proc com.google.android.apps.fitness for broadcast com.google.android.apps.fitness/.widget.TodayStatusWidgetProvider: pid=13558 uid=10105 gids={50105, 9997, 3003, 1028, 1015, 3002, 3001} abi=armeabi-v7a
I/ActivityManager(  760): Killing 12841:mobi.mgeek.TunnyBrowser/u0a112 (adj 15): empty #17
W/libprocessgroup(  760): failed to open /acct/uid_10112/pid_12841/cgroup.procs: No such file or directory
I/ActivityManager(  760): Killing 12873:com.yahoo.mobile.client.android.flickr:com.yahoo.snp.service/u0a142 (adj 15): empty #17
W/libprocessgroup(  760): failed to open /acct/uid_10142/pid_12873/cgroup.procs: No such file or directory
W/ActivityManager(  760): getTasks: caller 10171 does not hold GET_TASKS; limiting output
I/ValidateNoPeople(  760): skipping global notification
W/ActivityManager(  760): getTasks: caller 10171 does not hold GET_TASKS; limiting output
W/ActivityManager(  760): getTasks: caller 10171 does not hold GET_TASKS; limiting output
I/ValidateNoPeople(  760): skipping global notification
W/ActivityManager(  760): getTasks: caller 10171 does not hold GET_TASKS; limiting output
W/ActivityManager(  760): getTasks: caller 10171 does not hold GET_TASKS; limiting output
D/WifiService(  760): acquireWifiLockLocked: WifiLock{NlpWifiLock type=2 binder=android.os.BinderProxy@3a4d76b}
D/WifiService(  760): releaseWifiLockLocked: WifiLock{NlpWifiLock type=2 binder=android.os.BinderProxy@3a4d76b}
W/ActivityManager(  760): getTasks: caller 10171 does not hold GET_TASKS; limiting output
I/ValidateNoPeople(  760): skipping global notification
W/ActivityManager(  760): getTasks: caller 10171 does not hold GET_TASKS; limiting output
W/ActivityManager(  760): getTasks: caller 10171 does not hold GET_TASKS; limiting output
W/ActivityManager(  760): getTasks: caller 10171 does not hold GET_TASKS; limiting output
W/ActivityManager(  760): getTasks: caller 10171 does not hold GET_TASKS; limiting output
W/ActivityManager(  760): getTasks: caller 10171 does not hold GET_TASKS; limiting output
W/ActivityManager(  760): getTasks: caller 10171 does not hold GET_TASKS; limiting output
W/ActivityManager(  760): getTasks: caller 10171 does not hold GET_TASKS; limiting output
W/ActivityManager(  760): getTasks: caller 10171 does not hold GET_TASKS; limiting output
W/ActivityManager(  760): getTasks: caller 10171 does not hold GET_TASKS; limiting output
W/ActivityManager(  760): getTasks: caller 10171 does not hold GET_TASKS; limiting output
W/ActivityManager(  760): getTasks: caller 10171 does not hold GET_TASKS; limiting output
I/ValidateNoPeople(  760): skipping global notification
W/ActivityManager(  760): getTasks: caller 10171 does not hold GET_TASKS; limiting output
D/WifiService(  760): acquireWifiLockLocked: WifiLock{NlpWifiLock type=2 binder=android.os.BinderProxy@3a4d76b}
D/WifiService(  760): releaseWifiLockLocked: WifiLock{NlpWifiLock type=2 binder=android.os.BinderProxy@3a4d76b}
W/ActivityManager(  760): getTasks: caller 10171 does not hold GET_TASKS; limiting output
W/ActivityManager(  760): getTasks: caller 10171 does not hold GET_TASKS; limiting output
W/ActivityManager(  760): getTasks: caller 10171 does not hold GET_TASKS; limiting output
W/ActivityManager(  760): getTasks: caller 10171 does not hold GET_TASKS; limiting output
W/ActivityManager(  760): getTasks: caller 10171 does not hold GET_TASKS; limiting output
W/ActivityManager(  760): getTasks: caller 10171 does not hold GET_TASKS; limiting output
I/ValidateNoPeople(  760): skipping global notification
W/ActivityManager(  760): getTasks: caller 10171 does not hold GET_TASKS; limiting output
I/ValidateNoPeople(  760): skipping global notification
W/ActivityManager(  760): getTasks: caller 10171 does not hold GET_TASKS; limiting output
W/ActivityManager(  760): getTasks: caller 10171 does not hold GET_TASKS; limiting output
W/ActivityManager(  760): getTasks: caller 10171 does not hold GET_TASKS; limiting output
W/ActivityManager(  760): getTasks: caller 10171 does not hold GET_TASKS; limiting output
W/ActivityManager(  760): getTasks: caller 10171 does not hold GET_TASKS; limiting output
D/WifiService(  760): acquireWifiLockLocked: WifiLock{NlpWifiLock type=2 binder=android.os.BinderProxy@28cac411}
I/ProcessStatsService(  760): Prepared write state in 13ms
I/ProcessStatsService(  760): Prepared write state in 9ms
D/WifiService(  760): releaseWifiLockLocked: WifiLock{NlpWifiLock type=2 binder=android.os.BinderProxy@28cac411}
W/ActivityManager(  760): getTasks: caller 10171 does not hold GET_TASKS; limiting output
W/ActivityManager(  760): getTasks: caller 10171 does not hold GET_TASKS; limiting output
W/ActivityManager(  760): getTasks: caller 10171 does not hold GET_TASKS; limiting output
I/ValidateNoPeople(  760): skipping global notification
D/ConnectivityService(  760): registerNetworkAgent NetworkAgentInfo{ ni{[type: WIFI[], state: CONNECTING/CONNECTING, reason: (unspecified), extra: "hua_campus_wf", roaming: false, failover: false, isAvailable: true, isConnectedToProvisioningNetwork: false]}  network{null}  lp{{InterfaceName: wlan0 LinkAddresses: [fe80::c2ee:fbff:fe26:cbcf/64,]  Routes: [] DnsAddresses: [] Domains: null MTU: 0 TcpBufferSizes: 524288,1048576,2097152,262144,524288,1048576}}  nc{[ Transports: WIFI Capabilities: INTERNET&NOT_RESTRICTED&TRUSTED&NOT_VPN LinkUpBandwidth>=1048576Kbps LinkDnBandwidth>=1048576Kbps]}  Score{20} validated{false} created{false} explicitlySelected{false} }
D/ConnectivityService(  760): NetworkAgentInfo [WIFI () - 139] EVENT_NETWORK_INFO_CHANGED, going from null to CONNECTING
D/ConnectivityService(  760): updateNetworkScore for NetworkAgentInfo [WIFI () - 139] to 60
D/ConnectivityService(  760): NetworkAgentInfo [WIFI () - 139] EVENT_NETWORK_INFO_CHANGED, going from CONNECTING to DISCONNECTED
D/ConnectivityService(  760): NetworkAgentInfo [WIFI () - 139] got DISCONNECTED, was satisfying 0
D/ConnectivityService(  760): notifyType LOST for NetworkAgentInfo [WIFI () - 139]
D/Nat464Xlat(  760): requiresClat: netType=1, connected=false, hasIPv4Address=false
E/ConnectivityService(  760): EVENT_NETWORK_INFO_CHANGED from unknown NetworkAgent
W/ActivityManager(  760): getTasks: caller 10171 does not hold GET_TASKS; limiting output
W/ActivityManager(  760): getTasks: caller 10171 does not hold GET_TASKS; limiting output
W/ActivityManager(  760): getTasks: caller 10171 does not hold GET_TASKS; limiting output
W/ActivityManager(  760): getTasks: caller 10171 does not hold GET_TASKS; limiting output
W/ActivityManager(  760): getTasks: caller 10171 does not hold GET_TASKS; limiting output
W/ActivityManager(  760): getTasks: caller 10171 does not hold GET_TASKS; limiting output
W/ActivityManager(  760): getTasks: caller 10171 does not hold GET_TASKS; limiting output
W/ActivityManager(  760): getTasks: caller 10171 does not hold GET_TASKS; limiting output
I/ActivityManager(  760): Start proc com.cyngn.gallerynext for service com.cyngn.gallerynext/com.cyngn.route.AirPlayRouteProviderService: pid=13811 uid=10014 gids={50014, 9997, 3003, 1028, 1015, 1023} abi=armeabi-v7a
I/ActivityManager(  760): Start proc com.google.android.youtube for service com.google.android.youtube/.app.remote.YouTubeTvRouteProviderService: pid=13824 uid=10088 gids={50088, 9997, 3003, 1028, 1015} abi=armeabi-v7a
W/ActivityManager(  760): Permission Denial: Accessing service ComponentInfo{com.google.android.music/com.google.android.music.dial.DialMediaRouteProviderService} from pid=2489, uid=10033 that is not exported from uid 10066
W/ResourcesManager(13811): Asset path '/system/framework/com.google.android.media.effects.jar' does not exist or contains no resources.
D/WifiService(  760): acquireWifiLockLocked: WifiLock{NlpWifiLock type=2 binder=android.os.BinderProxy@37336232}
W/ResourcesManager(13824): Asset path '/system/framework/com.android.media.remotedisplay.jar' does not exist or contains no resources.
W/ResourcesManager(13824): Asset path '/system/framework/com.android.location.provider.jar' does not exist or contains no resources.
D/WifiService(  760): releaseWifiLockLocked: WifiLock{NlpWifiLock type=2 binder=android.os.BinderProxy@37336232}
I/ActivityManager(  760): Start proc com.cyanogenmod.lockclock for service com.cyanogenmod.lockclock/.weather.WeatherUpdateService: pid=13974 uid=10064 gids={50064, 9997, 3003} abi=armeabi-v7a
W/ActivityManager(  760): getTasks: caller 10171 does not hold GET_TASKS; limiting output
I/ActivityManager(  760): Killing 12910:com.google.android.apps.photos/u0a167 (adj 15): empty #17
W/libprocessgroup(  760): failed to open /acct/uid_10167/pid_12910/cgroup.procs: No such file or directory
W/ActivityManager(  760): getTasks: caller 10171 does not hold GET_TASKS; limiting output
I/ActivityManager(  760): Killing 12080:com.google.android.talk/u0a58 (adj 15): empty #17
W/libprocessgroup(  760): failed to open /acct/uid_10058/pid_12080/cgroup.procs: No such file or directory
I/ActivityManager(  760): Killing 12950:com.facebook.katana/u0a179 (adj 15): empty #17
D/WifiService(  760): Client connection lost with reason: 4
W/libprocessgroup(  760): failed to open /acct/uid_10179/pid_12950/cgroup.procs: No such file or directory
D/WifiService(  760): acquireWifiLockLocked: WifiLock{NlpWifiLock type=2 binder=android.os.BinderProxy@39e6f16f}
I/ValidateNoPeople(  760): skipping global notification
W/ActivityManager(  760): getTasks: caller 10171 does not hold GET_TASKS; limiting output
I/ValidateNoPeople(  760): skipping global notification
D/WifiService(  760): releaseWifiLockLocked: WifiLock{NlpWifiLock type=2 binder=android.os.BinderProxy@39e6f16f}
W/ActivityManager(  760): getTasks: caller 10171 does not hold GET_TASKS; limiting output
W/ActivityManager(  760): getTasks: caller 10171 does not hold GET_TASKS; limiting output
D/WifiService(  760): acquireWifiLockLocked: WifiLock{NlpWifiLock type=2 binder=android.os.BinderProxy@39e6f16f}
D/WifiService(  760): releaseWifiLockLocked: WifiLock{NlpWifiLock type=2 binder=android.os.BinderProxy@39e6f16f}
W/ActivityManager(  760): getTasks: caller 10171 does not hold GET_TASKS; limiting output
I/ValidateNoPeople(  760): skipping global notification
W/ActivityManager(  760): getTasks: caller 10171 does not hold GET_TASKS; limiting output
W/ActivityManager(  760): getTasks: caller 10171 does not hold GET_TASKS; limiting output
W/ActivityManager(  760): getTasks: caller 10171 does not hold GET_TASKS; limiting output
W/ActivityManager(  760): getTasks: caller 10171 does not hold GET_TASKS; limiting output
W/ActivityManager(  760): getTasks: caller 10171 does not hold GET_TASKS; limiting output
W/ActivityManager(  760): getTasks: caller 10171 does not hold GET_TASKS; limiting output
W/ActivityManager(  760): getTasks: caller 10171 does not hold GET_TASKS; limiting output
W/ActivityManager(  760): getTasks: caller 10171 does not hold GET_TASKS; limiting output
W/ActivityManager(  760): getTasks: caller 10171 does not hold GET_TASKS; limiting output
I/PowerManagerService(  760): Going to sleep due to power button (uid 1000)...
W/PowerManagerService(  760): The proximity sensor took too long, wake event already triggered!
I/DisplayManagerService(  760): Display device changed: DisplayDeviceInfo{"Built-in Screen": 1080 x 1920, 63.0 fps, supportedRefreshRates [63.0], density 480, 403.411 x 403.041 dpi, appVsyncOff 7500000, presDeadline 11873016, touch INTERNAL, rotation 0, type BUILT_IN, state OFF, FLAG_DEFAULT_DISPLAY, FLAG_ROTATES_WITH_CONTENT, FLAG_SECURE, FLAG_SUPPORTS_PROTECTED_BUFFERS}
V/ActivityManager(  760): Display changed displayId=0
I/DreamManagerService(  760): Entering dreamland.
I/PowerManagerService(  760): Dozing...
I/DreamController(  760): Starting dream: name=ComponentInfo{com.android.systemui/com.android.systemui.doze.DozeService}, isTest=false, canDoze=true, userId=0
W/ActivityManager(  760): getTasks: caller 10119 does not hold GET_TASKS; limiting output
W/ActivityManager(  760): getTasks: caller 10132 does not hold GET_TASKS; limiting output
D/ConnectivityService(  760): registerNetworkAgent NetworkAgentInfo{ ni{[type: WIFI[], state: CONNECTING/CONNECTING, reason: (unspecified), extra: "Belkin N1 Wirelless By Tellas", roaming: false, failover: false, isAvailable: true, isConnectedToProvisioningNetwork: false]}  network{null}  lp{{InterfaceName: wlan0 LinkAddresses: []  Routes: [] DnsAddresses: [] Domains: null MTU: 0 TcpBufferSizes: 524288,1048576,2097152,262144,524288,1048576}}  nc{[ Transports: WIFI Capabilities: INTERNET&NOT_RESTRICTED&TRUSTED&NOT_VPN LinkUpBandwidth>=1048576Kbps LinkDnBandwidth>=1048576Kbps]}  Score{20} validated{false} created{false} explicitlySelected{false} }
D/ConnectivityService(  760): NetworkAgentInfo [WIFI () - 140] EVENT_NETWORK_INFO_CHANGED, going from null to CONNECTING
D/ConnectivityService(  760): NetworkAgentInfo [WIFI () - 140] EVENT_NETWORK_INFO_CHANGED, going from CONNECTING to CONNECTED
D/ConnectivityService(  760): Adding iface wlan0 to network 140
E/ConnectivityService(  760): Unexpected mtu value: 0, wlan0
D/ConnectivityService(  760): Adding Route [fe80::/64 -> :: wlan0] to network 140
D/ConnectivityService(  760): Adding Route [192.168.1.0/24 -> 0.0.0.0 wlan0] to network 140
D/ConnectivityService(  760): Adding Route [0.0.0.0/0 -> 192.168.1.254 wlan0] to network 140
D/ConnectivityService(  760): Setting Dns servers for network 140 to [/192.168.1.254]
D/Nat464Xlat(  760): requiresClat: netType=1, connected=true, hasIPv4Address=true
D/ConnectivityService(  760): notifyType IP_CHANGED for NetworkAgentInfo [WIFI () - 140]
D/ConnectivityService(  760): notifyType PRECHECK for NetworkAgentInfo [WIFI () - 140]
D/ConnectivityService(  760): rematching NetworkAgentInfo [WIFI () - 140]
D/ConnectivityService(  760): Validated NetworkAgentInfo [WIFI () - 140]
D/ConnectivityService(  760): rematching NetworkAgentInfo [WIFI () - 140]
D/ConnectivityService(  760):    accepting network in place of NetworkAgentInfo [MOBILE (HSPA) - 138]
D/ConnectivityService(  760): Setting tx/rx TCP buffers to 524288,1048576,2097152,262144,524288,1048576
D/CSLegacyTypeTracker(  760): Sending disconnected broadcast for type 0 NetworkAgentInfo [MOBILE (HSPA) - 138] isDefaultNetwork=false
D/ConnectivityService(  760): sendStickyBroadcast: action=android.net.conn.CONNECTIVITY_CHANGE_IMMEDIATE
D/CSLegacyTypeTracker(  760): Sending connected broadcast for type 1 NetworkAgentInfo [WIFI () - 140] isDefaultNetwork=true
D/ConnectivityService(  760): sendStickyBroadcast: action=android.net.conn.CONNECTIVITY_CHANGE_IMMEDIATE
D/ConnectivityService(  760): notifyType LOSING for NetworkAgentInfo [MOBILE (HSPA) - 138]
D/ConnectivityService(  760): Switching to new default network: NetworkAgentInfo{ ni{[type: WIFI[], state: CONNECTED/CONNECTED, reason: (unspecified), extra: "Belkin N1 Wirelless By Tellas", roaming: false, failover: false, isAvailable: true, isConnectedToProvisioningNetwork: false]}  network{140}  lp{{InterfaceName: wlan0 LinkAddresses: [fe80::c2ee:fbff:fe26:cbcf/64,192.168.1.64/24,]  Routes: [fe80::/64 -> :: wlan0,192.168.1.0/24 -> 0.0.0.0 wlan0,0.0.0.0/0 -> 192.168.1.254 wlan0,] DnsAddresses: [192.168.1.254,] Domains: null MTU: 0 TcpBufferSizes: 524288,1048576,2097152,262144,524288,1048576}}  nc{[ Transports: WIFI Capabilities: INTERNET&NOT_RESTRICTED&TRUSTED&NOT_VPN LinkUpBandwidth>=1048576Kbps LinkDnBandwidth>=1048576Kbps]}  Score{60} validated{true} created{true} explicitlySelected{false} }
D/ConnectivityService(  760): notifyType AVAILABLE for NetworkAgentInfo [WIFI () - 140]
D/ConnectivityService(  760): NetworkAgentInfo [MOBILE (HSPA) - 138] EVENT_NETWORK_INFO_CHANGED, going from CONNECTED to DISCONNECTED
D/ConnectivityService(  760): NetworkAgentInfo [MOBILE (HSPA) - 138] got DISCONNECTED, was satisfying 1
W/ProcessCpuTracker(  760): Skipping unknown process pid 14144
D/ConnectivityService(  760): notifyType LOST for NetworkAgentInfo [MOBILE (HSPA) - 138]
D/Nat464Xlat(  760): requiresClat: netType=0, connected=false, hasIPv4Address=true
D/ConnectivityService(  760): reportBadNetwork(NetworkAgentInfo [WIFI () - 140]) by 10015
I/ActivityManager(  760): Start proc com.google.android.talk for broadcast com.google.android.talk/com.google.android.apps.hangouts.service.NetworkStateReceiver: pid=14163 uid=10058 gids={50058, 9997, 3003, 1028, 1015, 3002} abi=armeabi-v7a
D/ConnectivityService(  760): Validated NetworkAgentInfo [WIFI () - 140]
D/ConnectivityService(  760): rematching NetworkAgentInfo [WIFI () - 140]
D/ConnectivityService(  760): Network NetworkAgentInfo [WIFI () - 140] was already satisfying request 1. No change.
D/ConnectivityService(  760): notifyType AVAILABLE for NetworkAgentInfo [WIFI () - 140]
W/ResourcesManager(14163): Asset path '/system/framework/com.google.android.media.effects.jar' does not exist or contains no resources.
I/ActivityManager(  760): Killing 12684:com.cleanmaster.mguard/u0a130 (adj 15): empty #17
D/WifiService(  760): Client connection lost with reason: 4
W/libprocessgroup(  760): failed to open /acct/uid_10130/pid_12684/cgroup.procs: No such file or directory
D/ConnectivityService(  760): sendStickyBroadcast: action=android.net.conn.CONNECTIVITY_CHANGE
I/ActivityManager(  760): Start proc com.google.android.music:main for broadcast com.google.android.music/.leanback.notifications.LeanbackRecommendationsService$LeanbackRecommendationReceiver: pid=14198 uid=10066 gids={50066, 9997, 3003, 1028, 1015} abi=armeabi-v7a
I/ActivityManager(  760): Start proc com.google.android.apps.plus for service com.google.android.apps.plus/.service.EsSyncAdapterService: pid=14215 uid=10077 gids={50077, 9997, 3003, 3002, 1028, 1015} abi=armeabi-v7a
W/BackupManagerService(  760): dataChanged but no participant pkg='com.android.providers.settings' uid=10171
W/BackupManagerService(  760): dataChanged but no participant pkg='com.android.providers.settings' uid=10171
W/ResourcesManager(14215): Asset path '/system/framework/com.google.android.maps.jar' does not exist or contains no resources.
D/ConnectivityService(  760): sendStickyBroadcast: action=android.net.conn.CONNECTIVITY_CHANGE
D/WifiService(  760): New client listening to asynchronous messages
W/BackupManagerService(  760): dataChanged but no participant pkg='com.android.providers.settings' uid=10171
W/BackupManagerService(  760): dataChanged but no participant pkg='com.android.providers.settings' uid=10171
I/ActivityManager(  760): Start proc android.process.media for content provider com.android.providers.media/.MediaProvider: pid=14246 uid=10012 gids={50012, 9997, 2001, 3003, 1028, 1015, 3007, 1023, 1024} abi=armeabi-v7a
W/ResourcesManager(14198): Asset path '/system/framework/com.android.media.remotedisplay.jar' does not exist or contains no resources.
W/ResourcesManager(14198): Asset path '/system/framework/com.android.location.provider.jar' does not exist or contains no resources.
I/ActivityManager(  760): Killing 13169:com.android.deskclock/u0a49 (adj 15): empty #17
W/ActivityThread(14198): ClassLoader.loadClass: The class loader returned by Thread.getContextClassLoader() may fail for processes that host multiple applications. You should explicitly specify a context class loader. For example: Thread.setContextClassLoader(getClass().getClassLoader());
W/libprocessgroup(  760): failed to open /acct/uid_10049/pid_13169/cgroup.procs: No such file or directory
I/ActivityManager(  760): Start proc com.cyngn.fota for broadcast com.cyngn.fota/.SystemUpdateReceiver: pid=14300 uid=10003 gids={50003, 9997, 2001, 1028, 1015, 1023, 3003} abi=armeabi-v7a
I/ActivityManager(  760): Start proc com.android.mms for broadcast com.android.mms/.transaction.MmsSystemEventReceiver: pid=14325 uid=10021 gids={50021, 9997, 3003, 1028, 1015} abi=armeabi-v7a
I/ActivityManager(  760): Killing 13070:com.android.cellbroadcastreceiver/u0a7 (adj 15): empty #17
W/libprocessgroup(  760): failed to open /acct/uid_10007/pid_13070/cgroup.procs: No such file or directory
D/CountryDetector(  760): The first listener is added
W/ResourcesManager(14325): Asset path '/system/framework/com.google.android.media.effects.jar' does not exist or contains no resources.
I/ActivityManager(  760): Start proc com.android.chrome for broadcast com.android.chrome/org.chromium.chrome.browser.precache.PrecacheServiceLauncher: pid=14361 uid=10046 gids={50046, 9997, 3003, 1028, 1015} abi=armeabi-v7a
I/ActivityManager(  760): Killing 13244:com.twitter.android/u0a135 (adj 15): empty #17
W/libprocessgroup(  760): failed to open /acct/uid_10135/pid_13244/cgroup.procs: No such file or directory
I/ActivityManager(  760): Killing 13470:com.estrongs.android.pop/u0a129 (adj 15): empty #17
I/libprocessgroup(  760): Killing pid 13493 in uid 10129 as part of process group 13470
I/libprocessgroup(  760): Killing pid 13493 in uid 10129 as part of process group 13470
E/WifiService(  760): Multicaster binderDied
D/WifiService(  760): Client connection lost with reason: 4
W/libprocessgroup(  760): failed to open /acct/uid_10129/pid_13470/cgroup.procs: No such file or directory
I/ActivityManager(  760): Start proc com.google.android.apps.magazines for broadcast com.google.android.apps.magazines/com.google.apps.dots.android.newsstand.appwidget.NewsWidgetProvider: pid=14386 uid=10068 gids={50068, 9997, 3003, 1028, 1015} abi=armeabi-v7a
I/ActivityManager(  760): Killing 13537:com.urbandroid.sleep/u0a103 (adj 15): empty #17
W/libprocessgroup(  760): failed to open /acct/uid_10103/pid_13537/cgroup.procs: No such file or directory
I/ActivityManager(  760): Killing 13558:com.google.android.apps.fitness/u0a105 (adj 15): empty #17
W/libprocessgroup(  760): failed to open /acct/uid_10105/pid_13558/cgroup.procs: No such file or directory
I/ActivityManager(  760): Start proc gr.sport24 for broadcast gr.sport24/ly.warp.receivers.ConnectivityChangedReceiver: pid=14445 uid=10104 gids={50104, 9997, 3003, 1028, 1015} abi=armeabi-v7a
I/ActivityManager(  760): Killing 12796:com.instagram.android/u0a160 (adj 15): empty #17
W/libprocessgroup(  760): failed to open /acct/uid_10160/pid_12796/cgroup.procs: No such file or directory
I/ActivityManager(  760): Start proc com.mobisystems.office:browser for broadcast com.mobisystems.office/.io.NetworkChangeReceiver: pid=14477 uid=10158 gids={50158, 9997, 3003, 1028, 1015} abi=armeabi-v7a
I/ActivityManager(  760): Killing 13811:com.cyngn.gallerynext/u0a14 (adj 15): empty #17
W/libprocessgroup(  760): failed to open /acct/uid_10014/pid_13811/cgroup.procs: No such file or directory
I/ActivityManager(  760): Start proc com.pinapps.gazzetta for broadcast com.pinapps.gazzetta/ly.warp.receivers.ConnectivityChangedReceiver: pid=14504 uid=10133 gids={50133, 9997, 3003, 1028, 1015} abi=armeabi-v7a
I/ActivityManager(  760): Killing 13824:com.google.android.youtube/u0a88 (adj 15): empty #17
W/libprocessgroup(  760): failed to open /acct/uid_10088/pid_13824/cgroup.procs: No such file or directory
I/ActivityManager(  760): Killing 13006:com.ifttt.ifttt/u0a148 (adj 15): empty #17
W/libprocessgroup(  760): failed to open /acct/uid_10148/pid_13006/cgroup.procs: No such file or directory
I/ActivityManager(  760): Start proc com.cleanmaster.mguard for service com.cleanmaster.mguard/com.cleanmaster.service.LocalService: pid=14524 uid=10130 gids={50130, 9997, 1028, 1015, 3003} abi=armeabi
I/ActivityManager(  760): Start proc com.cleanmaster.mguard:float for service com.cleanmaster.mguard/com.cmcm.swiper.SwiperService: pid=14545 uid=10130 gids={50130, 9997, 1028, 1015, 3003} abi=armeabi
I/ActivityManager(  760): Start proc com.dailymotion.dailymotion for broadcast com.dailymotion.dailymotion/.receiver.ConnectivityReceiver: pid=14580 uid=10100 gids={50100, 9997, 3003, 1028, 1015} abi=armeabi-v7a
I/ActivityManager(  760): Killing 13042:com.zentertain.photoeditor:aviary_cds/u0a161 (adj 15): empty #17
W/libprocessgroup(  760): failed to open /acct/uid_10161/pid_13042/cgroup.procs: No such file or directory
D/WifiService(  760): acquireWifiLockLocked: WifiLock{UploadService type=1 binder=android.os.BinderProxy@34026ed5}
W/BackupManagerService(  760): dataChanged but no participant pkg='com.android.providers.settings' uid=10171
D/WifiService(  760): releaseWifiLockLocked: WifiLock{UploadService type=1 binder=android.os.BinderProxy@34026ed5}
I/ActivityManager(  760): Killing 13224:android.process.acore/u0a8 (adj 15): empty #17
W/BackupManagerService(  760): dataChanged but no participant pkg='com.android.providers.settings' uid=10171
W/libprocessgroup(  760): failed to open /acct/uid_10008/pid_13224/cgroup.procs: No such file or directory
W/BackupManagerService(  760): dataChanged but no participant pkg='com.android.providers.settings' uid=10171
W/BackupManagerService(  760): dataChanged but no participant pkg='com.android.providers.settings' uid=10171
I/ActivityManager(  760): Start proc com.instagram.android for broadcast com.instagram.android/com.instagram.push.fbns.NetworkBroadcastReceiver: pid=14646 uid=10160 gids={50160, 9997, 3003, 1028, 1015} abi=armeabi-v7a
W/ResourcesManager(14646): Asset path '/system/framework/com.google.android.maps.jar' does not exist or contains no resources.
I/ActivityManager(  760): Start proc mobi.mgeek.TunnyBrowser for broadcast mobi.mgeek.TunnyBrowser/com.dolphin.browser.downloads.DownloadReceiver: pid=14688 uid=10112 gids={50112, 9997, 3003, 1028, 1015} abi=armeabi
W/ResourcesManager(14545): Asset path '/system/framework/com.google.android.media.effects.jar' does not exist or contains no resources.
I/ActivityManager(  760): Killing 14198:com.google.android.music:main/u0a66 (adj 15): empty #17
W/libprocessgroup(  760): failed to open /acct/uid_10066/pid_14198/cgroup.procs: No such file or directory
W/ActivityThread(14688): ClassLoader.loadClass: The class loader returned by Thread.getContextClassLoader() may fail for processes that host multiple applications. You should explicitly specify a context class loader. For example: Thread.setContextClassLoader(getClass().getClassLoader());
I/ActivityManager(  760): Start proc com.yahoo.mobile.client.android.flickr:com.yahoo.snp.service for broadcast com.yahoo.mobile.client.android.flickr/com.yahoo.platform.mobile.push.PushAgentReceiver: pid=14721 uid=10142 gids={50142, 9997, 1028, 1015, 3003} abi=armeabi-v7a
I/ActivityManager(  760): Killing 13494:com.anydo/u0a143 (adj 15): empty #17
W/libprocessgroup(  760): failed to open /acct/uid_10143/pid_13494/cgroup.procs: No such file or directory
I/ActivityManager(  760): Killing 14300:com.cyngn.fota/u0a3 (adj 15): empty #17
W/libprocessgroup(  760): failed to open /acct/uid_10003/pid_14300/cgroup.procs: No such file or directory
I/ActivityManager(  760): Start proc com.google.android.apps.photos for broadcast com.google.android.apps.photos/.jobqueue.JobServiceBroadcastReceiver: pid=14751 uid=10167 gids={50167, 9997, 3003, 3002, 1028, 1015} abi=armeabi-v7a
I/ActivityManager(  760): Killing 14246:android.process.media/u0a12 (adj 15): empty #17
W/libprocessgroup(  760): failed to open /acct/uid_10012/pid_14246/cgroup.procs: No such file or directory
I/ActivityManager(  760): Killing 14325:com.android.mms/u0a21 (adj 15): empty #17
D/CountryDetector(  760): No listener is left
W/libprocessgroup(  760): failed to open /acct/uid_10021/pid_14325/cgroup.procs: No such file or directory
I/ActivityManager(  760): Start proc com.google.android.music:main for broadcast com.google.android.music/.leanback.notifications.LeanbackRecommendationsService$LeanbackRecommendationReceiver: pid=14774 uid=10066 gids={50066, 9997, 3003, 1028, 1015} abi=armeabi-v7a
W/ResourcesManager(14774): Asset path '/system/framework/com.android.media.remotedisplay.jar' does not exist or contains no resources.
W/ResourcesManager(14774): Asset path '/system/framework/com.android.location.provider.jar' does not exist or contains no resources.
W/ActivityThread(14774): ClassLoader.loadClass: The class loader returned by Thread.getContextClassLoader() may fail for processes that host multiple applications. You should explicitly specify a context class loader. For example: Thread.setContextClassLoader(getClass().getClassLoader());
I/ActivityManager(  760): Start proc com.anydo for broadcast com.anydo/.service.PeriodicServiceStartupReceiver: pid=14805 uid=10143 gids={50143, 9997, 3003, 1028, 1015} abi=armeabi-v7a
I/ActivityManager(  760): Killing 13974:com.cyanogenmod.lockclock/u0a64 (adj 15): empty #17
W/libprocessgroup(  760): failed to open /acct/uid_10064/pid_13974/cgroup.procs: No such file or directory
I/ActivityManager(  760): Start proc com.cyngn.fota for broadcast com.cyngn.fota/.SystemUpdateReceiver: pid=14845 uid=10003 gids={50003, 9997, 2001, 1028, 1015, 1023, 3003} abi=armeabi-v7a
I/ActivityManager(  760): Killing 14361:com.android.chrome/u0a46 (adj 15): empty #17
I/ActivityManager(  760): Start proc android.process.media for broadcast com.android.providers.downloads/.DownloadReceiver: pid=14874 uid=10012 gids={50012, 9997, 2001, 3003, 1028, 1015, 3007, 1023, 1024} abi=armeabi-v7a
W/libprocessgroup(  760): failed to open /acct/uid_10046/pid_14361/cgroup.procs: No such file or directory
I/ActivityManager(  760): Start proc com.android.mms for broadcast com.android.mms/.transaction.MmsSystemEventReceiver: pid=14897 uid=10021 gids={50021, 9997, 3003, 1028, 1015} abi=armeabi-v7a
I/ActivityManager(  760): Killing 14163:com.google.android.talk/u0a58 (adj 15): empty #17
W/libprocessgroup(  760): failed to open /acct/uid_10058/pid_14163/cgroup.procs: No such file or directory
I/ActivityManager(  760): Killing 14386:com.google.android.apps.magazines/u0a68 (adj 15): empty #17
W/libprocessgroup(  760): failed to open /acct/uid_10068/pid_14386/cgroup.procs: No such file or directory
D/CountryDetector(  760): The first listener is added
W/ResourcesManager(14897): Asset path '/system/framework/com.google.android.media.effects.jar' does not exist or contains no resources.
I/ActivityManager(  760): Start proc com.cyanogenmod.lockclock for broadcast com.cyanogenmod.lockclock/.ClockWidgetProvider: pid=14923 uid=10064 gids={50064, 9997, 3003} abi=armeabi-v7a
I/ActivityManager(  760): Start proc android.process.acore for content provider com.android.providers.contacts/.ContactsProvider2: pid=14941 uid=10008 gids={50008, 9997, 3003, 1028, 1015} abi=armeabi-v7a
I/ActivityManager(  760): Start proc com.android.chrome for broadcast com.android.chrome/org.chromium.chrome.browser.precache.PrecacheServiceLauncher: pid=14958 uid=10046 gids={50046, 9997, 3003, 1028, 1015} abi=armeabi-v7a
I/ActivityManager(  760): Killing 14445:gr.sport24/u0a104 (adj 15): empty #17
I/ActivityManager(  760): Killing 14215:com.google.android.apps.plus/u0a77 (adj 15): empty #18
W/libprocessgroup(  760): failed to open /acct/uid_10104/pid_14445/cgroup.procs: No such file or directory
W/libprocessgroup(  760): failed to open /acct/uid_10077/pid_14215/cgroup.procs: No such file or directory
I/ActivityManager(  760): Killing 14477:com.mobisystems.office:browser/u0a158 (adj 15): empty #17
W/libprocessgroup(  760): failed to open /acct/uid_10158/pid_14477/cgroup.procs: No such file or directory
I/ActivityManager(  760): Start proc com.google.android.talk for broadcast com.google.android.talk/com.google.android.apps.hangouts.service.NetworkStateReceiver: pid=14978 uid=10058 gids={50058, 9997, 3003, 1028, 1015, 3002} abi=armeabi-v7a
I/ActivityManager(  760): Killing 14504:com.pinapps.gazzetta/u0a133 (adj 15): empty #17
W/libprocessgroup(  760): failed to open /acct/uid_10133/pid_14504/cgroup.procs: No such file or directory
W/ResourcesManager(14978): Asset path '/system/framework/com.google.android.media.effects.jar' does not exist or contains no resources.
I/ActivityManager(  760): Start proc com.google.android.apps.plus for broadcast com.google.android.apps.plus/.service.ConnectivityReceiver: pid=15008 uid=10077 gids={50077, 9997, 3003, 3002, 1028, 1015} abi=armeabi-v7a
W/ResourcesManager(15008): Asset path '/system/framework/com.google.android.maps.jar' does not exist or contains no resources.
I/ActivityManager(  760): Killing 14545:com.cleanmaster.mguard:float/u0a130 (adj 15): empty #17
W/libprocessgroup(  760): failed to open /acct/uid_10130/pid_14545/cgroup.procs: No such file or directory
I/ActivityManager(  760): Start proc com.google.android.apps.magazines for broadcast com.google.android.apps.magazines/com.google.apps.dots.android.newsstand.appwidget.NewsWidgetProvider: pid=15039 uid=10068 gids={50068, 9997, 3003, 1028, 1015} abi=armeabi-v7a
I/ActivityManager(  760): Killing 14524:com.cleanmaster.mguard/u0a130 (adj 15): empty #17
W/libprocessgroup(  760): failed to open /acct/uid_10130/pid_14524/cgroup.procs: No such file or directory
I/ActivityManager(  760): Killing 14580:com.dailymotion.dailymotion/u0a100 (adj 15): empty #17
W/libprocessgroup(  760): failed to open /acct/uid_10100/pid_14580/cgroup.procs: No such file or directory
I/ActivityManager(  760): Start proc gr.sport24 for broadcast gr.sport24/ly.warp.receivers.ConnectivityChangedReceiver: pid=15096 uid=10104 gids={50104, 9997, 3003, 1028, 1015} abi=armeabi-v7a
I/ActivityManager(  760): Start proc com.mobisystems.office:browser for broadcast com.mobisystems.office/.io.NetworkChangeReceiver: pid=15127 uid=10158 gids={50158, 9997, 3003, 1028, 1015} abi=armeabi-v7a
I/ActivityManager(  760): Killing 14646:com.instagram.android/u0a160 (adj 15): empty #17
W/libprocessgroup(  760): failed to open /acct/uid_10160/pid_14646/cgroup.procs: No such file or directory
I/ActivityManager(  760): Start proc com.pinapps.gazzetta for broadcast com.pinapps.gazzetta/ly.warp.receivers.ConnectivityChangedReceiver: pid=15155 uid=10133 gids={50133, 9997, 3003, 1028, 1015} abi=armeabi-v7a
I/ActivityManager(  760): Killing 14688:mobi.mgeek.TunnyBrowser/u0a112 (adj 15): empty #17
W/libprocessgroup(  760): failed to open /acct/uid_10112/pid_14688/cgroup.procs: No such file or directory
I/ActivityManager(  760): Killing 14721:com.yahoo.mobile.client.android.flickr:com.yahoo.snp.service/u0a142 (adj 15): empty #17
W/libprocessgroup(  760): failed to open /acct/uid_10142/pid_14721/cgroup.procs: No such file or directory
I/ActivityManager(  760): Start proc com.cleanmaster.mguard for service com.cleanmaster.mguard/com.cleanmaster.service.LocalService: pid=15176 uid=10130 gids={50130, 9997, 1028, 1015, 3003} abi=armeabi
I/ActivityManager(  760): Start proc com.cleanmaster.mguard:float for service com.cleanmaster.mguard/com.cmcm.swiper.SwiperService: pid=15197 uid=10130 gids={50130, 9997, 1028, 1015, 3003} abi=armeabi
I/ActivityManager(  760): Start proc com.dailymotion.dailymotion for broadcast com.dailymotion.dailymotion/.receiver.ConnectivityReceiver: pid=15232 uid=10100 gids={50100, 9997, 3003, 1028, 1015} abi=armeabi-v7a
I/ActivityManager(  760): Killing 14751:com.google.android.apps.photos/u0a167 (adj 15): empty #17
W/libprocessgroup(  760): failed to open /acct/uid_10167/pid_14751/cgroup.procs: No such file or directory
D/WifiService(  760): acquireWifiLockLocked: WifiLock{UploadService type=1 binder=android.os.BinderProxy@31be7ff9}
W/BackupManagerService(  760): dataChanged but no participant pkg='com.android.providers.settings' uid=10171
W/BackupManagerService(  760): dataChanged but no participant pkg='com.android.providers.settings' uid=10171
W/BackupManagerService(  760): dataChanged but no participant pkg='com.android.providers.settings' uid=10171
D/WifiService(  760): releaseWifiLockLocked: WifiLock{UploadService type=1 binder=android.os.BinderProxy@31be7ff9}
W/BackupManagerService(  760): dataChanged but no participant pkg='com.android.providers.settings' uid=10171
I/ActivityManager(  760): Killing 14774:com.google.android.music:main/u0a66 (adj 15): empty #17
W/libprocessgroup(  760): failed to open /acct/uid_10066/pid_14774/cgroup.procs: No such file or directory
I/ActivityManager(  760): Start proc com.instagram.android for broadcast com.instagram.android/com.instagram.push.fbns.NetworkBroadcastReceiver: pid=15291 uid=10160 gids={50160, 9997, 3003, 1028, 1015} abi=armeabi-v7a
W/ResourcesManager(15291): Asset path '/system/framework/com.google.android.maps.jar' does not exist or contains no resources.
I/ActivityManager(  760): Start proc mobi.mgeek.TunnyBrowser for broadcast mobi.mgeek.TunnyBrowser/com.dolphin.browser.downloads.DownloadReceiver: pid=15332 uid=10112 gids={50112, 9997, 3003, 1028, 1015} abi=armeabi
W/ActivityThread(15332): ClassLoader.loadClass: The class loader returned by Thread.getContextClassLoader() may fail for processes that host multiple applications. You should explicitly specify a context class loader. For example: Thread.setContextClassLoader(getClass().getClassLoader());
I/ActivityManager(  760): Killing 14845:com.cyngn.fota/u0a3 (adj 15): empty #17
W/libprocessgroup(  760): failed to open /acct/uid_10003/pid_14845/cgroup.procs: No such file or directory
W/ResourcesManager(15197): Asset path '/system/framework/com.google.android.media.effects.jar' does not exist or contains no resources.
I/ActivityManager(  760): Start proc com.yahoo.mobile.client.android.flickr:com.yahoo.snp.service for broadcast com.yahoo.mobile.client.android.flickr/com.yahoo.platform.mobile.push.PushAgentReceiver: pid=15368 uid=10142 gids={50142, 9997, 1028, 1015, 3003} abi=armeabi-v7a
I/ActivityManager(  760): Killing 14805:com.anydo/u0a143 (adj 15): empty #17
W/libprocessgroup(  760): failed to open /acct/uid_10143/pid_14805/cgroup.procs: No such file or directory
I/ActivityManager(  760): Killing 14897:com.android.mms/u0a21 (adj 15): empty #17
D/CountryDetector(  760): No listener is left
W/libprocessgroup(  760): failed to open /acct/uid_10021/pid_14897/cgroup.procs: No such file or directory
I/ActivityManager(  760): Start proc com.google.android.apps.photos for broadcast com.google.android.apps.photos/.jobqueue.JobServiceBroadcastReceiver: pid=15399 uid=10167 gids={50167, 9997, 3003, 3002, 1028, 1015} abi=armeabi-v7a
I/ActivityManager(  760): Killing 14923:com.cyanogenmod.lockclock/u0a64 (adj 15): empty #17
W/libprocessgroup(  760): failed to open /acct/uid_10064/pid_14923/cgroup.procs: No such file or directory
I/ActivityManager(  760): Killing 14958:com.android.chrome/u0a46 (adj 15): empty #17
W/libprocessgroup(  760): failed to open /acct/uid_10046/pid_14958/cgroup.procs: No such file or directory
I/ActivityManager(  760): Start proc com.android.mms for broadcast com.android.mms/.transaction.SmsReceiver: pid=15422 uid=10021 gids={50021, 9997, 3003, 1028, 1015} abi=armeabi-v7a
D/CountryDetector(  760): The first listener is added
W/ResourcesManager(15422): Asset path '/system/framework/com.google.android.media.effects.jar' does not exist or contains no resources.
I/ActivityManager(  760): Start proc com.anydo for broadcast com.anydo/.widget.SmallWidget: pid=15453 uid=10143 gids={50143, 9997, 3003, 1028, 1015} abi=armeabi-v7a
W/ResourcesManager(15422): Asset path '/system/framework/com.google.android.media.effects.jar' does not exist or contains no resources.
D/WifiService(  760): acquireWifiLockLocked: WifiLock{NlpWifiLock type=2 binder=android.os.BinderProxy@3a42fd57}
I/ActivityManager(  760): Killing 14874:android.process.media/u0a12 (adj 15): empty #17
W/libprocessgroup(  760): failed to open /acct/uid_10012/pid_14874/cgroup.procs: No such file or directory
I/ActivityManager(  760): Start proc com.google.android.music:main for broadcast com.google.android.music/.leanback.AutoCacheSchedulingService$EnablingReceiver: pid=15496 uid=10066 gids={50066, 9997, 3003, 1028, 1015} abi=armeabi-v7a
W/ResourcesManager(15496): Asset path '/system/framework/com.android.media.remotedisplay.jar' does not exist or contains no resources.
W/ResourcesManager(15496): Asset path '/system/framework/com.android.location.provider.jar' does not exist or contains no resources.
W/ActivityThread(15496): ClassLoader.loadClass: The class loader returned by Thread.getContextClassLoader() may fail for processes that host multiple applications. You should explicitly specify a context class loader. For example: Thread.setContextClassLoader(getClass().getClassLoader());
I/ActivityManager(  760): Start proc com.google.android.gms.wearable for service com.google.android.gms/.wearable.service.WearableService: pid=15533 uid=10015 gids={50015, 9997, 2001, 3003, 1007, 3006, 1028, 1015, 3002, 3001, 1005, 3007} abi=armeabi-v7a
W/ResourcesManager(15533): Asset path '/system/framework/com.android.media.remotedisplay.jar' does not exist or contains no resources.
W/ResourcesManager(15533): Asset path '/system/framework/com.android.location.provider.jar' does not exist or contains no resources.
I/ActivityManager(  760): Killing 15039:com.google.android.apps.magazines/u0a68 (adj 15): empty #17
I/ActivityManager(  760): Killing 15008:com.google.android.apps.plus/u0a77 (adj 15): empty #18
W/libprocessgroup(  760): failed to open /acct/uid_10077/pid_15008/cgroup.procs: No such file or directory
W/libprocessgroup(  760): failed to open /acct/uid_10068/pid_15039/cgroup.procs: No such file or directory
D/WifiService(  760): releaseWifiLockLocked: WifiLock{NlpWifiLock type=2 binder=android.os.BinderProxy@3a42fd57}
I/PowerManagerService(  760): Waking up from dozing (uid 10132)...
I/DisplayPowerController(  760): Blocking screen on until initial contents have been drawn.
I/DisplayManagerService(  760): Display device changed: DisplayDeviceInfo{"Built-in Screen": 1080 x 1920, 63.0 fps, supportedRefreshRates [63.0], density 480, 403.411 x 403.041 dpi, appVsyncOff 7500000, presDeadline 11873016, touch INTERNAL, rotation 0, type BUILT_IN, state ON, FLAG_DEFAULT_DISPLAY, FLAG_ROTATES_WITH_CONTENT, FLAG_SECURE, FLAG_SUPPORTS_PROTECTED_BUFFERS}
V/ActivityManager(  760): Display changed displayId=0
I/ActivityManager(  760): START u0 {act=com.viber.voip.action.MESSAGE_POPUP flg=0x10000000 cmp=com.viber.voip/.messages.ui.popup.PopupMessageActivity} from uid 10132 on display 0
V/ActivityManager(  760): Display changed displayId=0
I/DisplayPowerController(  760): Unblocked screen on after 154 ms
I/ActivityManager(  760): Start proc com.facebook.katana for content provider com.facebook.katana/.provider.AttributionIdProvider: pid=15591 uid=10179 gids={50179, 9997, 1028, 1015, 3003} abi=armeabi-v7a
W/ActivityManager(  760): getTasks: caller 10171 does not hold GET_TASKS; limiting output
I/ValidateNoPeople(  760): Validating: 0|com.viber.voip|-1003|message|10132
I/ValidateNoPeople(  760): final affinity: 0.5
I/DreamManagerService(  760): Gently waking up from dream.
I/DreamManagerService(  760): Leaving dreamland.
I/DreamController(  760): Stopping dream: name=ComponentInfo{com.android.systemui/com.android.systemui.doze.DozeService}, isTest=false, canDoze=true, userId=0
