W/Bundle  (  760): Key android.app.searchable expected Integer but value was a java.lang.String.  The default value 0 was returned.
I/Input   (22491): injectKeyEvent: KeyEvent { action=ACTION_DOWN, keyCode=KEYCODE_MENU, scanCode=0, metaState=0, flags=0x0, repeatCount=0, eventTime=230196573, downTime=230196573, deviceId=-1, source=0x101 }
W/Bundle  (  760): Attempt to cast generated internal exception:
W/Bundle  (  760): java.lang.ClassCastException: java.lang.String cannot be cast to java.lang.Integer
W/Bundle  (  760): 	at android.os.BaseBundle.getInt(BaseBundle.java:800)
W/Bundle  (  760): 	at android.os.BaseBundle.getInt(BaseBundle.java:782)
W/Bundle  (  760): 	at android.content.pm.PackageItemInfo.loadXmlMetaData(PackageItemInfo.java:268)
W/Bundle  (  760): 	at android.app.SearchableInfo.getActivityMetaData(SearchableInfo.java:526)
W/Bundle  (  760): 	at com.android.server.search.Searchables.buildSearchableList(Searchables.java:237)
W/Bundle  (  760): 	at com.android.server.search.SearchManagerService$MyPackageMonitor.updateSearchables(SearchManagerService.java:159)
W/Bundle  (  760): 	at com.android.server.search.SearchManagerService$MyPackageMonitor.onSomePackagesChanged(SearchManagerService.java:145)
W/Bundle  (  760): 	at com.android.internal.content.PackageMonitor.onReceive(PackageMonitor.java:402)
W/Bundle  (  760): 	at android.app.LoadedApk$ReceiverDispatcher$Args.run(LoadedApk.java:862)
W/Bundle  (  760): 	at android.os.Handler.handleCallback(Handler.java:739)
W/Bundle  (  760): 	at android.os.Handler.dispatchMessage(Handler.java:95)
W/Bundle  (  760): 	at android.os.Looper.loop(Looper.java:135)
W/Bundle  (  760): 	at android.os.HandlerThread.run(HandlerThread.java:61)
I/MicrophoneInputStream( 2489): mic_close com.google.android.apps.gsa.speech.audio.w@310cc7eb
I/Input   (22491): injectKeyEvent: KeyEvent { action=ACTION_UP, keyCode=KEYCODE_MENU, scanCode=0, metaState=0, flags=0x0, repeatCount=0, eventTime=230196573, downTime=230196573, deviceId=-1, source=0x101 }
D/audio_hw_primary(  224): in_standby: enter: stream (0xb114bd40) usecase(7: audio-record)
D/hardware_info(  224): hw_info_append_hw_type : device_name = voice-rec-mic
I/listen_hal_loader(  224): audio_extn_listen_update_status(): start listen. current active device = voice-rec-mic. Event = 0
V/listen_hw(  224): listen_hw_notify_event: Enter
V/listen_hw(  224): handle_notify_event: Enter, event type = 0
V/listen_hw(  224): handle_notify_event: nothing to do, actual mad state = 0
D/audio_hw_primary(  224): adev_close_input_stream: enter:stream_handle(0xb114bd40)
D/audio_hw_primary(  224): in_standby: enter: stream (0xb114bd40) usecase(7: audio-record)
I/HotwordRecognitionRnr( 2489): Hotword detection finished
I/HotwordRecognitionRnr( 2489): Stopping hotword detection.
W/Launcher.Model(22436): Nobody to tell about the new app.  Launcher is probably loading.
D/AndroidRuntime(22491): Shutting down VM
W/GAV2    (22475): Thread[main,5,main]: Need to call initialize() and be in fallback mode to start dispatch.
D/AndroidRuntime(22518): 
D/AndroidRuntime(22518): >>>>>> AndroidRuntime START com.android.internal.os.RuntimeInit <<<<<<
D/AndroidRuntime(22518): CheckJNI is OFF
E/NetworkScheduler.SchedulerReceiver( 1766): Invalid parameter app
E/NetworkScheduler.SchedulerReceiver( 1766): Invalid package name : Perhaps you didn't include a PendingIntent in the extras?
D/ChimeraRcvrProxy( 1916): Creating receiver proxy ComponentInfo{com.google.android.gms/com.google.android.gms.games.chimera.GamesSystemBroadcastReceiverProxy}
D/ChimeraRcvrProxy( 1916): Proxying container receiver ComponentInfo{com.google.android.gms/com.google.android.gms.games.chimera.GamesSystemBroadcastReceiverProxy} to Chimera receiver impl com.google.android.gms.games.receiver.PlaySystemBroadcastReceiver
D/ChimeraCfgMgr( 1916): Loading module com.google.android.gms.games from APK com.google.android.play.games
D/ChimeraModuleLdr( 1916): Module APK com.google.android.play.games already loaded
D/PackageBroadcastService( 1916): Received broadcast action=android.intent.action.PACKAGE_REMOVED and uri=com.ionicframework.bushclient831942
W/GAV2    (22475): Thread[main,5,main]: Need to call initialize() and be in fallback mode to start dispatch.
I/ConfigService( 1766): onCreate
I/ConfigService( 1766): onBind for Intent { act=com.google.android.gms.config.UPDATE pkg=com.google.android.gms } action com.google.android.gms.config.UPDATE
I/ConfigFetchService( 1916): onStartCommand Intent { act=android.intent.action.PACKAGE_REMOVED dat=package:com.ionicframework.bushclient831942 cmp=com.google.android.gms/.config.ConfigFetchService (has extras) }
I/ConfigService( 1766): onBind returning update interface
I/ConfigService( 1766): onBind for Intent { act=com.google.android.gms.config.START pkg=com.google.android.gms } action com.google.android.gms.config.START
I/ConfigService( 1766): onBind returning service broker
V/GLSActivity( 1766): AuthDelegateWrapperCreated with selected intent: Intent { cmp=com.google.android.gms/.auth.DefaultAuthDelegateService }
W/AccountFeatureHelper(22475): Write apps_features disabled false
D/AndroidRuntime(22518): Calling main entry com.android.commands.am.Am
I/art     ( 1916): Explicit concurrent mark sweep GC freed 35824(4MB) AllocSpace objects, 7(256KB) LOS objects, 38% free, 25MB/41MB, paused 884us total 47.204ms
I/ActivityManager(  760): START u0 {act=android.intent.action.MAIN flg=0x10000000 cmp=com.ionicframework.bushclient831942/.MainActivity} from uid 2000 on display 0
D/ChimeraSrvcProxy( 1916): Creating service proxy ComponentInfo{com.google.android.gms/com.google.android.gms.games.chimera.GamesAsyncServiceProxy}
D/ChimeraSrvcProxy( 1916): Proxying container service ComponentInfo{com.google.android.gms/com.google.android.gms.games.chimera.GamesAsyncServiceProxy} to Chimera service impl com.google.android.gms.games.service.PlayGamesAsyncService
D/ChimeraCfgMgr( 1916): Loading module com.google.android.gms.games from APK com.google.android.play.games
D/ChimeraModuleLdr( 1916): Module APK com.google.android.play.games already loaded
E/QCOM PowerHAL(  760): Failed to acquire lock.
E/QCOM PowerHAL(  760): Failed to acquire lock.
I/ActivityManager(  760): Start proc com.ionicframework.bushclient831942 for activity com.ionicframework.bushclient831942/.MainActivity: pid=22551 uid=10181 gids={50181, 9997, 3003} abi=armeabi-v7a
W/ActivityManager(  760): getTasks: caller 10171 does not hold GET_TASKS; limiting output
I/art     (22551): Late-enabling -Xcheck:jni
W/Launcher( 2355): setApplicationContext called twice! old=com.google.android.velvet.VelvetApplication@a31f0c2 new=com.google.android.velvet.VelvetApplication@a31f0c2
W/ActivityManager(  760): getTasks: caller 10129 does not hold GET_TASKS; limiting output
I/ActivityManager(  760): Start proc com.viber.voip for broadcast com.viber.voip/com.viber.jni.apps.AppsSyncController$AppRemovedReceiver: pid=22571 uid=10132 gids={50132, 9997, 3003, 1028, 1015, 3002, 3001} abi=armeabi-v7a
I/LoadedApk(22551): No resource references to update in package common
I/LoadedApk(22551): No resource references to update in package com.cyngn.themes.yu
I/LoadedApk(22551): No resource references to update in package com.cyngn.themes.yu
W/ResourcesManager(22571): Asset path '/system/framework/com.google.android.maps.jar' does not exist or contains no resources.
I/CordovaLog(22551): Changing log level to DEBUG(3)
I/WebViewFactory(22551): Loading com.google.android.webview version 43.0.2357.121 (code 2357121)
W/GAV2    (22475): Thread[main,5,main]: dispatch call queued.  Need to call GAServiceManager.getInstance().initialize().
I/ActivityManager(  760): Killing 21812:com.cleanmaster.mguard/u0a130 (adj 15): empty #17
I/LibraryLoader(22551): Time to load native libraries: 2 ms (timestamps 7506-7508)
I/LibraryLoader(22551): Expected native library version number "",actual native library version number ""
I/LoadedApk(22571): No resource references to update in package common
I/LoadedApk(22571): No resource references to update in package com.cyngn.themes.yu
I/LoadedApk(22571): No resource references to update in package com.cyngn.themes.yu
V/WebViewChromiumFactoryProvider(22551): Binding Chromium to main looper Looper (main, tid 1) {b7f97a4}
I/LibraryLoader(22551): Expected native library version number "",actual native library version number ""
I/chromium(22551): [INFO:library_loader_hooks.cc(112)] Chromium logging enabled: level = 0, default verbosity = 0
I/BrowserStartupController(22551): Initializing chromium process, singleProcess=true
W/art     (22551): Attempt to remove local handle scope entry from IRT, ignoring
E/SysUtils(22551): ApplicationContext is null in ApplicationStatus
W/libprocessgroup(  760): failed to open /acct/uid_10130/pid_21812/cgroup.procs: No such file or directory
W/chromium(22551): [WARNING:resource_bundle.cc(286)] locale_file_path.empty()
I/chromium(22551): [INFO:aw_browser_main_parts.cc(63)] Load from apk succesful, fd=37 off=50572 len=3379
I/chromium(22551): [INFO:aw_browser_main_parts.cc(76)] Loading webviewchromium.pak from, fd:38 off:7638120 len:1165478
I/Adreno-EGL(22551): <qeglDrvAPI_eglInitialize:410>: EGL 1.4 QUALCOMM build: AU_LINUX_ANDROID_LA.BF.1.1.1.C2.05.00.00.046.002_msm8974_LA.BF.1.1.1.C2__release_AU ()
I/Adreno-EGL(22551): OpenGL ES Shader Compiler Version: E031.25.03.00
I/Adreno-EGL(22551): Build Date: 01/06/15 Tue
I/Adreno-EGL(22551): Local Branch: mybranch6793908
I/Adreno-EGL(22551): Remote Branch: quic/LA.BF.1.1.1.c2
I/Adreno-EGL(22551): Local Patches: NONE
I/Adreno-EGL(22551): Reconstruct Branch: AU_LINUX_ANDROID_LA.BF.1.1.1.C2.05.00.00.046.002 +  NOTHING
W/chromium(22551): [WARNING:data_reduction_proxy_config.cc(318)] SPDY proxy OFF at startup
W/AudioManagerAndroid(22551): Requires BLUETOOTH permission
W/art     (22551): Attempt to remove local handle scope entry from IRT, ignoring
W/AwContents(22551): onDetachedFromWindow called when already detached. Ignoring
D/SystemWebViewEngine(22551): CordovaWebView is running on device made by: OnePlus
W/art     (22551): Attempt to remove local handle scope entry from IRT, ignoring
W/art     (22551): Attempt to remove local handle scope entry from IRT, ignoring
D/PluginManager(22551): init()
D/CordovaWebViewImpl(22551): >>> loadUrl(file:///android_asset/www/index.html)
D/CordovaActivity(22551): Started the activity.
D/CordovaActivity(22551): Resumed the activity.
D/OpenGLRenderer(22551): Render dirty regions requested: true
D/Atlas   (22551): Validating map...
I/OpenGLRenderer(22551): Initialized EGL, version 1.4
D/OpenGLRenderer(22551): Enabling debug mode 0
I/ActivityManager(  760): Displayed com.ionicframework.bushclient831942/.MainActivity: +660ms
D/AndroidRuntime(22518): Shutting down VM
D/CordovaWebViewImpl(22551): onPageDidNavigate(file:///android_asset/www/index.html)
W/BindingManager(22551): Cannot call determinedVisibility() - never saw a connection for the pid: 22551
I/Timeline(22551): Timeline: Activity_idle id: android.os.BinderProxy@2dec0e72 time:230197931
I/ActivityManager(  760): Start proc com.facebook.katana:dash for broadcast com.facebook.katana/com.facebook.dash.receivers.DashPackageUninstallReceiver: pid=22634 uid=10179 gids={50179, 9997, 1028, 1015, 3003} abi=armeabi-v7a
I/Crashlytics(22571): Initializing Crashlytics 1.1.11.10
W/ResourcesManager(22634): Asset path '/system/framework/com.google.android.maps.jar' does not exist or contains no resources.
I/Timeline(  760): Timeline: Activity_windows_visible id: ActivityRecord{3b6d882b u0 com.ionicframework.bushclient831942/.MainActivity t376} time:230198153
I/LoadedApk(22634): No resource references to update in package common
I/LoadedApk(22634): No resource references to update in package com.cyngn.themes.yu
I/LoadedApk(22634): No resource references to update in package com.cyngn.themes.yu
W/StaticBindingVerifier(22634): Verify
D/WifiService(  760): New client listening to asynchronous messages
D/com.facebook.AppEventsLogger(13881): Got unexpected exception: java.io.WriteAbortedException: Read an exception; java.io.NotSerializableException: org.json.JSONObject
I/ActivityManager(  760): Start proc org.mozilla.firefox for broadcast org.mozilla.firefox/org.mozilla.gecko.webapp.UninstallListener: pid=22688 uid=10116 gids={50116, 9997, 3003, 1028, 1015} abi=armeabi-v7a
I/ActivityManager(  760): Killing 21835:com.cleanmaster.mguard:float/u0a130 (adj 15): empty #17
W/libprocessgroup(  760): failed to open /acct/uid_10130/pid_21835/cgroup.procs: No such file or directory
W/fb4a(:dash):UserScope(22634): Called user scoped provider with no viewer. ViewerContextManager was created with no ViewerContext. Using EmptyViewerContextManager to return fake logged in instance.
W/fb4a(:dash):ViewerContextManagerForUserScope(22634): User no longer logged in. Original uid: 0, viewer context: null, is_logged_in: false. Returning original viewer context.
W/fb4a(:dash):UserScope(22634): Called user scoped provider with no viewer. ViewerContextManager was created with no ViewerContext. Using EmptyViewerContextManager to return fake logged in instance.
D/JsMessageQueue(22551): Set native->JS mode to OnlineEventsBridgeMode
D/SystemWebChromeClient(22551): file:///android_asset/www/plugins/cordova-plugin-whitelist/whitelist.js: Line 23 : No Content-Security-Policy meta tag found. Please add one when using the cordova-plugin-whitelist plugin.
I/chromium(22551): [INFO:CONSOLE(23)] "No Content-Security-Policy meta tag found. Please add one when using the cordova-plugin-whitelist plugin.", source: file:///android_asset/www/plugins/cordova-plugin-whitelist/whitelist.js (23)
I/App     (22551): WARNING: Back Button Default Behavior will be overridden.  The backbutton event will be fired!
I/LoadedApk(22688): No resource references to update in package common
I/LoadedApk(22688): No resource references to update in package com.cyngn.themes.yu
I/LoadedApk(22688): No resource references to update in package com.cyngn.themes.yu
F/Adjust  (22688): PRODUCTION: Adjust is running in Production mode. Use this setting only for the build that you want to publish. Set the environment to `sandbox` if you want to test your app!
I/GeckoWebappUninstallListener(22688): Package is being replaced; ignoring removal intent
I/ActivityManager(  760): Start proc com.cleanmaster.mguard for broadcast com.cleanmaster.mguard/com.ijinshan.cleaner.receiver.UninstallBroadcastReceiver: pid=22713 uid=10130 gids={50130, 9997, 1028, 1015, 3003} abi=armeabi
I/ActivityManager(  760): Killing 21866:com.dailymotion.dailymotion/u0a100 (adj 15): empty #17
W/libprocessgroup(  760): failed to open /acct/uid_10100/pid_21866/cgroup.procs: No such file or directory
W/BroadcastQueue(  760): Permission Denial: broadcasting Intent { act=android.net.conn.INET_CONDITION_ACTION flg=0x4000010 (has extras) } from null (pid=-1, uid=-1) requires com.facebook.permission.prod.FB_APP_COMMUNICATION due to registered receiver BroadcastFilter{326db06d u0 ReceiverList{27775084 22634 com.facebook.katana:dash/10179/u0 remote:3cd79697}}
W/BroadcastQueue(  760): Permission Denial: broadcasting Intent { act=android.net.conn.CONNECTIVITY_CHANGE flg=0x4000010 (has extras) } from null (pid=-1, uid=-1) requires com.facebook.permission.prod.FB_APP_COMMUNICATION due to registered receiver BroadcastFilter{326db06d u0 ReceiverList{27775084 22634 com.facebook.katana:dash/10179/u0 remote:3cd79697}}
W/ActivityThread(22688): ClassLoader.loadClass: The class loader returned by Thread.getContextClassLoader() may fail for processes that host multiple applications. You should explicitly specify a context class loader. For example: Thread.setContextClassLoader(getClass().getClassLoader());
W/fb4a(:dash):QuickExperimentControllerImpl(22634): Exposure of experiment com.facebook.video.abtest.VideoCacheConfigExperiment@3b4164b9 occurred when no user was logged in
W/fb4a(:dash):QuickExperimentControllerImpl(22634): Exposure of experiment com.facebook.video.abtest.VideoBufferManagerExperiment@2757b05f occurred when no user was logged in
W/fb4a(:dash):QuickExperimentControllerImpl(22634): Exposure of experiment com.facebook.video.abtest.VideoBufferManagerExperiment@2757b05f occurred when no user was logged in
W/fb4a(:dash):QuickExperimentControllerImpl(22634): Exposure of experiment com.facebook.video.abtest.UseFbNetworkStackExperiment@8d3aac occurred when no user was logged in
W/fb4a(:dash):QuickExperimentControllerImpl(22634): Exposure of experiment com.facebook.video.abtest.VideoCacheConfigExperiment@3b4164b9 occurred when no user was logged in
D/SubDex  (22713): Start of the Loading 1435688546770
D/SubDex  (22713): Internal Storage Path for Dex file: /data/data/com.cleanmaster.mguard/app_dex2/classes2.dex
D/SubDex  (22713): SUBDEX MISMATCH OR NOT EXISTS. RECREATE IT
D/SubDex  (22713): for android 5.0+ version! No need do custom subdex load.
D/MainEntry(22713): loadSecondaryDexTime 31
I/LoadedApk(22713): No resource references to update in package common
I/LoadedApk(22713): No resource references to update in package com.cyngn.themes.yu
I/LoadedApk(22713): No resource references to update in package com.cyngn.themes.yu
W/BroadcastQueue(  760): Permission Denial: broadcasting Intent { act=android.net.conn.CONNECTIVITY_CHANGE flg=0x4000010 (has extras) } from null (pid=-1, uid=-1) requires com.facebook.permission.prod.FB_APP_COMMUNICATION due to registered receiver BroadcastFilter{30b42c77 u0 ReceiverList{1c5d6e76 22634 com.facebook.katana:dash/10179/u0 remote:39008d11}}
W/fb4a(:<default>):QuickExperimentControllerImpl(21748): Exposure of experiment com.facebook.timeline.prefetch.TimelinePrefetchExperiment@25f4dc29 occurred when no user was logged in
W/fb4a(:<default>):QuickExperimentControllerImpl(21748): Exposure of experiment com.facebook.timeline.prefetch.TimelinePrefetchExperiment@25f4dc29 occurred when no user was logged in
W/Settings(22713): Setting android_id has moved from android.provider.Settings.System to android.provider.Settings.Secure, returning read-only value.
V/IPC     (22713): Current service version 51013405, last check version 51013405
I/ActivityManager(  760): Start proc com.cleanmaster.mguard:float for service com.cleanmaster.mguard/com.cmcm.swiper.SwiperService: pid=22748 uid=10130 gids={50130, 9997, 1028, 1015, 3003} abi=armeabi
D/Event   (22713): No subscribers registered for event class com.ijinshan.screensavershared.base.a.g
D/Event   (22713): No subscribers registered for event class de.greenrobot.event.h
D/show    (22713): read firstrelease/release_text from assets
D/SubDex  (22748): Start of the Loading 1435688547254
D/SubDex  (22748): Internal Storage Path for Dex file: /data/data/com.cleanmaster.mguard/app_dex2/classes2.dex
D/SubDex  (22748): SUBDEX MISMATCH OR NOT EXISTS. RECREATE IT
D/SubDex  (22748): for android 5.0+ version! No need do custom subdex load.
D/MainEntry(22748): loadSecondaryDexTime 49
I/LoadedApk(22748): No resource references to update in package common
I/LoadedApk(22748): No resource references to update in package com.cyngn.themes.yu
I/LoadedApk(22748): No resource references to update in package com.cyngn.themes.yu
I/ActivityManager(  760): Start proc com.yahoo.mobile.client.android.flickr:com.yahoo.snp.service for broadcast com.yahoo.mobile.client.android.flickr/com.yahoo.platform.mobile.push.PushAgentReceiver: pid=22785 uid=10142 gids={50142, 9997, 1028, 1015, 3003} abi=armeabi-v7a
D/Event   (22713): No subscribers registered for event class com.ijinshan.screensavershared.base.a.a
D/Event   (22713): No subscribers registered for event class de.greenrobot.event.h
W/linker  (22713): libkcmutil.so has text relocations. This is wasting memory and prevents security hardening. Please fix.
W/BindingManager(22551): Cannot call determinedVisibility() - never saw a connection for the pid: 22551
D/CordovaWebViewImpl(22551): onPageFinished(file:///android_asset/www/index.html#/googlemaps)
I/ActivityManager(  760): Killing 21923:com.zentertain.photoeditor:aviary_cds/u0a161 (adj 15): empty #17
I/art     (  760): Explicit concurrent mark sweep GC freed 61758(3MB) AllocSpace objects, 0(0B) LOS objects, 27% free, 42MB/58MB, paused 1.930ms total 96.641ms
W/libprocessgroup(  760): failed to open /acct/uid_10161/pid_21923/cgroup.procs: No such file or directory
I/LoadedApk(22785): No resource references to update in package common
I/LoadedApk(22785): No resource references to update in package com.cyngn.themes.yu
I/LoadedApk(22785): No resource references to update in package com.cyngn.themes.yu
W/Settings(22748): Setting android_id has moved from android.provider.Settings.System to android.provider.Settings.Secure, returning read-only value.
D/SystemWebChromeClient(22551): file:///android_asset/www/lib/ionic/js/ionic.bundle.js: Line 20306 : Error: [$compile:ctreq] Controller 'ionNavBar', required by directive 'ionNavButtons', can't be found!
D/SystemWebChromeClient(22551): http://errors.angularjs.org/1.3.13/$compile/ctreq?p0=ionNavBar&p1=ionNavButtons
D/SystemWebChromeClient(22551):     at file:///android_asset/www/lib/ionic/js/ionic.bundle.js:8762:12
D/SystemWebChromeClient(22551):     at getControllers (file:///android_asset/www/lib/ionic/js/ionic.bundle.js:16243:19)
D/SystemWebChromeClient(22551):     at nodeLinkFn (file:///android_asset/www/lib/ionic/js/ionic.bundle.js:16411:33)
D/SystemWebChromeClient(22551):     at compositeLinkFn (file:///android_asset/www/lib/ionic/js/ionic.bundle.js:15777:13)
D/SystemWebChromeClient(22551):     at nodeLinkFn (file:///android_asset/www/lib/ionic/js/ionic.bundle.js:16423:24)
D/SystemWebChromeClient(22551):     at compositeLinkFn (file:///android_asset/www/lib/ionic/js/ionic.bundle.js:15777:13)
D/SystemWebChromeClient(22551):     at compositeLinkFn (file:///android_asset/www/lib/ionic/js/ionic.bundle.js:15780:13)
D/SystemWebChromeClient(22551):     at publicLinkFn (file:///android_asset/www/lib/ionic/js/ionic.bundle.js:15656:30)
D/SystemWebChromeClient(22551):     at self.appendViewElement (file:///android_asset/www/lib/ionic/js/ionic.bundle.js:48257:5)
D/SystemWebChromeClient(22551):     at Object.switcher.render (file:///android_asset/www/lib/ionic/js/ionic.bundle.js:46450:41)
I/chromium(22551): [INFO:CONSOLE(20306)] "Error: [$compile:ctreq] Controller 'ionNavBar', required by directive 'ionNavButtons', can't be found!
I/chromium(22551): http://errors.angularjs.org/1.3.13/$compile/ctreq?p0=ionNavBar&p1=ionNavButtons
I/chromium(22551):     at file:///android_asset/www/lib/ionic/js/ionic.bundle.js:8762:12
I/chromium(22551):     at getControllers (file:///android_asset/www/lib/ionic/js/ionic.bundle.js:16243:19)
I/chromium(22551):     at nodeLinkFn (file:///android_asset/www/lib/ionic/js/ionic.bundle.js:16411:33)
I/chromium(22551):     at compositeLinkFn (file:///android_asset/www/lib/ionic/js/ionic.bundle.js:15777:13)
I/chromium(22551):     at nodeLinkFn (file:///android_asset/www/lib/ionic/js/ionic.bundle.js:16423:24)
I/chromium(22551):     at compositeLinkFn (file:///android_asset/www/lib/ionic/js/ionic.bundle.js:15777:13)
I/chromium(22551):     at compositeLinkFn (file:///android_asset/www/lib/ionic/js/ionic.bundle.js:15780:13)
I/chromium(22551):     at publicLinkFn (file:///android_asset/www/lib/ionic/js/ionic.bundle.js:15656:30)
I/chromium(22551):     at self.appendViewElement (file:///android_asset/www/lib/ionic/js/ionic.bundle.js:48257:5)
I/chromium(22551):     at Object.switcher.render (file:///android_asset/www/lib/ionic/js/ionic.bundle.js:46450:41)", source: file:///android_asset/www/lib/ionic/js/ionic.bundle.js (20306)
V/IPC     (22748): Current service version 51013405, last check version 51013405
D/WifiService(  760): acquireWifiLockLocked: WifiLock{NlpWifiLock type=2 binder=android.os.BinderProxy@b0faf61}
I/wpa_supplicant( 1105): wlan0: CTRL-EVENT-SCAN-STARTED 
E/SwipeAbuseMonitor(22748): start
D/yahoo_crashmanager(22785): JNI_OnLoad started
D/yahoo_crashmanager(22785): JNI_OnLoad completed
I/cm.log.floatpro(22748): [TB]/ (737184272)start: AppUninstScanTask Time : 230200462
W/art     (22785): Attempt to remove local handle scope entry from IRT, ignoring
I/ActivityManager(  760): Killing 21949:com.google.android.apps.photos/u0a167 (adj 15): empty #17
D/GetJar SDK(13881): OS_ENTRY_POINT: PackageMonitor: onReceive(): START
W/libprocessgroup(  760): failed to open /acct/uid_10167/pid_21949/cgroup.procs: No such file or directory
D/GetJar SDK(13881): OS_ENTRY_POINT: PackageMonitor: doOnReceive(): START
D/GetJar SDK(13881): STORAGE: database:free_msg.db
D/GetJar SDK(13881): STORAGE: database:free_msg.db-journal
D/GetJar SDK(13881): STORAGE: database:messaging.db
D/GetJar SDK(13881): STORAGE: database:messaging.db-journal
D/GetJar SDK(13881): STORAGE: database:gostatistics_sdk.db
D/GetJar SDK(13881): STORAGE: database:gostatistics_sdk.db-journal
D/GetJar SDK(13881): STORAGE: database:topthread.db
D/GetJar SDK(13881): STORAGE: database:topthread.db-journal
D/GetJar SDK(13881): STORAGE: database:Account.db
D/GetJar SDK(13881): STORAGE: database:Account.db-journal
D/GetJar SDK(13881): STORAGE: database:gosms_purchase.db
D/GetJar SDK(13881): STORAGE: database:gosms_purchase.db-journal
D/GetJar SDK(13881): STORAGE: database:purchase.db
D/GetJar SDK(13881): STORAGE: database:purchase.db-journal
D/GetJar SDK(13881): STORAGE: database:ad.db
D/GetJar SDK(13881): STORAGE: database:ad.db-journal
D/GetJar SDK(13881): STORAGE: database:sms_interception.db
D/GetJar SDK(13881): STORAGE: database:sms_interception.db-journal
D/GetJar SDK(13881): STORAGE: database:GetJarDBApplicationKey
D/GetJar SDK(13881): STORAGE: database:ad_sdk.db
D/GetJar SDK(13881): STORAGE: database:GetJarDBApplicationKey-journal
D/GetJar SDK(13881): STORAGE: database:ad_sdk.db-journal
D/GetJar SDK(13881): STORAGE: database:schedule.db
D/GetJar SDK(13881): STORAGE: database:schedule.db-journal
D/GetJar SDK(13881): STORAGE: database:BgDataPro.db
D/GetJar SDK(13881): STORAGE: database:BgDataPro.db-journal
D/GetJar SDK(13881): STORAGE: database:holidays.db
D/GetJar SDK(13881): STORAGE: database:gommssms.db
D/GetJar SDK(13881): STORAGE: database:gommssms.db-journal
D/GetJar SDK(13881): STORAGE: database:holidays.db-journal
D/GetJar SDK(13881): STORAGE: database:MessageBox.db
D/GetJar SDK(13881): STORAGE: database:MessageBox.db-journal
D/GetJar SDK(13881): STORAGE: database:SyncHelper.db
D/GetJar SDK(13881): STORAGE: database:SyncHelper.db-journal
D/GetJar SDK(13881): STORAGE: database:wallpaper.db
D/GetJar SDK(13881): STORAGE: database:wallpaper.db-journal
D/GetJar SDK(13881): STORAGE: database:language.db
D/GetJar SDK(13881): STORAGE: database:language.db-journal
D/GetJar SDK(13881): STORAGE: database:_qlogs.db
D/GetJar SDK(13881): STORAGE: database:_qlogs.db-journal
D/GetJar SDK(13881): STORAGE: database:MessageCenter.db
D/GetJar SDK(13881): STORAGE: database:MessageCenter.db-journal
D/GetJar SDK(13881): STORAGE: database:google_analytics.db
D/GetJar SDK(13881): STORAGE: database:google_analytics.db-journal
D/GetJar SDK(13881): STORAGE: database:eggs.db
D/GetJar SDK(13881): STORAGE: database:eggs.db-journal
D/GetJar SDK(13881): STORAGE: database:gomms.db
D/GetJar SDK(13881): STORAGE: database:gomms.db-journal
V/GetJar SDK(13881): STORAGE: ApplicationTokenDatabase: getApplicationToken() [null]
W/GetJar SDK(13881): USAGE|EARN|OS_ENTRY_POINT: PackageMonitor: doOnReceive(): Unable to access the application key
D/GetJar SDK(13881): USAGE|EARN|OS_ENTRY_POINT: PackageMonitor: doOnReceive(): FINISHED
W/linker  (22748): libkcmutil.so has text relocations. This is wasting memory and prevents security hardening. Please fix.
I/ActivityManager(  760): Start proc com.google.android.partnersetup for broadcast com.google.android.partnersetup/.RlzPingBroadcastReceiver: pid=22833 uid=10018 gids={50018, 9997, 3003} abi=armeabi-v7a
I/LoadedApk(22833): No resource references to update in package common
I/LoadedApk(22833): No resource references to update in package com.cyngn.themes.yu
I/LoadedApk(22833): No resource references to update in package com.cyngn.themes.yu
I/ActivityManager(  760): Start proc org.cyanogenmod.themes.provider for broadcast org.cyanogenmod.themes.provider/.AppReceiver: pid=22855 uid=10031 gids={50031, 9997} abi=armeabi-v7a
I/art     (  233): Explicit concurrent mark sweep GC freed 706(30KB) AllocSpace objects, 0(0B) LOS objects, 39% free, 15MB/25MB, paused 168us total 8.237ms
I/art     (  233): Explicit concurrent mark sweep GC freed 5(160B) AllocSpace objects, 0(0B) LOS objects, 39% free, 15MB/25MB, paused 154us total 7.502ms
I/art     (  233): Explicit concurrent mark sweep GC freed 5(160B) AllocSpace objects, 0(0B) LOS objects, 39% free, 15MB/25MB, paused 158us total 7.986ms
I/ActivityManager(  760): Killing 22201:com.google.android.gms.wearable/u0a15 (adj 15): empty #17
W/libprocessgroup(  760): failed to open /acct/uid_10015/pid_22201/cgroup.procs: No such file or directory
I/LoadedApk(22855): No resource references to update in package common
I/LoadedApk(22855): No resource references to update in package com.cyngn.themes.yu
I/LoadedApk(22855): No resource references to update in package com.cyngn.themes.yu
I/ActivityManager(  760): Start proc org.cyanogenmod.bugreport for broadcast org.cyanogenmod.bugreport/.PackageChangeReceiver: pid=22873 uid=2000 gids={42000, 9997, 3003, 1007, 3002, 1028, 1015, 1023, 3008} abi=armeabi-v7a
I/ActivityManager(  760): Killing 22327:com.anydo/u0a143 (adj 15): empty #17
W/libprocessgroup(  760): failed to open /acct/uid_10143/pid_22327/cgroup.procs: No such file or directory
D/ThemesProvider(22855): Deleted 0
I/LoadedApk(22873): No resource references to update in package common
I/LoadedApk(22873): No resource references to update in package com.cyngn.themes.yu
I/LoadedApk(22873): No resource references to update in package com.cyngn.themes.yu
W/System.err(22748): android.content.pm.PackageManager$NameNotFoundException: com.google.process.gapps
W/System.err(22748): 	at android.app.ApplicationPackageManager.getPackageInfo(ApplicationPackageManager.java:115)
W/System.err(22748): 	at com.cleanmaster.ui.floatwindow.b.a.a(FloatAppManager.java:745)
W/System.err(22748): 	at com.cleanmaster.ui.floatwindow.b.a.b(FloatAppManager.java:251)
W/System.err(22748): 	at com.cleanmaster.ui.floatwindow.b.a.<init>(FloatAppManager.java:136)
W/System.err(22748): 	at com.cleanmaster.ui.floatwindow.b.a.g(FloatAppManager.java:858)
W/System.err(22748): 	at com.cmcm.swiper.SwiperService.onDestroy(SwiperService.java:976)
W/System.err(22748): 	at android.app.ActivityThread.handleStopService(ActivityThread.java:2923)
W/System.err(22748): 	at android.app.ActivityThread.access$2300(ActivityThread.java:147)
W/System.err(22748): 	at android.app.ActivityThread$H.handleMessage(ActivityThread.java:1399)
W/System.err(22748): 	at android.os.Handler.dispatchMessage(Handler.java:102)
W/System.err(22748): 	at android.os.Looper.loop(Looper.java:135)
W/System.err(22748): 	at android.app.ActivityThread.main(ActivityThread.java:5254)
W/System.err(22748): 	at java.lang.reflect.Method.invoke(Native Method)
W/System.err(22748): 	at java.lang.reflect.Method.invoke(Method.java:372)
W/System.err(22748): 	at com.android.internal.os.ZygoteInit$MethodAndArgsCaller.run(ZygoteInit.java:898)
W/System.err(22748): 	at com.android.internal.os.ZygoteInit.main(ZygoteInit.java:693)
I/ActivityManager(  760): Killing 22289:com.android.inputmethod.latin/u0a61 (adj 15): empty #17
W/System.err(22748): android.content.pm.PackageManager$NameNotFoundException: com.google.android.gms:car
W/System.err(22748): 	at android.app.ApplicationPackageManager.getPackageInfo(ApplicationPackageManager.java:115)
W/System.err(22748): 	at com.cleanmaster.ui.floatwindow.b.a.a(FloatAppManager.java:745)
W/System.err(22748): 	at com.cleanmaster.ui.floatwindow.b.a.b(FloatAppManager.java:251)
W/System.err(22748): 	at com.cleanmaster.ui.floatwindow.b.a.<init>(FloatAppManager.java:136)
W/System.err(22748): 	at com.cleanmaster.ui.floatwindow.b.a.g(FloatAppManager.java:858)
W/System.err(22748): 	at com.cmcm.swiper.SwiperService.onDestroy(SwiperService.java:976)
W/System.err(22748): 	at android.app.ActivityThread.handleStopService(ActivityThread.java:2923)
W/System.err(22748): 	at android.app.ActivityThread.access$2300(ActivityThread.java:147)
W/System.err(22748): 	at android.app.ActivityThread$H.handleMessage(ActivityThread.java:1399)
W/System.err(22748): 	at android.os.Handler.dispatchMessage(Handler.java:102)
W/System.err(22748): 	at android.os.Looper.loop(Looper.java:135)
W/System.err(22748): 	at android.app.ActivityThread.main(ActivityThread.java:5254)
W/System.err(22748): 	at java.lang.reflect.Method.invoke(Native Method)
W/System.err(22748): 	at java.lang.reflect.Method.invoke(Method.java:372)
W/System.err(22748): 	at com.android.internal.os.ZygoteInit$MethodAndArgsCaller.run(ZygoteInit.java:898)
W/System.err(22748): 	at com.android.internal.os.ZygoteInit.main(ZygoteInit.java:693)
W/System.err(22748): android.content.pm.PackageManager$NameNotFoundException: android.process.acore
W/System.err(22748): 	at android.app.ApplicationPackageManager.getPackageInfo(ApplicationPackageManager.java:115)
W/System.err(22748): 	at com.cleanmaster.ui.floatwindow.b.a.a(FloatAppManager.java:745)
W/System.err(22748): 	at com.cleanmaster.ui.floatwindow.b.a.b(FloatAppManager.java:251)
W/System.err(22748): 	at com.cleanmaster.ui.floatwindow.b.a.<init>(FloatAppManager.java:136)
W/System.err(22748): 	at com.cleanmaster.ui.floatwindow.b.a.g(FloatAppManager.java:858)
W/System.err(22748): 	at com.cmcm.swiper.SwiperService.onDestroy(SwiperService.java:976)
W/System.err(22748): 	at android.app.ActivityThread.handleStopService(ActivityThread.java:2923)
W/System.err(22748): 	at android.app.ActivityThread.access$2300(ActivityThread.java:147)
W/System.err(22748): 	at android.app.ActivityThread$H.handleMessage(ActivityThread.java:1399)
W/System.err(22748): 	at android.os.Handler.dispatchMessage(Handler.java:102)
W/System.err(22748): 	at android.os.Looper.loop(Looper.java:135)
W/System.err(22748): 	at android.app.ActivityThread.main(ActivityThread.java:5254)
W/System.err(22748): 	at java.lang.reflect.Method.invoke(Native Method)
W/System.err(22748): 	at java.lang.reflect.Method.invoke(Method.java:372)
W/System.err(22748): 	at com.android.internal.os.ZygoteInit$MethodAndArgsCaller.run(ZygoteInit.java:898)
W/System.err(22748): 	at com.android.internal.os.ZygoteInit.main(ZygoteInit.java:693)
W/System.err(22748): android.content.pm.PackageManager$NameNotFoundException: com.cyou.privacysecurity:PrivacyService
W/System.err(22748): 	at android.app.ApplicationPackageManager.getPackageInfo(ApplicationPackageManager.java:115)
W/System.err(22748): 	at com.cleanmaster.ui.floatwindow.b.a.a(FloatAppManager.java:745)
W/System.err(22748): 	at com.cleanmaster.ui.floatwindow.b.a.b(FloatAppManager.java:251)
W/System.err(22748): 	at com.cleanmaster.ui.floatwindow.b.a.<init>(FloatAppManager.java:136)
W/System.err(22748): 	at com.cleanmaster.ui.floatwindow.b.a.g(FloatAppManager.java:858)
W/System.err(22748): 	at com.cmcm.swiper.SwiperService.onDestroy(SwiperService.java:976)
W/System.err(22748): 	at android.app.ActivityThread.handleStopService(ActivityThread.java:2923)
W/System.err(22748): 	at android.app.ActivityThread.access$2300(ActivityThread.java:147)
W/System.err(22748): 	at android.app.ActivityThread$H.handleMessage(ActivityThread.java:1399)
W/System.err(22748): 	at android.os.Handler.dispatchMessage(Handler.java:102)
W/System.err(22748): 	at android.os.Looper.loop(Looper.java:135)
W/System.err(22748): 	at android.app.ActivityThread.main(ActivityThread.java:5254)
W/System.err(22748): 	at java.lang.reflect.Method.invoke(Native Method)
W/System.err(22748): 	at java.lang.reflect.Method.invoke(Method.java:372)
W/System.err(22748): 	at com.android.internal.os.ZygoteInit$MethodAndArgsCaller.run(ZygoteInit.java:898)
W/System.err(22748): 	at com.android.internal.os.ZygoteInit.main(ZygoteInit.java:693)
W/libprocessgroup(  760): failed to open /acct/uid_10061/pid_22289/cgroup.procs: No such file or directory
D/PackageBroadcastService( 1916): Received broadcast action=android.intent.action.PACKAGE_ADDED and uri=com.ionicframework.bushclient831942
D/ChimeraRcvrProxy( 1916): Creating receiver proxy ComponentInfo{com.google.android.gms/com.google.android.gms.games.chimera.GamesSystemBroadcastReceiverProxy}
D/ChimeraRcvrProxy( 1916): Proxying container receiver ComponentInfo{com.google.android.gms/com.google.android.gms.games.chimera.GamesSystemBroadcastReceiverProxy} to Chimera receiver impl com.google.android.gms.games.receiver.PlaySystemBroadcastReceiver
D/ChimeraCfgMgr( 1916): Loading module com.google.android.gms.games from APK com.google.android.play.games
D/ChimeraModuleLdr( 1916): Module APK com.google.android.play.games already loaded
I/ConfigFetchService( 1916): onStartCommand Intent { act=android.intent.action.PACKAGE_ADDED dat=package:com.ionicframework.bushclient831942 cmp=com.google.android.gms/.config.ConfigFetchService (has extras) }
I/ConfigFetchService( 1916): launchTask
D/ChimeraSrvcProxy( 1916): Creating service proxy ComponentInfo{com.google.android.gms/com.google.android.gms.games.chimera.GamesAsyncServiceProxy}
D/ChimeraSrvcProxy( 1916): Proxying container service ComponentInfo{com.google.android.gms/com.google.android.gms.games.chimera.GamesAsyncServiceProxy} to Chimera service impl com.google.android.gms.games.service.PlayGamesAsyncService
D/ChimeraCfgMgr( 1916): Loading module com.google.android.gms.games from APK com.google.android.play.games
D/ChimeraModuleLdr( 1916): Module APK com.google.android.play.games already loaded
I/ActivityManager(  760): Start proc com.google.android.gms.wearable for service com.google.android.gms/.wearable.service.WearableControlService: pid=22898 uid=10015 gids={50015, 9997, 2001, 3003, 1007, 3006, 1028, 1015, 3002, 3001, 1005, 3007} abi=armeabi-v7a
I/ConfigFetchService( 1916): service connected
D/ConfigFetchService( 1916): ConfigApi connection successful.
W/ResourcesManager(22898): Asset path '/system/framework/com.android.media.remotedisplay.jar' does not exist or contains no resources.
W/ResourcesManager(22898): Asset path '/system/framework/com.android.location.provider.jar' does not exist or contains no resources.
W/System.err(22748): android.content.pm.PackageManager$NameNotFoundException: com.cleanmaster.mguard:service
W/System.err(22748): 	at android.app.ApplicationPackageManager.getPackageInfo(ApplicationPackageManager.java:115)
W/System.err(22748): 	at com.cleanmaster.ui.floatwindow.b.a.a(FloatAppManager.java:745)
W/System.err(22748): 	at com.cleanmaster.ui.floatwindow.b.a.b(FloatAppManager.java:251)
W/System.err(22748): 	at com.cleanmaster.ui.floatwindow.b.a.<init>(FloatAppManager.java:136)
W/System.err(22748): 	at com.cleanmaster.ui.floatwindow.b.a.g(FloatAppManager.java:858)
W/System.err(22748): 	at com.cmcm.swiper.SwiperService.onDestroy(SwiperService.java:976)
W/System.err(22748): 	at android.app.ActivityThread.handleStopService(ActivityThread.java:2923)
W/System.err(22748): 	at android.app.ActivityThread.access$2300(ActivityThread.java:147)
W/System.err(22748): 	at android.app.ActivityThread$H.handleMessage(ActivityThread.java:1399)
W/System.err(22748): 	at android.os.Handler.dispatchMessage(Handler.java:102)
W/System.err(22748): 	at android.os.Looper.loop(Looper.java:135)
W/System.err(22748): 	at android.app.ActivityThread.main(ActivityThread.java:5254)
W/System.err(22748): 	at java.lang.reflect.Method.invoke(Native Method)
W/System.err(22748): 	at java.lang.reflect.Method.invoke(Method.java:372)
W/System.err(22748): 	at com.android.internal.os.ZygoteInit$MethodAndArgsCaller.run(ZygoteInit.java:898)
W/System.err(22748): 	at com.android.internal.os.ZygoteInit.main(ZygoteInit.java:693)
W/System.err(22748): android.content.pm.PackageManager$NameNotFoundException: com.ijinshan.kbatterydoctor_en:service
W/System.err(22748): 	at android.app.ApplicationPackageManager.getPackageInfo(ApplicationPackageManager.java:115)
W/System.err(22748): 	at com.cleanmaster.ui.floatwindow.b.a.a(FloatAppManager.java:745)
W/System.err(22748): 	at com.cleanmaster.ui.floatwindow.b.a.b(FloatAppManager.java:251)
W/System.err(22748): 	at com.cleanmaster.ui.floatwindow.b.a.<init>(FloatAppManager.java:136)
W/System.err(22748): 	at com.cleanmaster.ui.floatwindow.b.a.g(FloatAppManager.java:858)
W/System.err(22748): 	at com.cmcm.swiper.SwiperService.onDestroy(SwiperService.java:976)
W/System.err(22748): 	at android.app.ActivityThread.handleStopService(ActivityThread.java:2923)
W/System.err(22748): 	at android.app.ActivityThread.access$2300(ActivityThread.java:147)
W/System.err(22748): 	at android.app.ActivityThread$H.handleMessage(ActivityThread.java:1399)
W/System.err(22748): 	at android.os.Handler.dispatchMessage(Handler.java:102)
W/System.err(22748): 	at android.os.Looper.loop(Looper.java:135)
W/System.err(22748): 	at android.app.ActivityThread.main(ActivityThread.java:5254)
W/System.err(22748): 	at java.lang.reflect.Method.invoke(Native Method)
W/System.err(22748): 	at java.lang.reflect.Method.invoke(Method.java:372)
W/System.err(22748): 	at com.android.internal.os.ZygoteInit$MethodAndArgsCaller.run(ZygoteInit.java:898)
W/System.err(22748): 	at com.android.internal.os.ZygoteInit.main(ZygoteInit.java:693)
W/System.err(22748): android.content.pm.PackageManager$NameNotFoundException: com.yahoo.mobile.client.android.flickr:com.yahoo.snp.service
W/System.err(22748): 	at android.app.ApplicationPackageManager.getPackageInfo(ApplicationPackageManager.java:115)
W/System.err(22748): 	at com.cleanmaster.ui.floatwindow.b.a.a(FloatAppManager.java:745)
W/System.err(22748): 	at com.cleanmaster.ui.floatwindow.b.a.b(FloatAppManager.java:251)
W/System.err(22748): 	at com.cleanmaster.ui.floatwindow.b.a.<init>(FloatAppManager.java:136)
W/System.err(22748): 	at com.cleanmaster.ui.floatwindow.b.a.g(FloatAppManager.java:858)
W/System.err(22748): 	at com.cmcm.swiper.SwiperService.onDestroy(SwiperService.java:976)
W/System.err(22748): 	at android.app.ActivityThread.handleStopService(ActivityThread.java:2923)
W/System.err(22748): 	at android.app.ActivityThread.access$2300(ActivityThread.java:147)
W/System.err(22748): 	at android.app.ActivityThread$H.handleMessage(ActivityThread.java:1399)
W/System.err(22748): 	at android.os.Handler.dispatchMessage(Handler.java:102)
W/System.err(22748): 	at android.os.Looper.loop(Looper.java:135)
W/System.err(22748): 	at android.app.ActivityThread.main(ActivityThread.java:5254)
W/System.err(22748): 	at java.lang.reflect.Method.invoke(Native Method)
W/System.err(22748): 	at java.lang.reflect.Method.invoke(Method.java:372)
W/System.err(22748): 	at com.android.internal.os.ZygoteInit$MethodAndArgsCaller.run(ZygoteInit.java:898)
W/System.err(22748): 	at com.android.internal.os.ZygoteInit.main(ZygoteInit.java:693)
W/System.err(22748): android.content.pm.PackageManager$NameNotFoundException: com.cleanmaster.mguard:float
W/System.err(22748): 	at android.app.ApplicationPackageManager.getPackageInfo(ApplicationPackageManager.java:115)
W/System.err(22748): 	at com.cleanmaster.ui.floatwindow.b.a.a(FloatAppManager.java:745)
W/System.err(22748): 	at com.cleanmaster.ui.floatwindow.b.a.b(FloatAppManager.java:251)
W/System.err(22748): 	at com.cleanmaster.ui.floatwindow.b.a.<init>(FloatAppManager.java:136)
W/System.err(22748): 	at com.cleanmaster.ui.floatwindow.b.a.g(FloatAppManager.java:858)
W/System.err(22748): 	at com.cmcm.swiper.SwiperService.onDestroy(SwiperService.java:976)
W/System.err(22748): 	at android.app.ActivityThread.handleStopService(ActivityThread.java:2923)
W/System.err(22748): 	at android.app.ActivityThread.access$2300(ActivityThread.java:147)
W/System.err(22748): 	at android.app.ActivityThread$H.handleMessage(ActivityThread.java:1399)
W/System.err(22748): 	at android.os.Handler.dispatchMessage(Handler.java:102)
W/System.err(22748): 	at android.os.Looper.loop(Looper.java:135)
W/System.err(22748): 	at android.app.ActivityThread.main(ActivityThread.java:5254)
W/System.err(22748): 	at java.lang.reflect.Method.invoke(Native Method)
W/System.err(22748): 	at java.lang.reflect.Method.invoke(Method.java:372)
W/System.err(22748): 	at com.android.internal.os.ZygoteInit$MethodAndArgsCaller.run(ZygoteInit.java:898)
W/System.err(22748): 	at com.android.internal.os.ZygoteInit.main(ZygoteInit.java:693)
I/MultiDex(22898): VM with version 2.1.0 has multidex support
I/MultiDex(22898): install
I/MultiDex(22898): VM has multidex support, MultiDex support library is disabled.
I/LoadedApk(22898): No resource references to update in package common
I/LoadedApk(22898): No resource references to update in package com.cyngn.themes.yu
I/LoadedApk(22898): No resource references to update in package com.cyngn.themes.yu
W/ActivityManager(  760): getTasks: caller 10129 does not hold GET_TASKS; limiting output
I/ProviderInstaller(22898): Insert disabled by gate 'gms:security:enable_conscrypt_in_gms_application'
I/Timeline(19786): Timeline: Activity_launch_request id:com.estrongs.android.pop time:230201477
I/ActivityManager(  760): START u0 {flg=0x10800000 cmp=com.estrongs.android.pop/.app.InstallMonitorActivity (has extras)} from uid 10129 on display 0
D/CordovaActivity(22551): Paused the activity.
D/CordovaWebViewImpl(22551): >>> loadUrl(javascript:cordova.plugins.backgroundMode._isActive=true;setTimeout('cordova.plugins.backgroundMode.onactivate(null)',0);)
I/ActivityManager(  760): Start proc com.drippler.android.updates for broadcast com.drippler.android.updates/.logic.InstallReceiver: pid=22924 uid=10157 gids={50157, 9997, 3003, 1028, 1015} abi=armeabi-v7a
I/art     ( 1766): Explicit concurrent mark sweep GC freed 41898(2MB) AllocSpace objects, 2(32KB) LOS objects, 40% free, 19MB/33MB, paused 606us total 34.780ms
E/QCOM PowerHAL(  760): Failed to acquire lock.
W/InputMethodManagerService(  760): Window already focused, ignoring focus gain of: com.android.internal.view.IInputMethodClient$Stub$Proxy@a67993b attribute=null, token = android.os.BinderProxy@3fecbf39
E/QCOM PowerHAL(  760): Failed to acquire lock.
D/CordovaActivity(22551): Resumed the activity.
D/CordovaWebViewImpl(22551): >>> loadUrl(javascript:cordova.plugins.backgroundMode._isActive=false;setTimeout('cordova.plugins.backgroundMode.ondeactivate(null)',0);)
I/AppIncrementalLogger( 2489): logEvent(): Logged 128 bytes in 175 ms
I/UpdateIcingCorporaServi( 2489): Updating corpora: APPS=com.ionicframework.bushclient831942, CONTACTS=MAYBE
I/Timeline(22551): Timeline: Activity_idle id: android.os.BinderProxy@2dec0e72 time:230201677
W/System.err(22748): android.content.pm.PackageManager$NameNotFoundException: com.google.android.googlequicksearchbox:search
W/System.err(22748): 	at android.app.ApplicationPackageManager.getPackageInfo(ApplicationPackageManager.java:115)
W/System.err(22748): 	at com.cleanmaster.ui.floatwindow.b.a.a(FloatAppManager.java:745)
W/System.err(22748): 	at com.cleanmaster.ui.floatwindow.b.a.b(FloatAppManager.java:251)
W/System.err(22748): 	at com.cleanmaster.ui.floatwindow.b.a.<init>(FloatAppManager.java:136)
W/System.err(22748): 	at com.cleanmaster.ui.floatwindow.b.a.g(FloatAppManager.java:858)
W/System.err(22748): 	at com.cmcm.swiper.SwiperService.onDestroy(SwiperService.java:976)
W/System.err(22748): 	at android.app.ActivityThread.handleStopService(ActivityThread.java:2923)
W/System.err(22748): 	at android.app.ActivityThread.access$2300(ActivityThread.java:147)
W/System.err(22748): 	at android.app.ActivityThread$H.handleMessage(ActivityThread.java:1399)
W/System.err(22748): 	at android.os.Handler.dispatchMessage(Handler.java:102)
W/System.err(22748): 	at android.os.Looper.loop(Looper.java:135)
W/System.err(22748): 	at android.app.ActivityThread.main(ActivityThread.java:5254)
W/System.err(22748): 	at java.lang.reflect.Method.invoke(Native Method)
W/System.err(22748): 	at java.lang.reflect.Method.invoke(Method.java:372)
W/System.err(22748): 	at com.android.internal.os.ZygoteInit$MethodAndArgsCaller.run(ZygoteInit.java:898)
W/System.err(22748): 	at com.android.internal.os.ZygoteInit.main(ZygoteInit.java:693)
W/System.err(22748): android.content.pm.PackageManager$NameNotFoundException: com.facebook.katana:dash
W/System.err(22748): 	at android.app.ApplicationPackageManager.getPackageInfo(ApplicationPackageManager.java:115)
W/System.err(22748): 	at com.cleanmaster.ui.floatwindow.b.a.a(FloatAppManager.java:745)
W/System.err(22748): 	at com.cleanmaster.ui.floatwindow.b.a.b(FloatAppManager.java:251)
W/System.err(22748): 	at com.cleanmaster.ui.floatwindow.b.a.<init>(FloatAppManager.java:136)
W/System.err(22748): 	at com.cleanmaster.ui.floatwindow.b.a.g(FloatAppManager.java:858)
W/System.err(22748): 	at com.cmcm.swiper.SwiperService.onDestroy(SwiperService.java:976)
W/System.err(22748): 	at android.app.ActivityThread.handleStopService(ActivityThread.java:2923)
W/System.err(22748): 	at android.app.ActivityThread.access$2300(ActivityThread.java:147)
W/System.err(22748): 	at android.app.ActivityThread$H.handleMessage(ActivityThread.java:1399)
W/System.err(22748): 	at android.os.Handler.dispatchMessage(Handler.java:102)
W/System.err(22748): 	at android.os.Looper.loop(Looper.java:135)
W/System.err(22748): 	at android.app.ActivityThread.main(ActivityThread.java:5254)
W/System.err(22748): 	at java.lang.reflect.Method.invoke(Native Method)
W/System.err(22748): 	at java.lang.reflect.Method.invoke(Method.java:372)
W/System.err(22748): 	at com.android.internal.os.ZygoteInit$MethodAndArgsCaller.run(ZygoteInit.java:898)
W/System.err(22748): 	at com.android.internal.os.ZygoteInit.main(ZygoteInit.java:693)
E/bbc     (22748): consume time 1254
I/cm.log.floatpro(22748): [TB]/ (737184272)end: AppUninstScanTask Time : 230201736
I/UpdateIcingCorporaServi( 2489): UpdateCorporaTask done [took 104 ms] updated apps [took 104 ms] 
I/LoadedApk(22924): No resource references to update in package common
I/LoadedApk(22924): No resource references to update in package com.cyngn.themes.yu
