W/ActivityManager(  760): getTasks: caller 10171 does not hold GET_TASKS; limiting output
W/ActivityManager(  760): getTasks: caller 10171 does not hold GET_TASKS; limiting output
W/ActivityManager(  760): getTasks: caller 10171 does not hold GET_TASKS; limiting output
I/ActivityManager(  760): START u0 {act=com.viber.voip.action.MESSAGE_POPUP flg=0x10000000 cmp=com.viber.voip/.messages.ui.popup.PopupMessageActivity} from uid 10132 on display 0
I/ValidateNoPeople(  760): Validating: 0|com.viber.voip|-1003|message|10132
I/ValidateNoPeople(  760): final affinity: 0.5
D/WifiService(  760): acquireWifiLockLocked: WifiLock{NlpWifiLock type=2 binder=android.os.BinderProxy@2b7db7e5}
W/ActivityManager(  760): Permission Denial: Accessing service ComponentInfo{com.google.android.music/com.google.android.music.dial.DialMediaRouteProviderService} from pid=18308, uid=10116 that is not exported from uid 10066
D/WifiService(  760): releaseWifiLockLocked: WifiLock{NlpWifiLock type=2 binder=android.os.BinderProxy@2b7db7e5}
W/ActivityManager(  760): getTasks: caller 10171 does not hold GET_TASKS; limiting output
D/TaskPersister(  760): removeObsoleteFile: deleting file=357_task.xml
D/TaskPersister(  760): removeObsoleteFile: deleting file=357_task_thumbnail.png
W/ActivityManager(  760): getTasks: caller 10171 does not hold GET_TASKS; limiting output
W/ActivityManager(  760): getTasks: caller 10171 does not hold GET_TASKS; limiting output
W/ActivityManager(  760): getTasks: caller 10171 does not hold GET_TASKS; limiting output
W/ActivityManager(  760): getTasks: caller 10171 does not hold GET_TASKS; limiting output
W/ActivityManager(  760): getTasks: caller 10171 does not hold GET_TASKS; limiting output
I/ActivityManager(  760): START u0 {act=com.viber.voip.action.CONVERSATION cmp=com.viber.voip/.messages.ui.ConversationActivity (has extras)} from uid 10132 on display 0
W/ActivityManager(  760): startActivity called from non-Activity context; forcing Intent.FLAG_ACTIVITY_NEW_TASK for: Intent { act=com.viber.voip.action.CONVERSATION cmp=com.viber.voip/.messages.ui.ConversationActivity (has extras) }
W/InputMethodManagerService(  760): Window already focused, ignoring focus gain of: com.android.internal.view.IInputMethodClient$Stub$Proxy@14c0a070 attribute=null, token = android.os.BinderProxy@61bbccd
W/ActivityManager(  760): getTasks: caller 10171 does not hold GET_TASKS; limiting output
D/TaskPersister(  760): removeObsoleteFile: deleting file=368_task.xml
D/TaskPersister(  760): removeObsoleteFile: deleting file=368_task_thumbnail.png
W/ActivityManager(  760): getTasks: caller 10171 does not hold GET_TASKS; limiting output
W/ActivityManager(  760): getTasks: caller 10171 does not hold GET_TASKS; limiting output
I/ValidateNoPeople(  760): skipping global notification
W/ActivityManager(  760): getTasks: caller 10171 does not hold GET_TASKS; limiting output
W/ActivityManager(  760): getTasks: caller 10171 does not hold GET_TASKS; limiting output
W/ActivityManager(  760): getTasks: caller 10171 does not hold GET_TASKS; limiting output
D/WifiService(  760): acquireWifiLockLocked: WifiLock{NlpWifiLock type=2 binder=android.os.BinderProxy@e4826e7}
D/WifiService(  760): releaseWifiLockLocked: WifiLock{NlpWifiLock type=2 binder=android.os.BinderProxy@e4826e7}
W/ActivityManager(  760): getTasks: caller 10171 does not hold GET_TASKS; limiting output
W/ActivityManager(  760): getTasks: caller 10171 does not hold GET_TASKS; limiting output
W/ActivityManager(  760): getTasks: caller 10171 does not hold GET_TASKS; limiting output
W/ActivityManager(  760): getTasks: caller 10171 does not hold GET_TASKS; limiting output
W/ActivityManager(  760): getTasks: caller 10171 does not hold GET_TASKS; limiting output
W/ActivityManager(  760): getTasks: caller 10171 does not hold GET_TASKS; limiting output
W/ActivityManager(  760): getTasks: caller 10171 does not hold GET_TASKS; limiting output
W/ActivityManager(  760): getTasks: caller 10171 does not hold GET_TASKS; limiting output
W/ActivityManager(  760): getTasks: caller 10171 does not hold GET_TASKS; limiting output
W/ActivityManager(  760): getTasks: caller 10171 does not hold GET_TASKS; limiting output
I/ValidateNoPeople(  760): skipping global notification
W/ActivityManager(  760): getTasks: caller 10171 does not hold GET_TASKS; limiting output
W/ActivityManager(  760): getTasks: caller 10171 does not hold GET_TASKS; limiting output
D/WifiService(  760): acquireWifiLockLocked: WifiLock{NlpWifiLock type=2 binder=android.os.BinderProxy@3d09653e}
D/WifiService(  760): releaseWifiLockLocked: WifiLock{NlpWifiLock type=2 binder=android.os.BinderProxy@3d09653e}
I/ValidateNoPeople(  760): skipping global notification
W/ActivityManager(  760): getTasks: caller 10171 does not hold GET_TASKS; limiting output
W/ActivityManager(  760): getTasks: caller 10171 does not hold GET_TASKS; limiting output
W/ActivityManager(  760): getTasks: caller 10171 does not hold GET_TASKS; limiting output
W/ActivityManager(  760): getTasks: caller 10171 does not hold GET_TASKS; limiting output
W/ActivityManager(  760): getTasks: caller 10171 does not hold GET_TASKS; limiting output
W/ActivityManager(  760): getTasks: caller 10171 does not hold GET_TASKS; limiting output
W/ActivityManager(  760): getTasks: caller 10171 does not hold GET_TASKS; limiting output
W/ActivityManager(  760): getTasks: caller 10171 does not hold GET_TASKS; limiting output
I/ValidateNoPeople(  760): skipping global notification
W/ActivityManager(  760): getTasks: caller 10171 does not hold GET_TASKS; limiting output
W/ActivityManager(  760): getTasks: caller 10171 does not hold GET_TASKS; limiting output
W/ActivityManager(  760): getTasks: caller 10171 does not hold GET_TASKS; limiting output
W/InputMethodManagerService(  760): Window already focused, ignoring focus gain of: com.android.internal.view.IInputMethodClient$Stub$Proxy@359bbc74 attribute=null, token = android.os.BinderProxy@34925a65
I/ActivityManager(  760): START u0 {act=com.viber.voip.action.MESSAGES cmp=com.viber.voip/.WelcomeActivity} from uid 10132 on display 0
I/ActivityManager(  760): START u0 {act=com.viber.voip.action.MESSAGES cmp=com.viber.voip/.HomeActivity (has extras)} from uid 10132 on display 0
W/ActivityManager(  760): Duplicate finish request for ActivityRecord{3c72c59d u0 com.viber.voip/.WelcomeActivity t357 f}
W/PowerManagerService(  760): The proximity sensor took too long, wake event already triggered!
W/PowerManagerService(  760): The proximity sensor took too long, wake event already triggered!
I/ActivityManager(  760): Killing 15533:com.google.android.gms.wearable/u0a15 (adj 15): empty #17
W/libprocessgroup(  760): failed to open /acct/uid_10015/pid_15533/cgroup.procs: No such file or directory
I/ActivityManager(  760): START u0 {act=com.android.systemui.recents.SHOW_RECENTS flg=0x10804000 cmp=com.android.systemui/.recents.RecentsActivity (has extras)} from uid 10027 on display 0
I/ActivityManager(  760): Killing 17116:com.viber.voip/u0a132 (adj 16): remove task
D/WifiService(  760): releaseWifiLockLocked: WifiLock{VoipServiceWifiLock type=1 binder=android.os.BinderProxy@1cc33227}
W/libprocessgroup(  760): failed to open /acct/uid_10132/pid_17116/cgroup.procs: No such file or directory
W/ActivityManager(  760): Scheduling restart of crashed service com.viber.voip/.api.billing.InAppBillingService in 1000ms
W/ActivityManager(  760): Scheduling restart of crashed service com.viber.voip/com.viber.service.contacts.authentication.AccountAuthenticatorService in 11000ms
W/ActivityManager(  760): Scheduling restart of crashed service com.viber.voip/com.viber.service.VoipConnectorService in 21000ms
W/ActivityManager(  760): Permission Denial: Accessing service ComponentInfo{com.google.android.music/com.google.android.music.dial.DialMediaRouteProviderService} from pid=18308, uid=10116 that is not exported from uid 10066
I/ActivityManager(  760): Start proc com.viber.voip for service com.viber.voip/.api.billing.InAppBillingService: pid=18964 uid=10132 gids={50132, 9997, 3003, 1028, 1015, 3002, 3001} abi=armeabi-v7a
W/ActivityManager(  760): getTasks: caller 10171 does not hold GET_TASKS; limiting output
W/ResourcesManager(18964): Asset path '/system/framework/com.google.android.maps.jar' does not exist or contains no resources.
D/WifiService(  760): acquireWifiLockLocked: WifiLock{NlpWifiLock type=2 binder=android.os.BinderProxy@fe7f57e}
D/WifiService(  760): releaseWifiLockLocked: WifiLock{NlpWifiLock type=2 binder=android.os.BinderProxy@fe7f57e}
W/ActivityManager(  760): getTasks: caller 10171 does not hold GET_TASKS; limiting output
W/ActivityManager(  760): getTasks: caller 10171 does not hold GET_TASKS; limiting output
W/ActivityManager(  760): getTasks: caller 10171 does not hold GET_TASKS; limiting output
I/ActivityManager(  760): START u0 {act=com.android.systemui.recents.SHOW_RECENTS flg=0x10804000 cmp=com.android.systemui/.recents.RecentsActivity (has extras)} from uid 10027 on display 0
W/ActivityManager(  760): Permission Denial: Accessing service ComponentInfo{com.google.android.music/com.google.android.music.dial.DialMediaRouteProviderService} from pid=18308, uid=10116 that is not exported from uid 10066
W/ActivityManager(  760): getTasks: caller 10171 does not hold GET_TASKS; limiting output
I/ActivityManager(  760): START u0 {act=android.intent.action.MAIN cat=[android.intent.category.HOME] flg=0x10200000 cmp=com.google.android.googlequicksearchbox/com.google.android.launcher.GEL} from uid 1000 on display 0
W/ActivityManager(  760): getTasks: caller 10171 does not hold GET_TASKS; limiting output
I/ActivityManager(  760): START u0 {act=android.intent.action.MAIN cat=[android.intent.category.LAUNCHER] flg=0x10200000 cmp=com.viber.voip/.WelcomeActivity bnds=[795,920][1029,1183] (has extras)} from uid 10033 on display 0
W/ActivityManager(  760): getTasks: caller 10171 does not hold GET_TASKS; limiting output
I/ActivityManager(  760): START u0 {act=android.intent.action.MAIN cat=[android.intent.category.LAUNCHER] cmp=com.viber.voip/.HomeActivity bnds=[795,920][1029,1183] (has extras)} from uid 10132 on display 0
W/ActivityManager(  760): getTasks: caller 10132 does not hold GET_TASKS; limiting output
I/ActivityManager(  760): Start proc com.google.android.gms.wearable for service com.google.android.gms/.wearable.service.WearableService: pid=19194 uid=10015 gids={50015, 9997, 2001, 3003, 1007, 3006, 1028, 1015, 3002, 3001, 1005, 3007} abi=armeabi-v7a
D/WifiService(  760): acquireWifiLockLocked: WifiLock{VoipServiceWifiLock type=1 binder=android.os.BinderProxy@19d7534b}
W/ResourcesManager(19194): Asset path '/system/framework/com.android.media.remotedisplay.jar' does not exist or contains no resources.
W/ResourcesManager(19194): Asset path '/system/framework/com.android.location.provider.jar' does not exist or contains no resources.
I/ActivityManager(  760): START u0 {act=com.viber.voip.action.CONVERSATION cmp=com.viber.voip/.messages.ui.ConversationActivity (has extras)} from uid 10132 on display 0
D/WifiService(  760): acquireWifiLockLocked: WifiLock{NlpWifiLock type=2 binder=android.os.BinderProxy@130a8670}
D/WifiService(  760): releaseWifiLockLocked: WifiLock{NlpWifiLock type=2 binder=android.os.BinderProxy@130a8670}
W/ActivityManager(  760): getTasks: caller 10171 does not hold GET_TASKS; limiting output
W/ActivityManager(  760): getTasks: caller 10132 does not hold GET_TASKS; limiting output
I/ActivityManager(  760): Killing 17691:com.android.dialer/u0a11 (adj 15): empty #17
W/libprocessgroup(  760): failed to open /acct/uid_10011/pid_17691/cgroup.procs: No such file or directory
W/ActivityManager(  760): getTasks: caller 10171 does not hold GET_TASKS; limiting output
W/ActivityManager(  760): getTasks: caller 10171 does not hold GET_TASKS; limiting output
W/ActivityManager(  760): getTasks: caller 10171 does not hold GET_TASKS; limiting output
D/WifiService(  760): acquireWifiLockLocked: WifiLock{NlpWifiLock type=2 binder=android.os.BinderProxy@130a8670}
D/WifiService(  760): releaseWifiLockLocked: WifiLock{NlpWifiLock type=2 binder=android.os.BinderProxy@130a8670}
W/ActivityManager(  760): getTasks: caller 10171 does not hold GET_TASKS; limiting output
W/ActivityManager(  760): getTasks: caller 10171 does not hold GET_TASKS; limiting output
W/ActivityManager(  760): getTasks: caller 10171 does not hold GET_TASKS; limiting output
W/ActivityManager(  760): getTasks: caller 10171 does not hold GET_TASKS; limiting output
W/ActivityManager(  760): getTasks: caller 10171 does not hold GET_TASKS; limiting output
D/WifiService(  760): acquireWifiLockLocked: WifiLock{NlpWifiLock type=2 binder=android.os.BinderProxy@1636c30b}
W/ActivityManager(  760): getTasks: caller 10171 does not hold GET_TASKS; limiting output
D/WifiService(  760): releaseWifiLockLocked: WifiLock{NlpWifiLock type=2 binder=android.os.BinderProxy@1636c30b}
W/ActivityManager(  760): getTasks: caller 10171 does not hold GET_TASKS; limiting output
W/ActivityManager(  760): getTasks: caller 10171 does not hold GET_TASKS; limiting output
W/ActivityManager(  760): getTasks: caller 10171 does not hold GET_TASKS; limiting output
W/ActivityManager(  760): getTasks: caller 10171 does not hold GET_TASKS; limiting output
W/PowerManagerService(  760): The proximity sensor took too long, wake event already triggered!
W/PowerManagerService(  760): The proximity sensor took too long, wake event already triggered!
W/ActivityManager(  760): getTasks: caller 10171 does not hold GET_TASKS; limiting output
W/ActivityManager(  760): getTasks: caller 10132 does not hold GET_TASKS; limiting output
I/ActivityManager(  760): START u0 {act=com.viber.voip.action.CONVERSATION cmp=com.viber.voip/.messages.ui.ConversationActivity (has extras)} from uid 10132 on display 0
W/ActivityManager(  760): getTasks: caller 10132 does not hold GET_TASKS; limiting output
W/ActivityManager(  760): getTasks: caller 10171 does not hold GET_TASKS; limiting output
I/ActivityManager(  760): START u0 {act=android.intent.action.MAIN cat=[android.intent.category.HOME] flg=0x10200000 cmp=com.google.android.googlequicksearchbox/com.google.android.launcher.GEL} from uid 1000 on display 0
I/ValidateNoPeople(  760): Validating: 0|com.viber.voip|-1003|message|10132
I/ValidateNoPeople(  760): final affinity: 0.5
W/ResourcesManager( 1275): Asset path '/system/framework/com.google.android.maps.jar' does not exist or contains no resources.
W/ActivityManager(  760): getTasks: caller 10132 does not hold GET_TASKS; limiting output
W/ActivityManager(  760): getTasks: caller 10171 does not hold GET_TASKS; limiting output
I/ActivityManager(  760): START u0 {act=com.viber.voip.action.CONVERSATION cmp=com.viber.voip/.messages.ui.ConversationActivity (has extras)} from uid 10132 on display 0
W/ActivityManager(  760): startActivity called from non-Activity context; forcing Intent.FLAG_ACTIVITY_NEW_TASK for: Intent { act=com.viber.voip.action.CONVERSATION cmp=com.viber.voip/.messages.ui.ConversationActivity (has extras) }
W/InputMethodManagerService(  760): Focus gain on non-focused client com.android.internal.view.IInputMethodClient$Stub$Proxy@1d9a35d3 (uid=10033 pid=2355)
I/ValidateNoPeople(  760): skipping global notification
W/ActivityManager(  760): getTasks: caller 10171 does not hold GET_TASKS; limiting output
W/ActivityManager(  760): getTasks: caller 10171 does not hold GET_TASKS; limiting output
W/ActivityManager(  760): getTasks: caller 10171 does not hold GET_TASKS; limiting output
W/ActivityManager(  760): getTasks: caller 10171 does not hold GET_TASKS; limiting output
D/WifiService(  760): acquireWifiLockLocked: WifiLock{NlpWifiLock type=2 binder=android.os.BinderProxy@1e7f27ac}
W/ActivityManager(  760): getTasks: caller 10171 does not hold GET_TASKS; limiting output
D/WifiService(  760): releaseWifiLockLocked: WifiLock{NlpWifiLock type=2 binder=android.os.BinderProxy@1e7f27ac}
W/ActivityManager(  760): getTasks: caller 10171 does not hold GET_TASKS; limiting output
W/ActivityManager(  760): getTasks: caller 10171 does not hold GET_TASKS; limiting output
W/ActivityManager(  760): getTasks: caller 10171 does not hold GET_TASKS; limiting output
I/ValidateNoPeople(  760): skipping global notification
W/ActivityManager(  760): getTasks: caller 10171 does not hold GET_TASKS; limiting output
W/ActivityManager(  760): getTasks: caller 10171 does not hold GET_TASKS; limiting output
W/ActivityManager(  760): getTasks: caller 10171 does not hold GET_TASKS; limiting output
I/ValidateNoPeople(  760): skipping global notification
W/ActivityManager(  760): getTasks: caller 10171 does not hold GET_TASKS; limiting output
W/ActivityManager(  760): getTasks: caller 10171 does not hold GET_TASKS; limiting output
I/ValidateNoPeople(  760): skipping global notification
W/ActivityManager(  760): getTasks: caller 10171 does not hold GET_TASKS; limiting output
W/ActivityManager(  760): getTasks: caller 10171 does not hold GET_TASKS; limiting output
W/ActivityManager(  760): getTasks: caller 10171 does not hold GET_TASKS; limiting output
I/ValidateNoPeople(  760): skipping global notification
D/WifiService(  760): acquireWifiLockLocked: WifiLock{NlpWifiLock type=2 binder=android.os.BinderProxy@26e38df}
W/ActivityManager(  760): getTasks: caller 10171 does not hold GET_TASKS; limiting output
D/WifiService(  760): releaseWifiLockLocked: WifiLock{NlpWifiLock type=2 binder=android.os.BinderProxy@26e38df}
W/ActivityManager(  760): getTasks: caller 10171 does not hold GET_TASKS; limiting output
I/ActivityManager(  760): START u0 {act=com.android.systemui.recents.SHOW_RECENTS flg=0x10804000 cmp=com.android.systemui/.recents.RecentsActivity (has extras)} from uid 10027 on display 0
W/ActivityManager(  760): getTasks: caller 10171 does not hold GET_TASKS; limiting output
W/ActivityManager(  760): getTasks: caller 10132 does not hold GET_TASKS; limiting output
W/ActivityManager(  760): Permission Denial: Accessing service ComponentInfo{com.google.android.music/com.google.android.music.dial.DialMediaRouteProviderService} from pid=18308, uid=10116 that is not exported from uid 10066
W/ActivityManager(  760): getTasks: caller 10171 does not hold GET_TASKS; limiting output
I/ActivityManager(  760): START u0 {act=com.android.systemui.recents.SHOW_RECENTS flg=0x10804000 cmp=com.android.systemui/.recents.RecentsActivity (has extras)} from uid 10027 on display 0
W/InputMethodManagerService(  760): Starting input on non-focused client com.android.internal.view.IInputMethodClient$Stub$Proxy@3dab81d8 (uid=10116 pid=18308)
W/ActivityManager(  760): getTasks: caller 10171 does not hold GET_TASKS; limiting output
W/ActivityManager(  760): getTasks: caller 10171 does not hold GET_TASKS; limiting output
W/ActivityManager(  760): getTasks: caller 10171 does not hold GET_TASKS; limiting output
W/ActivityManager(  760): getTasks: caller 10171 does not hold GET_TASKS; limiting output
W/ActivityManager(  760): getTasks: caller 10171 does not hold GET_TASKS; limiting output
W/ActivityManager(  760): getTasks: caller 10171 does not hold GET_TASKS; limiting output
W/ActivityManager(  760): getTasks: caller 10171 does not hold GET_TASKS; limiting output
W/ActivityManager(  760): getTasks: caller 10171 does not hold GET_TASKS; limiting output
W/ActivityManager(  760): getTasks: caller 10171 does not hold GET_TASKS; limiting output
D/WifiService(  760): acquireWifiLockLocked: WifiLock{NlpWifiLock type=2 binder=android.os.BinderProxy@26e38df}
D/WifiService(  760): releaseWifiLockLocked: WifiLock{NlpWifiLock type=2 binder=android.os.BinderProxy@26e38df}
I/PowerManagerService(  760): Going to sleep due to power button (uid 1000)...
I/DisplayManagerService(  760): Display device changed: DisplayDeviceInfo{"Built-in Screen": 1080 x 1920, 63.0 fps, supportedRefreshRates [63.0], density 480, 403.411 x 403.041 dpi, appVsyncOff 7500000, presDeadline 11873016, touch INTERNAL, rotation 0, type BUILT_IN, state OFF, FLAG_DEFAULT_DISPLAY, FLAG_ROTATES_WITH_CONTENT, FLAG_SECURE, FLAG_SUPPORTS_PROTECTED_BUFFERS}
V/ActivityManager(  760): Display changed displayId=0
I/DreamManagerService(  760): Entering dreamland.
I/PowerManagerService(  760): Dozing...
I/DreamController(  760): Starting dream: name=ComponentInfo{com.android.systemui/com.android.systemui.doze.DozeService}, isTest=false, canDoze=true, userId=0
W/ActivityManager(  760): getTasks: caller 10132 does not hold GET_TASKS; limiting output
W/ActivityManager(  760): getTasks: caller 10119 does not hold GET_TASKS; limiting output
D/WifiService(  760): acquireWifiLockLocked: WifiLock{NlpWifiLock type=2 binder=android.os.BinderProxy@37f4284e}
D/WifiService(  760): releaseWifiLockLocked: WifiLock{NlpWifiLock type=2 binder=android.os.BinderProxy@37f4284e}
D/WifiService(  760): acquireWifiLockLocked: WifiLock{NlpWifiLock type=2 binder=android.os.BinderProxy@236e7b5a}
D/WifiService(  760): acquireWifiLockLocked: WifiLock{NlpWifiLock type=2 binder=android.os.BinderProxy@37f4284e}
D/WifiService(  760): releaseWifiLockLocked: WifiLock{NlpWifiLock type=2 binder=android.os.BinderProxy@37f4284e}
D/WifiService(  760): releaseWifiLockLocked: WifiLock{NlpWifiLock type=2 binder=android.os.BinderProxy@236e7b5a}
D/WifiService(  760): acquireWifiLockLocked: WifiLock{NlpWifiLock type=2 binder=android.os.BinderProxy@37f4284e}
D/WifiService(  760): releaseWifiLockLocked: WifiLock{NlpWifiLock type=2 binder=android.os.BinderProxy@37f4284e}
D/WifiService(  760): acquireWifiLockLocked: WifiLock{NlpWifiLock type=2 binder=android.os.BinderProxy@37f4284e}
D/WifiService(  760): releaseWifiLockLocked: WifiLock{NlpWifiLock type=2 binder=android.os.BinderProxy@37f4284e}
D/WifiService(  760): acquireWifiLockLocked: WifiLock{NlpWifiLock type=2 binder=android.os.BinderProxy@37f4284e}
I/ActivityManager(  760): Start proc com.android.providers.calendar for content provider com.android.providers.calendar/.CalendarProvider2: pid=19570 uid=10005 gids={50005, 9997, 3003, 1028, 1015} abi=armeabi-v7a
W/ResourcesManager(19570): Asset path '/system/framework/android.test.runner.jar' does not exist or contains no resources.
D/WifiService(  760): releaseWifiLockLocked: WifiLock{NlpWifiLock type=2 binder=android.os.BinderProxy@37f4284e}
I/ActivityManager(  760): Start proc com.cyanogenmod.lockclock for broadcast com.cyanogenmod.lockclock/.ClockWidgetProvider: pid=19592 uid=10064 gids={50064, 9997, 3003} abi=armeabi-v7a
I/ActivityManager(  760): Start proc com.google.android.calendar for broadcast com.google.android.calendar/com.android.calendar.alerts.AlertReceiver: pid=19611 uid=10043 gids={50043, 9997, 3003, 1028, 1015} abi=armeabi-v7a
I/ActivityManager(  760): Killing 17431:org.videolan.vlc.betav7neon/u0a94 (adj 15): empty #17
W/libprocessgroup(  760): failed to open /acct/uid_10094/pid_17431/cgroup.procs: No such file or directory
I/ActivityManager(  760): Killing 15453:com.anydo/u0a143 (adj 15): empty #17
W/libprocessgroup(  760): failed to open /acct/uid_10143/pid_15453/cgroup.procs: No such file or directory
W/ActivityManager(  760): Permission Denial: Accessing service ComponentInfo{com.google.android.music/com.google.android.music.dial.DialMediaRouteProviderService} from pid=2489, uid=10033 that is not exported from uid 10066
D/WifiService(  760): acquireWifiLockLocked: WifiLock{NlpWifiLock type=2 binder=android.os.BinderProxy@37f4284e}
D/WifiService(  760): releaseWifiLockLocked: WifiLock{NlpWifiLock type=2 binder=android.os.BinderProxy@37f4284e}
D/WifiService(  760): acquireWifiLockLocked: WifiLock{NlpWifiLock type=2 binder=android.os.BinderProxy@37f4284e}
D/WifiService(  760): releaseWifiLockLocked: WifiLock{NlpWifiLock type=2 binder=android.os.BinderProxy@37f4284e}
I/PowerManagerService(  760): Waking up from dozing (uid 1000)...
I/DreamManagerService(  760): Gently waking up from dream.
I/DreamManagerService(  760): Leaving dreamland.
I/DisplayPowerController(  760): Blocking screen on until initial contents have been drawn.
I/DreamController(  760): Stopping dream: name=ComponentInfo{com.android.systemui/com.android.systemui.doze.DozeService}, isTest=false, canDoze=true, userId=0
I/DisplayManagerService(  760): Display device changed: DisplayDeviceInfo{"Built-in Screen": 1080 x 1920, 63.0 fps, supportedRefreshRates [63.0], density 480, 403.411 x 403.041 dpi, appVsyncOff 7500000, presDeadline 11873016, touch INTERNAL, rotation 0, type BUILT_IN, state ON, FLAG_DEFAULT_DISPLAY, FLAG_ROTATES_WITH_CONTENT, FLAG_SECURE, FLAG_SUPPORTS_PROTECTED_BUFFERS}
V/ActivityManager(  760): Display changed displayId=0
I/ActivityManager(  760): Start proc com.anydo for service com.anydo/.service.MeetingEndedService: pid=19716 uid=10143 gids={50143, 9997, 3003, 1028, 1015} abi=armeabi-v7a
W/ActivityManager(  760): getTasks: caller 10171 does not hold GET_TASKS; limiting output
I/DisplayPowerController(  760): Unblocked screen on after 290 ms
W/ActivityManager(  760): getTasks: caller 10171 does not hold GET_TASKS; limiting output
W/ActivityManager(  760): getTasks: caller 10171 does not hold GET_TASKS; limiting output
E/WindowAnimator(  760): Timeout waiting for animation to startup
D/WifiService(  760): acquireWifiLockLocked: WifiLock{NlpWifiLock type=2 binder=android.os.BinderProxy@37f4284e}
W/InputMethodManagerService(  760): Window already focused, ignoring focus gain of: com.android.internal.view.IInputMethodClient$Stub$Proxy@e7253d7 attribute=android.view.inputmethod.EditorInfo@2b8364c4, token = android.os.BinderProxy@1d642330
I/ActivityManager(  760): Start proc com.estrongs.android.pop for broadcast com.estrongs.android.pop/.app.StartServiceReceiver: pid=19786 uid=10129 gids={50129, 9997, 3003, 3002, 3001, 1028, 1015} abi=armeabi
D/WifiService(  760): New client listening to asynchronous messages
D/WifiService(  760): releaseWifiLockLocked: WifiLock{NlpWifiLock type=2 binder=android.os.BinderProxy@37f4284e}
I/ActivityManager(  760): Start proc com.urbandroid.sleep for broadcast com.urbandroid.sleep/.appwidget.DroidWidget: pid=19816 uid=10103 gids={50103, 9997, 3002, 3001, 1028, 1015, 3003} abi=armeabi
I/ActivityManager(  760): Killing 17592:com.twitter.android/u0a135 (adj 15): empty #17
W/libprocessgroup(  760): failed to open /acct/uid_10135/pid_17592/cgroup.procs: No such file or directory
I/ActivityManager(  760): Start proc com.instagram.android for broadcast com.instagram.android/com.instagram.push.fbns.UserPresentBroadcastReceiver: pid=19836 uid=10160 gids={50160, 9997, 3003, 1028, 1015} abi=armeabi-v7a
I/ActivityManager(  760): Killing 17370:com.google.android.talk/u0a58 (adj 15): empty #17
W/libprocessgroup(  760): failed to open /acct/uid_10058/pid_17370/cgroup.procs: No such file or directory
W/ResourcesManager(19836): Asset path '/system/framework/com.google.android.maps.jar' does not exist or contains no resources.
I/ActivityManager(  760): Start proc com.google.android.apps.fitness for broadcast com.google.android.apps.fitness/.widget.TodayStatusWidgetProvider: pid=19873 uid=10105 gids={50105, 9997, 3003, 1028, 1015, 3002, 3001} abi=armeabi-v7a
I/ActivityManager(  760): Killing 17449:com.ifttt.ifttt/u0a148 (adj 15): empty #17
I/ActivityManager(  760): Killing 17390:android.process.media/u0a12 (adj 15): empty #17
W/libprocessgroup(  760): failed to open /acct/uid_10012/pid_17390/cgroup.procs: No such file or directory
W/libprocessgroup(  760): failed to open /acct/uid_10148/pid_17449/cgroup.procs: No such file or directory
W/ActivityManager(  760): getTasks: caller 10171 does not hold GET_TASKS; limiting output
I/ActivityManager(  760): Killing 17890:com.google.android.apps.plus/u0a77 (adj 15): empty #17
W/libprocessgroup(  760): failed to open /acct/uid_10077/pid_17890/cgroup.procs: No such file or directory
W/ActivityManager(  760): getTasks: caller 10171 does not hold GET_TASKS; limiting output
I/ValidateNoPeople(  760): skipping global notification
W/ActivityManager(  760): getTasks: caller 10171 does not hold GET_TASKS; limiting output
W/ActivityManager(  760): getTasks: caller 10171 does not hold GET_TASKS; limiting output
D/WifiService(  760): acquireWifiLockLocked: WifiLock{NlpWifiLock type=2 binder=android.os.BinderProxy@c874ea7}
D/WifiService(  760): releaseWifiLockLocked: WifiLock{NlpWifiLock type=2 binder=android.os.BinderProxy@c874ea7}
W/ActivityManager(  760): getTasks: caller 10171 does not hold GET_TASKS; limiting output
W/ActivityManager(  760): getTasks: caller 10171 does not hold GET_TASKS; limiting output
W/ActivityManager(  760): getTasks: caller 10171 does not hold GET_TASKS; limiting output
W/ActivityManager(  760): getTasks: caller 10171 does not hold GET_TASKS; limiting output
W/ActivityManager(  760): getTasks: caller 10171 does not hold GET_TASKS; limiting output
W/ActivityManager(  760): getTasks: caller 10171 does not hold GET_TASKS; limiting output
W/ActivityManager(  760): getTasks: caller 10171 does not hold GET_TASKS; limiting output
I/PowerManagerService(  760): Going to sleep due to screen timeout (uid 1000)...
I/DisplayManagerService(  760): Display device changed: DisplayDeviceInfo{"Built-in Screen": 1080 x 1920, 63.0 fps, supportedRefreshRates [63.0], density 480, 403.411 x 403.041 dpi, appVsyncOff 7500000, presDeadline 11873016, touch INTERNAL, rotation 0, type BUILT_IN, state OFF, FLAG_DEFAULT_DISPLAY, FLAG_ROTATES_WITH_CONTENT, FLAG_SECURE, FLAG_SUPPORTS_PROTECTED_BUFFERS}
V/ActivityManager(  760): Display changed displayId=0
I/DreamManagerService(  760): Entering dreamland.
I/PowerManagerService(  760): Dozing...
I/DreamController(  760): Starting dream: name=ComponentInfo{com.android.systemui/com.android.systemui.doze.DozeService}, isTest=false, canDoze=true, userId=0
W/ActivityManager(  760): getTasks: caller 10119 does not hold GET_TASKS; limiting output
W/ActivityManager(  760): getTasks: caller 10132 does not hold GET_TASKS; limiting output
D/WifiService(  760): acquireWifiLockLocked: WifiLock{NlpWifiLock type=2 binder=android.os.BinderProxy@c874ea7}
D/WifiService(  760): releaseWifiLockLocked: WifiLock{NlpWifiLock type=2 binder=android.os.BinderProxy@c874ea7}
I/PowerManagerService(  760): Waking up from dozing (uid 1000)...
I/DisplayPowerController(  760): Blocking screen on until initial contents have been drawn.
I/DisplayManagerService(  760): Display device changed: DisplayDeviceInfo{"Built-in Screen": 1080 x 1920, 63.0 fps, supportedRefreshRates [63.0], density 480, 403.411 x 403.041 dpi, appVsyncOff 7500000, presDeadline 11873016, touch INTERNAL, rotation 0, type BUILT_IN, state ON, FLAG_DEFAULT_DISPLAY, FLAG_ROTATES_WITH_CONTENT, FLAG_SECURE, FLAG_SUPPORTS_PROTECTED_BUFFERS}
V/ActivityManager(  760): Display changed displayId=0
I/DisplayPowerController(  760): Unblocked screen on after 130 ms
W/ActivityManager(  760): getTasks: caller 10171 does not hold GET_TASKS; limiting output
I/DreamManagerService(  760): Gently waking up from dream.
I/DreamManagerService(  760): Leaving dreamland.
I/DreamController(  760): Stopping dream: name=ComponentInfo{com.android.systemui/com.android.systemui.doze.DozeService}, isTest=false, canDoze=true, userId=0
W/ActivityManager(  760): getTasks: caller 10171 does not hold GET_TASKS; limiting output
W/ActivityManager(  760): getTasks: caller 10171 does not hold GET_TASKS; limiting output
E/WindowAnimator(  760): Timeout waiting for animation to startup
W/InputMethodManagerService(  760): Window already focused, ignoring focus gain of: com.android.internal.view.IInputMethodClient$Stub$Proxy@22eea568 attribute=android.view.inputmethod.EditorInfo@2c724d81, token = android.os.BinderProxy@1d642330
I/ActivityManager(  760): START u0 {act=com.viber.voip.action.MESSAGES cmp=com.viber.voip/.WelcomeActivity} from uid 10132 on display 0
I/ActivityManager(  760): START u0 {act=com.viber.voip.action.MESSAGES cmp=com.viber.voip/.HomeActivity (has extras)} from uid 10132 on display 0
W/ActivityManager(  760): Duplicate finish request for ActivityRecord{1eff7a67 u0 com.viber.voip/.WelcomeActivity t369 f}
I/ActivityManager(  760): Killing 18203:com.facebook.katana/u0a179 (adj 15): empty #17
D/WifiService(  760): Client connection lost with reason: 4
W/libprocessgroup(  760): failed to open /acct/uid_10179/pid_18203/cgroup.procs: No such file or directory
W/ActivityManager(  760): getTasks: caller 10132 does not hold GET_TASKS; limiting output
W/ActivityManager(  760): getTasks: caller 10171 does not hold GET_TASKS; limiting output
I/ActivityManager(  760): START u0 {act=com.viber.voip.action.CONVERSATION cmp=com.viber.voip/.messages.ui.ConversationActivity (has extras)} from uid 10132 on display 0
D/WifiService(  760): acquireWifiLockLocked: WifiLock{NlpWifiLock type=2 binder=android.os.BinderProxy@1f4619dc}
D/WifiService(  760): releaseWifiLockLocked: WifiLock{NlpWifiLock type=2 binder=android.os.BinderProxy@1f4619dc}
W/ActivityManager(  760): getTasks: caller 10132 does not hold GET_TASKS; limiting output
I/ActivityManager(  760): START u0 {act=com.android.systemui.recents.SHOW_RECENTS flg=0x10804000 cmp=com.android.systemui/.recents.RecentsActivity (has extras)} from uid 10027 on display 0
D/TaskPersister(  760): removeObsoleteFile: deleting file=369_task.xml
D/TaskPersister(  760): removeObsoleteFile: deleting file=369_task_thumbnail.png
I/ActivityManager(  760): Killing 18964:com.viber.voip/u0a132 (adj 16): remove task
D/WifiService(  760): releaseWifiLockLocked: WifiLock{VoipServiceWifiLock type=1 binder=android.os.BinderProxy@19d7534b}
W/libprocessgroup(  760): failed to open /acct/uid_10132/pid_18964/cgroup.procs: No such file or directory
W/ActivityManager(  760): Scheduling restart of crashed service com.viber.voip/.api.billing.InAppBillingService in 1000ms
W/ActivityManager(  760): Scheduling restart of crashed service com.viber.voip/com.viber.service.contacts.authentication.AccountAuthenticatorService in 10999ms
W/ActivityManager(  760): Scheduling restart of crashed service com.viber.voip/com.viber.service.VoipConnectorService in 20999ms
W/ActivityManager(  760): Permission Denial: Accessing service ComponentInfo{com.google.android.music/com.google.android.music.dial.DialMediaRouteProviderService} from pid=18308, uid=10116 that is not exported from uid 10066
W/ActivityManager(  760): getTasks: caller 10171 does not hold GET_TASKS; limiting output
I/ActivityManager(  760): Start proc com.viber.voip for service com.viber.voip/.api.billing.InAppBillingService: pid=20030 uid=10132 gids={50132, 9997, 3003, 1028, 1015, 3002, 3001} abi=armeabi-v7a
W/ResourcesManager(20030): Asset path '/system/framework/com.google.android.maps.jar' does not exist or contains no resources.
W/ActivityManager(  760): getTasks: caller 10171 does not hold GET_TASKS; limiting output
W/ActivityManager(  760): getTasks: caller 10171 does not hold GET_TASKS; limiting output
W/ActivityManager(  760): getTasks: caller 10171 does not hold GET_TASKS; limiting output
W/ActivityManager(  760): getTasks: caller 10171 does not hold GET_TASKS; limiting output
I/ActivityManager(  760): Start proc mobi.mgeek.TunnyBrowser:DolphinNotification for service mobi.mgeek.TunnyBrowser/com.dolphin.browser.message.C2DMService: pid=20088 uid=10112 gids={50112, 9997, 3003, 1028, 1015} abi=armeabi
W/ActivityThread(20088): ClassLoader.loadClass: The class loader returned by Thread.getContextClassLoader() may fail for processes that host multiple applications. You should explicitly specify a context class loader. For example: Thread.setContextClassLoader(getClass().getClassLoader());
I/ActivityManager(  760): Process mobi.mgeek.TunnyBrowser:DolphinNotification (pid 20088) has died
W/ActivityManager(  760): getTasks: caller 10171 does not hold GET_TASKS; limiting output
W/ActivityManager(  760): getTasks: caller 10171 does not hold GET_TASKS; limiting output
W/ActivityManager(  760): getTasks: caller 10171 does not hold GET_TASKS; limiting output
W/ActivityManager(  760): getTasks: caller 10171 does not hold GET_TASKS; limiting output
W/ActivityManager(  760): getTasks: caller 10171 does not hold GET_TASKS; limiting output
W/ActivityManager(  760): getTasks: caller 10171 does not hold GET_TASKS; limiting output
W/ActivityManager(  760): getTasks: caller 10171 does not hold GET_TASKS; limiting output
D/WifiService(  760): acquireWifiLockLocked: WifiLock{NlpWifiLock type=2 binder=android.os.BinderProxy@1f4619dc}
D/WifiService(  760): releaseWifiLockLocked: WifiLock{NlpWifiLock type=2 binder=android.os.BinderProxy@1f4619dc}
W/ActivityManager(  760): getTasks: caller 10171 does not hold GET_TASKS; limiting output
W/ActivityManager(  760): getTasks: caller 10171 does not hold GET_TASKS; limiting output
W/ActivityManager(  760): getTasks: caller 10171 does not hold GET_TASKS; limiting output
W/ActivityManager(  760): getTasks: caller 10171 does not hold GET_TASKS; limiting output
W/ActivityManager(  760): getTasks: caller 10171 does not hold GET_TASKS; limiting output
W/ActivityManager(  760): getTasks: caller 10171 does not hold GET_TASKS; limiting output
W/ActivityManager(  760): getTasks: caller 10171 does not hold GET_TASKS; limiting output
I/PowerManagerService(  760): Going to sleep due to screen timeout (uid 1000)...
I/DisplayManagerService(  760): Display device changed: DisplayDeviceInfo{"Built-in Screen": 1080 x 1920, 63.0 fps, supportedRefreshRates [63.0], density 480, 403.411 x 403.041 dpi, appVsyncOff 7500000, presDeadline 11873016, touch INTERNAL, rotation 0, type BUILT_IN, state OFF, FLAG_DEFAULT_DISPLAY, FLAG_ROTATES_WITH_CONTENT, FLAG_SECURE, FLAG_SUPPORTS_PROTECTED_BUFFERS}
V/ActivityManager(  760): Display changed displayId=0
I/DreamManagerService(  760): Entering dreamland.
I/PowerManagerService(  760): Dozing...
I/DreamController(  760): Starting dream: name=ComponentInfo{com.android.systemui/com.android.systemui.doze.DozeService}, isTest=false, canDoze=true, userId=0
W/ActivityManager(  760): getTasks: caller 10119 does not hold GET_TASKS; limiting output
W/ActivityManager(  760): SLOW OOM ADJ: 274ms for pid 6761 = 13
D/WifiService(  760): acquireWifiLockLocked: WifiLock{NlpWifiLock type=2 binder=android.os.BinderProxy@1f4619dc}
D/WifiService(  760): releaseWifiLockLocked: WifiLock{NlpWifiLock type=2 binder=android.os.BinderProxy@1f4619dc}
I/DisplayPowerController(  760): Blocking screen on until initial contents have been drawn.
I/DisplayManagerService(  760): Display device changed: DisplayDeviceInfo{"Built-in Screen": 1080 x 1920, 63.0 fps, supportedRefreshRates [63.0], density 480, 403.411 x 403.041 dpi, appVsyncOff 7500000, presDeadline 11873016, touch INTERNAL, rotation 0, type BUILT_IN, state DOZE, FLAG_DEFAULT_DISPLAY, FLAG_ROTATES_WITH_CONTENT, FLAG_SECURE, FLAG_SUPPORTS_PROTECTED_BUFFERS}
V/ActivityManager(  760): Display changed displayId=0
I/DisplayPowerController(  760): Unblocked screen on after 103 ms
I/DisplayManagerService(  760): Display device changed: DisplayDeviceInfo{"Built-in Screen": 1080 x 1920, 63.0 fps, supportedRefreshRates [63.0], density 480, 403.411 x 403.041 dpi, appVsyncOff 7500000, presDeadline 11873016, touch INTERNAL, rotation 0, type BUILT_IN, state OFF, FLAG_DEFAULT_DISPLAY, FLAG_ROTATES_WITH_CONTENT, FLAG_SECURE, FLAG_SUPPORTS_PROTECTED_BUFFERS}
V/ActivityManager(  760): Display changed displayId=0
D/WifiService(  760): acquireWifiLockLocked: WifiLock{NlpWifiLock type=2 binder=android.os.BinderProxy@1f4619dc}
D/WifiService(  760): releaseWifiLockLocked: WifiLock{NlpWifiLock type=2 binder=android.os.BinderProxy@1f4619dc}
D/WifiService(  760): acquireWifiLockLocked: WifiLock{NlpWifiLock type=2 binder=android.os.BinderProxy@1f4619dc}
D/WifiService(  760): releaseWifiLockLocked: WifiLock{NlpWifiLock type=2 binder=android.os.BinderProxy@1f4619dc}
D/WifiService(  760): acquireWifiLockLocked: WifiLock{NlpWifiLock type=2 binder=android.os.BinderProxy@181b938e}
D/WifiService(  760): acquireWifiLockLocked: WifiLock{NlpWifiLock type=2 binder=android.os.BinderProxy@1f4619dc}
D/WifiService(  760): releaseWifiLockLocked: WifiLock{NlpWifiLock type=2 binder=android.os.BinderProxy@1f4619dc}
D/WifiService(  760): acquireWifiLockLocked: WifiLock{NlpWifiLock type=2 binder=android.os.BinderProxy@1f4619dc}
D/WifiService(  760): releaseWifiLockLocked: WifiLock{NlpWifiLock type=2 binder=android.os.BinderProxy@1f4619dc}
D/WifiService(  760): releaseWifiLockLocked: WifiLock{NlpWifiLock type=2 binder=android.os.BinderProxy@181b938e}
D/WifiService(  760): acquireWifiLockLocked: WifiLock{NlpWifiLock type=2 binder=android.os.BinderProxy@1f4619dc}
D/WifiService(  760): releaseWifiLockLocked: WifiLock{NlpWifiLock type=2 binder=android.os.BinderProxy@1f4619dc}
D/WifiService(  760): acquireWifiLockLocked: WifiLock{NlpWifiLock type=2 binder=android.os.BinderProxy@1f4619dc}
D/WifiService(  760): releaseWifiLockLocked: WifiLock{NlpWifiLock type=2 binder=android.os.BinderProxy@1f4619dc}
D/WifiService(  760): acquireWifiLockLocked: WifiLock{NlpWifiLock type=2 binder=android.os.BinderProxy@1f4619dc}
D/WifiService(  760): releaseWifiLockLocked: WifiLock{NlpWifiLock type=2 binder=android.os.BinderProxy@1f4619dc}
W/ProcessCpuTracker(  760): Skipping unknown process pid 20250
D/WifiService(  760): acquireWifiLockLocked: WifiLock{NlpWifiLock type=2 binder=android.os.BinderProxy@1f4619dc}
D/WifiService(  760): releaseWifiLockLocked: WifiLock{NlpWifiLock type=2 binder=android.os.BinderProxy@1f4619dc}
W/ResourcesManager( 1391): Asset path '/system/framework/com.google.android.media.effects.jar' does not exist or contains no resources.
W/ResourcesManager(13881): Asset path '/system/framework/com.google.android.media.effects.jar' does not exist or contains no resources.
I/ActivityManager(  760): Start proc com.twitter.android for broadcast com.twitter.android/.client.SmsReceiver: pid=20276 uid=10135 gids={50135, 9997, 3003, 1028, 1015} abi=armeabi-v7a
W/ActivityManager(  760): getTasks: caller 10122 does not hold GET_TASKS; limiting output
I/ActivityManager(  760): Start proc android.process.media for content provider com.android.providers.media/.MediaProvider: pid=20309 uid=10012 gids={50012, 9997, 2001, 3003, 1028, 1015, 3007, 1023, 1024} abi=armeabi-v7a
W/ActivityManager(  760): Unable to start service Intent { act=com.twitter.intent.action.GET_OEM cmp=com.twitter.twitteroemhelper/.OemHelperService } U=0: not found
I/ActivityManager(  760): Start proc com.ifttt.ifttt for broadcast com.ifttt.ifttt/.messaging.MessagingBroadcastReceiver: pid=20339 uid=10148 gids={50148, 9997, 3003, 1028, 1015} abi=armeabi-v7a
I/ActivityManager(  760): Killing 18427:org.mozilla.firefox.UpdateService/u0a116 (adj 15): empty #17
D/WifiService(  760): Client connection lost with reason: 4
W/libprocessgroup(  760): failed to open /acct/uid_10116/pid_18427/cgroup.procs: No such file or directory
W/ActivityManager(  760): getTasks: caller 10122 does not hold GET_TASKS; limiting output
I/ActivityManager(  760): START u0 {flg=0x10800000 cmp=com.jb.gosms/.smspopup.SmsPopupActivity (has extras)} from uid 10122 on display 0
I/PowerManagerService(  760): Waking up from dozing (uid 10122)...
E/NotificationService(  760): Not posting notification with icon==0: Notification(pri=2 contentView=null vibrate=null sound=null defaults=0x0 flags=0x0 color=0x00000000 groupKey=group_key_new_message vis=PRIVATE)
E/NotificationService(  760): WARNING: In a future release this will crash the app: com.jb.gosms
V/ActivityManager(  760): Display changed displayId=0
I/DisplayPowerController(  760): Blocking screen on until initial contents have been drawn.
I/DisplayManagerService(  760): Display device changed: DisplayDeviceInfo{"Built-in Screen": 1080 x 1920, 63.0 fps, supportedRefreshRates [63.0], density 480, 403.411 x 403.041 dpi, appVsyncOff 7500000, presDeadline 11873016, touch INTERNAL, rotation 0, type BUILT_IN, state ON, FLAG_DEFAULT_DISPLAY, FLAG_ROTATES_WITH_CONTENT, FLAG_SECURE, FLAG_SUPPORTS_PROTECTED_BUFFERS}
V/ActivityManager(  760): Display changed displayId=0
W/ActivityManager(  760): getTasks: caller 10171 does not hold GET_TASKS; limiting output
I/DisplayPowerController(  760): Unblocked screen on after 194 ms
I/DreamManagerService(  760): Gently waking up from dream.
I/DreamManagerService(  760): Leaving dreamland.
I/DreamController(  760): Stopping dream: name=ComponentInfo{com.android.systemui/com.android.systemui.doze.DozeService}, isTest=false, canDoze=true, userId=0
W/ActivityManager(  760): Unable to start service Intent { act=com.urbanairship.richpush.USER_UPDATE cmp=com.ifttt.ifttt/com.urbanairship.richpush.RichPushUpdateService (has extras) } U=0: not found
W/ActivityManager(  760): getTasks: caller 10171 does not hold GET_TASKS; limiting output
W/ResourcesManager( 1929): Asset path '/system/framework/android.test.runner.jar' does not exist or contains no resources.
I/ActivityManager(  760): Killing 19194:com.google.android.gms.wearable/u0a15 (adj 15): empty #17
W/libprocessgroup(  760): failed to open /acct/uid_10015/pid_19194/cgroup.procs: No such file or directory
D/WifiService(  760): acquireWifiLockLocked: WifiLock{NlpWifiLock type=2 binder=android.os.BinderProxy@35e1d058}
I/ActivityManager(  760): Killing 19592:com.cyanogenmod.lockclock/u0a64 (adj 15): empty #17
W/libprocessgroup(  760): failed to open /acct/uid_10064/pid_19592/cgroup.procs: No such file or directory
W/ActivityManager(  760): Unable to start service Intent { act=com.urbanairship.location.ACTION_CHECK_LOCATION_UPDATES cmp=com.ifttt.ifttt/com.urbanairship.location.LocationService (has extras) } U=0: not found
W/ActivityManager(  760): getTasks: caller 10132 does not hold GET_TASKS; limiting output
I/ActivityManager(  760): Start proc com.google.android.gms.wearable for service com.google.android.gms/.wearable.service.WearableService: pid=20529 uid=10015 gids={50015, 9997, 2001, 3003, 1007, 3006, 1028, 1015, 3002, 3001, 1005, 3007} abi=armeabi-v7a
D/WifiService(  760): acquireWifiLockLocked: WifiLock{VoipServiceWifiLock type=1 binder=android.os.BinderProxy@1a96591b}
W/ResourcesManager(20529): Asset path '/system/framework/com.android.media.remotedisplay.jar' does not exist or contains no resources.
W/ResourcesManager(20529): Asset path '/system/framework/com.android.location.provider.jar' does not exist or contains no resources.
D/WifiService(  760): releaseWifiLockLocked: WifiLock{NlpWifiLock type=2 binder=android.os.BinderProxy@35e1d058}
E/WindowAnimator(  760): Timeout waiting for animation to startup
V/ActivityManager(  760): Display changed displayId=0
W/ActivityManager(  760): getTasks: caller 10171 does not hold GET_TASKS; limiting output
W/ActivityManager(  760): Permission Denial: Accessing service ComponentInfo{com.google.android.music/com.google.android.music.dial.DialMediaRouteProviderService} from pid=18308, uid=10116 that is not exported from uid 10066
I/ActivityManager(  760): START u0 {act=android.intent.action.MAIN cat=[android.intent.category.HOME] flg=0x10200000 cmp=com.google.android.googlequicksearchbox/com.google.android.launcher.GEL} from uid 1000 on display 0
I/ActivityManager(  760): START u0 {act=com.android.systemui.recents.SHOW_RECENTS flg=0x10804000 cmp=com.android.systemui/.recents.RecentsActivity (has extras)} from uid 10027 on display 0
I/ActivityManager(  760): Killing 19570:com.android.providers.calendar/u0a5 (adj 15): empty #17
W/libprocessgroup(  760): failed to open /acct/uid_10005/pid_19570/cgroup.procs: No such file or directory
W/InputMethodManagerService(  760): Focus gain on non-focused client com.android.internal.view.IInputMethodClient$Stub$Proxy@3dab81d8 (uid=10116 pid=18308)
I/ActivityManager(  760): Activity reported stop, but no longer stopping: ActivityRecord{e170241 u0 org.mozilla.firefox/.App t367}
W/ActivityManager(  760): Permission Denial: Accessing service ComponentInfo{com.google.android.music/com.google.android.music.dial.DialMediaRouteProviderService} from pid=18308, uid=10116 that is not exported from uid 10066
D/TaskPersister(  760): removeObsoleteFile: deleting file=370_task_thumbnail.png
W/ActivityManager(  760): getTasks: caller 10171 does not hold GET_TASKS; limiting output
W/ActivityManager(  760): getTasks: caller 10171 does not hold GET_TASKS; limiting output
I/ProcessStatsService(  760): Prepared write state in 15ms
W/ActivityManager(  760): getTasks: caller 10171 does not hold GET_TASKS; limiting output
W/ActivityManager(  760): getTasks: caller 10171 does not hold GET_TASKS; limiting output
W/ActivityManager(  760): getTasks: caller 10171 does not hold GET_TASKS; limiting output
I/PowerManagerService(  760): Going to sleep due to power button (uid 1000)...
I/DisplayManagerService(  760): Display device changed: DisplayDeviceInfo{"Built-in Screen": 1080 x 1920, 63.0 fps, supportedRefreshRates [63.0], density 480, 403.411 x 403.041 dpi, appVsyncOff 7500000, presDeadline 11873016, touch INTERNAL, rotation 0, type BUILT_IN, state OFF, FLAG_DEFAULT_DISPLAY, FLAG_ROTATES_WITH_CONTENT, FLAG_SECURE, FLAG_SUPPORTS_PROTECTED_BUFFERS}
V/ActivityManager(  760): Display changed displayId=0
I/DreamManagerService(  760): Entering dreamland.
I/DreamController(  760): Starting dream: name=ComponentInfo{com.android.systemui/com.android.systemui.doze.DozeService}, isTest=false, canDoze=true, userId=0
I/PowerManagerService(  760): Dozing...
W/ActivityManager(  760): getTasks: caller 10119 does not hold GET_TASKS; limiting output
D/WifiService(  760): acquireWifiLockLocked: WifiLock{NlpWifiLock type=2 binder=android.os.BinderProxy@355d91d1}
D/WifiService(  760): releaseWifiLockLocked: WifiLock{NlpWifiLock type=2 binder=android.os.BinderProxy@355d91d1}
D/WifiService(  760): acquireWifiLockLocked: WifiLock{NlpWifiLock type=2 binder=android.os.BinderProxy@355d91d1}
D/WifiService(  760): releaseWifiLockLocked: WifiLock{NlpWifiLock type=2 binder=android.os.BinderProxy@355d91d1}
D/WifiService(  760): acquireWifiLockLocked: WifiLock{NlpWifiLock type=2 binder=android.os.BinderProxy@355d91d1}
D/WifiService(  760): releaseWifiLockLocked: WifiLock{NlpWifiLock type=2 binder=android.os.BinderProxy@355d91d1}
